#! /c/Source/iverilog-install/bin/vvp
:ivl_version "12.0 (devel)" "(s20150603-1539-g2693dd32b)";
:ivl_delay_selection "TYPICAL";
:vpi_time_precision - 12;
:vpi_module "C:\iverilog\lib\ivl\system.vpi";
:vpi_module "C:\iverilog\lib\ivl\vhdl_sys.vpi";
:vpi_module "C:\iverilog\lib\ivl\vhdl_textio.vpi";
:vpi_module "C:\iverilog\lib\ivl\v2005_math.vpi";
:vpi_module "C:\iverilog\lib\ivl\va_math.vpi";
:vpi_module "C:\iverilog\lib\ivl\v2009.vpi";
S_0000024f98aebe40 .scope package, "$unit" "$unit" 2 1;
 .timescale 0 0;
S_0000024f98b2ae10 .scope module, "tb_apb_spi_slave_unit" "tb_apb_spi_slave_unit" 3 4;
 .timescale -9 -12;
v0000024f98bb5a10_0 .net "PREADY", 0 0, L_0000024f98bb5ab0;  1 drivers
v0000024f98bb5830_0 .var "SPI_PADDR", 31 0;
v0000024f98bb4d90_0 .var "SPI_PENABLE", 0 0;
v0000024f98bb5b50_0 .net "SPI_PRDATA", 31 0, v0000024f98b2dc60_0;  1 drivers
v0000024f98bb49d0_0 .var "SPI_PSEL", 0 0;
v0000024f98bb62d0_0 .var "SPI_PWDATA", 31 0;
v0000024f98bb4cf0_0 .var "SPI_PWRITE", 0 0;
v0000024f98bb5d30_0 .var "clk", 0 0;
v0000024f98bb6370_0 .var "presetn", 0 0;
v0000024f98bb5970_0 .var/i "sclk_toggle_count", 31 0;
v0000024f98bb6410_0 .net "spi_cs", 0 0, v0000024f98bb64b0_0;  1 drivers
v0000024f98bb4a70_0 .var "spi_miso", 0 0;
v0000024f98bb6730_0 .net "spi_mosi", 0 0, L_0000024f98bb6550;  1 drivers
v0000024f98bb5010_0 .net "spi_sclk", 0 0, v0000024f98bb58d0_0;  1 drivers
E_0000024f98b611d0 .event anyedge, v0000024f98bb58d0_0;
S_0000024f98b34a40 .scope task, "apb_read" "apb_read" 3 81, 3 81 0, S_0000024f98b2ae10;
 .timescale -9 -12;
v0000024f98b2d6c0_0 .var "addr", 7 0;
v0000024f98b2d800_0 .var "data", 31 0;
E_0000024f98b61350 .event posedge, v0000024f98b2da80_0;
E_0000024f98b61450 .event negedge, v0000024f98b2da80_0;
TD_tb_apb_spi_slave_unit.apb_read ;
    %wait E_0000024f98b61450;
    %pushi/vec4 0, 0, 24;
    %load/vec4 v0000024f98b2d6c0_0;
    %concat/vec4; draw_concat_vec4
    %assign/vec4 v0000024f98bb5830_0, 0;
    %pushi/vec4 0, 0, 1;
    %assign/vec4 v0000024f98bb4cf0_0, 0;
    %pushi/vec4 1, 0, 1;
    %assign/vec4 v0000024f98bb49d0_0, 0;
    %pushi/vec4 0, 0, 1;
    %assign/vec4 v0000024f98bb4d90_0, 0;
    %wait E_0000024f98b61350;
    %delay 1000, 0;
    %pushi/vec4 1, 0, 1;
    %assign/vec4 v0000024f98bb4d90_0, 0;
T_0.0 ;
    %load/vec4 v0000024f98bb5a10_0;
    %nor/r;
    %flag_set/vec4 8;
    %jmp/0xz T_0.1, 8;
    %wait E_0000024f98b61350;
    %delay 1000, 0;
    %jmp T_0.0;
T_0.1 ;
    %load/vec4 v0000024f98bb5b50_0;
    %store/vec4 v0000024f98b2d800_0, 0, 32;
    %wait E_0000024f98b61350;
    %delay 1000, 0;
    %pushi/vec4 0, 0, 1;
    %assign/vec4 v0000024f98bb49d0_0, 0;
    %pushi/vec4 0, 0, 1;
    %assign/vec4 v0000024f98bb4d90_0, 0;
    %pushi/vec4 0, 0, 32;
    %assign/vec4 v0000024f98bb5830_0, 0;
    %end;
S_0000024f98ae6890 .scope task, "apb_write" "apb_write" 3 54, 3 54 0, S_0000024f98b2ae10;
 .timescale -9 -12;
v0000024f98b2d760_0 .var "addr", 7 0;
v0000024f98b2e3e0_0 .var "data", 7 0;
TD_tb_apb_spi_slave_unit.apb_write ;
    %wait E_0000024f98b61450;
    %pushi/vec4 0, 0, 24;
    %load/vec4 v0000024f98b2d760_0;
    %concat/vec4; draw_concat_vec4
    %assign/vec4 v0000024f98bb5830_0, 0;
    %pushi/vec4 0, 0, 24;
    %load/vec4 v0000024f98b2e3e0_0;
    %concat/vec4; draw_concat_vec4
    %assign/vec4 v0000024f98bb62d0_0, 0;
    %pushi/vec4 1, 0, 1;
    %assign/vec4 v0000024f98bb4cf0_0, 0;
    %pushi/vec4 1, 0, 1;
    %assign/vec4 v0000024f98bb49d0_0, 0;
    %pushi/vec4 0, 0, 1;
    %assign/vec4 v0000024f98bb4d90_0, 0;
    %wait E_0000024f98b61350;
    %delay 1000, 0;
    %pushi/vec4 1, 0, 1;
    %assign/vec4 v0000024f98bb4d90_0, 0;
T_1.2 ;
    %load/vec4 v0000024f98bb5a10_0;
    %nor/r;
    %flag_set/vec4 8;
    %jmp/0xz T_1.3, 8;
    %wait E_0000024f98b61350;
    %delay 1000, 0;
    %jmp T_1.2;
T_1.3 ;
    %wait E_0000024f98b61350;
    %delay 1000, 0;
    %pushi/vec4 0, 0, 1;
    %assign/vec4 v0000024f98bb49d0_0, 0;
    %pushi/vec4 0, 0, 1;
    %assign/vec4 v0000024f98bb4d90_0, 0;
    %pushi/vec4 0, 0, 1;
    %assign/vec4 v0000024f98bb4cf0_0, 0;
    %pushi/vec4 0, 0, 32;
    %assign/vec4 v0000024f98bb5830_0, 0;
    %pushi/vec4 0, 0, 32;
    %assign/vec4 v0000024f98bb62d0_0, 0;
    %end;
S_0000024f98ae6a20 .scope begin, "busy_check" "busy_check" 3 124, 3 124 0, S_0000024f98b2ae10;
 .timescale -9 -12;
v0000024f98b2d9e0_0 .var "status", 31 0;
S_0000024f98b63e70 .scope begin, "done_check" "done_check" 3 139, 3 139 0, S_0000024f98b2ae10;
 .timescale -9 -12;
v0000024f98b2e0c0_0 .var "status_done", 31 0;
S_0000024f98b64000 .scope module, "dut" "apb_spi_slave" 3 24, 4 1 0, S_0000024f98b2ae10;
 .timescale 0 0;
    .port_info 0 /INPUT 1 "PCLK";
    .port_info 1 /INPUT 1 "PRESETn";
    .port_info 2 /INPUT 32 "SPI_PADDR";
    .port_info 3 /INPUT 1 "SPI_PSEL";
    .port_info 4 /INPUT 1 "SPI_PENABLE";
    .port_info 5 /INPUT 1 "SPI_PWRITE";
    .port_info 6 /INPUT 32 "SPI_PWDATA";
    .port_info 7 /OUTPUT 32 "SPI_PRDATA";
    .port_info 8 /OUTPUT 1 "PREADY";
    .port_info 9 /OUTPUT 1 "spi_sclk";
    .port_info 10 /OUTPUT 1 "spi_cs";
    .port_info 11 /OUTPUT 1 "spi_mosi";
    .port_info 12 /INPUT 1 "spi_miso";
L_0000024f98b53870 .functor AND 1, v0000024f98bb49d0_0, v0000024f98bb4d90_0, C4<1>, C4<1>;
L_0000024f98b53aa0 .functor AND 1, L_0000024f98b53870, v0000024f98bb4cf0_0, C4<1>, C4<1>;
L_0000024f98b540c0 .functor AND 1, L_0000024f98b53aa0, L_0000024f98bb5510, C4<1>, C4<1>;
L_0000024f98b53bf0 .functor AND 1, L_0000024f98b540c0, v0000024f98bb5f10_0, C4<1>, C4<1>;
L_0000024f98b53d40 .functor AND 1, v0000024f98bb49d0_0, v0000024f98bb4d90_0, C4<1>, C4<1>;
L_0000024f98b53db0 .functor AND 1, L_0000024f98b53d40, v0000024f98bb4cf0_0, C4<1>, C4<1>;
L_0000024f98bb7f70 .functor AND 1, L_0000024f98b53db0, L_0000024f98bb5ab0, C4<1>, C4<1>;
v0000024f98b2da80_0 .net "PCLK", 0 0, v0000024f98bb5d30_0;  1 drivers
v0000024f98b2db20_0 .net "PREADY", 0 0, L_0000024f98bb5ab0;  alias, 1 drivers
v0000024f98b2dbc0_0 .net "PRESETn", 0 0, v0000024f98bb6370_0;  1 drivers
v0000024f98b2e160_0 .net "SPI_PADDR", 31 0, v0000024f98bb5830_0;  1 drivers
v0000024f98b2dee0_0 .net "SPI_PENABLE", 0 0, v0000024f98bb4d90_0;  1 drivers
v0000024f98b2dc60_0 .var "SPI_PRDATA", 31 0;
v0000024f98b2de40_0 .net "SPI_PSEL", 0 0, v0000024f98bb49d0_0;  1 drivers
v0000024f98b2d4e0_0 .net "SPI_PWDATA", 31 0, v0000024f98bb62d0_0;  1 drivers
v0000024f98b2dd00_0 .net "SPI_PWRITE", 0 0, v0000024f98bb4cf0_0;  1 drivers
v0000024f98b2e2a0_0 .net *"_ivl_10", 0 0, L_0000024f98bb5510;  1 drivers
v0000024f98b2e200_0 .net *"_ivl_15", 0 0, L_0000024f98b53bf0;  1 drivers
v0000024f98b2df80_0 .net *"_ivl_19", 0 0, L_0000024f98b53d40;  1 drivers
v0000024f98b2e340_0 .net *"_ivl_21", 0 0, L_0000024f98b53db0;  1 drivers
v0000024f98b2d580_0 .net *"_ivl_3", 0 0, L_0000024f98b53870;  1 drivers
v0000024f98bb5e70_0 .net *"_ivl_5", 0 0, L_0000024f98b53aa0;  1 drivers
v0000024f98bb4c50_0 .net *"_ivl_7", 7 0, L_0000024f98bb6870;  1 drivers
L_0000024f98bf0088 .functor BUFT 1, C4<00000000>, C4<0>, C4<0>, C4<0>;
v0000024f98bb4ed0_0 .net/2u *"_ivl_8", 7 0, L_0000024f98bf0088;  1 drivers
v0000024f98bb6190_0 .net "apb_write", 0 0, L_0000024f98bb7f70;  1 drivers
v0000024f98bb4f70_0 .var "bit_cnt", 3 0;
v0000024f98bb5c90_0 .var "clk_div", 7 0;
v0000024f98bb5150_0 .net "data_write", 0 0, L_0000024f98b540c0;  1 drivers
v0000024f98bb5790_0 .var "rx_data_buf", 7 0;
v0000024f98bb5f10_0 .var "spi_busy", 0 0;
v0000024f98bb64b0_0 .var "spi_cs", 0 0;
v0000024f98bb5fb0_0 .net "spi_miso", 0 0, v0000024f98bb4a70_0;  1 drivers
v0000024f98bb6050_0 .net "spi_mosi", 0 0, L_0000024f98bb6550;  alias, 1 drivers
v0000024f98bb58d0_0 .var "spi_sclk", 0 0;
v0000024f98bb6230_0 .var "start_tx", 0 0;
v0000024f98bb50b0_0 .var "state", 2 0;
v0000024f98bb51f0_0 .var "tx_data_buf", 7 0;
v0000024f98bb5dd0_0 .var "tx_shifter", 7 0;
E_0000024f98b61490/0 .event negedge, v0000024f98b2dbc0_0;
E_0000024f98b61490/1 .event posedge, v0000024f98b2da80_0;
E_0000024f98b61490 .event/or E_0000024f98b61490/0, E_0000024f98b61490/1;
E_0000024f98b615d0/0 .event anyedge, v0000024f98b2de40_0, v0000024f98b2dd00_0, v0000024f98b2e160_0, v0000024f98bb5790_0;
E_0000024f98b615d0/1 .event anyedge, v0000024f98bb64b0_0, v0000024f98bb5f10_0;
E_0000024f98b615d0 .event/or E_0000024f98b615d0/0, E_0000024f98b615d0/1;
L_0000024f98bb6550 .part v0000024f98bb5dd0_0, 7, 1;
L_0000024f98bb6870 .part v0000024f98bb5830_0, 0, 8;
L_0000024f98bb5510 .cmp/eq 8, L_0000024f98bb6870, L_0000024f98bf0088;
L_0000024f98bb5ab0 .reduce/nor L_0000024f98b53bf0;
S_0000024f98b64190 .scope task, "fail" "fail" 3 46, 3 46 0, S_0000024f98b2ae10;
 .timescale -9 -12;
v0000024f98bb60f0_0 .var "message", 127 0;
TD_tb_apb_spi_slave_unit.fail ;
    %vpi_call/w 3 49 "$display", "FAIL: %0s", v0000024f98bb60f0_0 {0 0 0};
    %vpi_call/w 3 50 "$finish" {0 0 0};
    %end;
S_0000024f98bb6990 .scope begin, "rx_check" "rx_check" 3 133, 3 133 0, S_0000024f98b2ae10;
 .timescale -9 -12;
v0000024f98bb5290_0 .var "rx_data", 31 0;
    .scope S_0000024f98b64000;
T_3 ;
    %wait E_0000024f98b61490;
    %load/vec4 v0000024f98b2dbc0_0;
    %nor/r;
    %flag_set/vec4 8;
    %jmp/0xz  T_3.0, 8;
    %pushi/vec4 1, 0, 1;
    %assign/vec4 v0000024f98bb64b0_0, 0;
    %pushi/vec4 0, 0, 1;
    %assign/vec4 v0000024f98bb6230_0, 0;
    %pushi/vec4 0, 0, 8;
    %assign/vec4 v0000024f98bb51f0_0, 0;
    %jmp T_3.1;
T_3.0 ;
    %pushi/vec4 0, 0, 1;
    %assign/vec4 v0000024f98bb6230_0, 0;
    %load/vec4 v0000024f98bb6190_0;
    %flag_set/vec4 8;
    %jmp/0xz  T_3.2, 8;
    %load/vec4 v0000024f98b2e160_0;
    %parti/s 8, 0, 2;
    %dup/vec4;
    %pushi/vec4 0, 0, 8;
    %cmp/u;
    %jmp/1 T_3.4, 6;
    %dup/vec4;
    %pushi/vec4 4, 0, 8;
    %cmp/u;
    %jmp/1 T_3.5, 6;
    %jmp T_3.7;
T_3.4 ;
    %load/vec4 v0000024f98b2d4e0_0;
    %parti/s 8, 0, 2;
    %assign/vec4 v0000024f98bb51f0_0, 0;
    %pushi/vec4 1, 0, 1;
    %assign/vec4 v0000024f98bb6230_0, 0;
    %jmp T_3.7;
T_3.5 ;
    %load/vec4 v0000024f98b2d4e0_0;
    %parti/s 1, 0, 2;
    %assign/vec4 v0000024f98bb64b0_0, 0;
    %jmp T_3.7;
T_3.7 ;
    %pop/vec4 1;
T_3.2 ;
T_3.1 ;
    %jmp T_3;
    .thread T_3;
    .scope S_0000024f98b64000;
T_4 ;
    %wait E_0000024f98b615d0;
    %load/vec4 v0000024f98b2de40_0;
    %flag_set/vec4 9;
    %flag_get/vec4 9;
    %jmp/0 T_4.2, 9;
    %load/vec4 v0000024f98b2dd00_0;
    %nor/r;
    %and;
T_4.2;
    %flag_set/vec4 8;
    %jmp/0xz  T_4.0, 8;
    %load/vec4 v0000024f98b2e160_0;
    %parti/s 8, 0, 2;
    %dup/vec4;
    %pushi/vec4 0, 0, 8;
    %cmp/u;
    %jmp/1 T_4.3, 6;
    %dup/vec4;
    %pushi/vec4 4, 0, 8;
    %cmp/u;
    %jmp/1 T_4.4, 6;
    %dup/vec4;
    %pushi/vec4 8, 0, 8;
    %cmp/u;
    %jmp/1 T_4.5, 6;
    %pushi/vec4 0, 0, 32;
    %store/vec4 v0000024f98b2dc60_0, 0, 32;
    %jmp T_4.7;
T_4.3 ;
    %pushi/vec4 0, 0, 24;
    %load/vec4 v0000024f98bb5790_0;
    %concat/vec4; draw_concat_vec4
    %store/vec4 v0000024f98b2dc60_0, 0, 32;
    %jmp T_4.7;
T_4.4 ;
    %pushi/vec4 0, 0, 31;
    %load/vec4 v0000024f98bb64b0_0;
    %concat/vec4; draw_concat_vec4
    %store/vec4 v0000024f98b2dc60_0, 0, 32;
    %jmp T_4.7;
T_4.5 ;
    %pushi/vec4 0, 0, 31;
    %load/vec4 v0000024f98bb5f10_0;
    %concat/vec4; draw_concat_vec4
    %store/vec4 v0000024f98b2dc60_0, 0, 32;
    %jmp T_4.7;
T_4.7 ;
    %pop/vec4 1;
    %jmp T_4.1;
T_4.0 ;
    %pushi/vec4 0, 0, 32;
    %store/vec4 v0000024f98b2dc60_0, 0, 32;
T_4.1 ;
    %jmp T_4;
    .thread T_4, $push;
    .scope S_0000024f98b64000;
T_5 ;
    %wait E_0000024f98b61490;
    %load/vec4 v0000024f98b2dbc0_0;
    %nor/r;
    %flag_set/vec4 8;
    %jmp/0xz  T_5.0, 8;
    %pushi/vec4 0, 0, 3;
    %assign/vec4 v0000024f98bb50b0_0, 0;
    %pushi/vec4 0, 0, 1;
    %assign/vec4 v0000024f98bb58d0_0, 0;
    %pushi/vec4 0, 0, 4;
    %assign/vec4 v0000024f98bb4f70_0, 0;
    %pushi/vec4 0, 0, 8;
    %assign/vec4 v0000024f98bb5c90_0, 0;
    %pushi/vec4 0, 0, 1;
    %assign/vec4 v0000024f98bb5f10_0, 0;
    %pushi/vec4 0, 0, 8;
    %assign/vec4 v0000024f98bb5790_0, 0;
    %pushi/vec4 0, 0, 8;
    %assign/vec4 v0000024f98bb5dd0_0, 0;
    %jmp T_5.1;
T_5.0 ;
    %load/vec4 v0000024f98bb50b0_0;
    %dup/vec4;
    %pushi/vec4 0, 0, 3;
    %cmp/u;
    %jmp/1 T_5.2, 6;
    %dup/vec4;
    %pushi/vec4 1, 0, 3;
    %cmp/u;
    %jmp/1 T_5.3, 6;
    %dup/vec4;
    %pushi/vec4 2, 0, 3;
    %cmp/u;
    %jmp/1 T_5.4, 6;
    %pushi/vec4 0, 0, 3;
    %assign/vec4 v0000024f98bb50b0_0, 0;
    %jmp T_5.6;
T_5.2 ;
    %pushi/vec4 0, 0, 1;
    %assign/vec4 v0000024f98bb58d0_0, 0;
    %load/vec4 v0000024f98bb6230_0;
    %flag_set/vec4 9;
    %flag_get/vec4 9;
    %jmp/0 T_5.9, 9;
    %load/vec4 v0000024f98bb64b0_0;
    %nor/r;
    %and;
T_5.9;
    %flag_set/vec4 8;
    %jmp/0xz  T_5.7, 8;
    %pushi/vec4 1, 0, 1;
    %assign/vec4 v0000024f98bb5f10_0, 0;
    %pushi/vec4 0, 0, 4;
    %assign/vec4 v0000024f98bb4f70_0, 0;
    %pushi/vec4 0, 0, 8;
    %assign/vec4 v0000024f98bb5c90_0, 0;
    %load/vec4 v0000024f98bb51f0_0;
    %assign/vec4 v0000024f98bb5dd0_0, 0;
    %pushi/vec4 1, 0, 3;
    %assign/vec4 v0000024f98bb50b0_0, 0;
    %jmp T_5.8;
T_5.7 ;
    %pushi/vec4 0, 0, 1;
    %assign/vec4 v0000024f98bb5f10_0, 0;
T_5.8 ;
    %jmp T_5.6;
T_5.3 ;
    %pushi/vec4 1, 0, 1;
    %assign/vec4 v0000024f98bb58d0_0, 0;
    %load/vec4 v0000024f98bb5c90_0;
    %cmpi/e 5, 0, 8;
    %jmp/0xz  T_5.10, 4;
    %pushi/vec4 0, 0, 8;
    %assign/vec4 v0000024f98bb5c90_0, 0;
    %load/vec4 v0000024f98bb5790_0;
    %parti/s 7, 0, 2;
    %load/vec4 v0000024f98bb5fb0_0;
    %concat/vec4; draw_concat_vec4
    %assign/vec4 v0000024f98bb5790_0, 0;
    %pushi/vec4 2, 0, 3;
    %assign/vec4 v0000024f98bb50b0_0, 0;
    %jmp T_5.11;
T_5.10 ;
    %load/vec4 v0000024f98bb5c90_0;
    %addi 1, 0, 8;
    %assign/vec4 v0000024f98bb5c90_0, 0;
T_5.11 ;
    %jmp T_5.6;
T_5.4 ;
    %pushi/vec4 0, 0, 1;
    %assign/vec4 v0000024f98bb58d0_0, 0;
    %load/vec4 v0000024f98bb5c90_0;
    %cmpi/e 5, 0, 8;
    %jmp/0xz  T_5.12, 4;
    %pushi/vec4 0, 0, 8;
    %assign/vec4 v0000024f98bb5c90_0, 0;
    %load/vec4 v0000024f98bb4f70_0;
    %pad/u 32;
    %cmpi/u 7, 0, 32;
    %jmp/0xz  T_5.14, 5;
    %load/vec4 v0000024f98bb4f70_0;
    %addi 1, 0, 4;
    %assign/vec4 v0000024f98bb4f70_0, 0;
    %load/vec4 v0000024f98bb5dd0_0;
    %ix/load 4, 1, 0;
    %flag_set/imm 4, 0;
    %shiftl 4;
    %assign/vec4 v0000024f98bb5dd0_0, 0;
    %pushi/vec4 1, 0, 3;
    %assign/vec4 v0000024f98bb50b0_0, 0;
    %jmp T_5.15;
T_5.14 ;
    %pushi/vec4 0, 0, 3;
    %assign/vec4 v0000024f98bb50b0_0, 0;
T_5.15 ;
    %jmp T_5.13;
T_5.12 ;
    %load/vec4 v0000024f98bb5c90_0;
    %addi 1, 0, 8;
    %assign/vec4 v0000024f98bb5c90_0, 0;
T_5.13 ;
    %jmp T_5.6;
T_5.6 ;
    %pop/vec4 1;
T_5.1 ;
    %jmp T_5;
    .thread T_5;
    .scope S_0000024f98b2ae10;
T_6 ;
    %pushi/vec4 0, 0, 1;
    %store/vec4 v0000024f98bb5d30_0, 0, 1;
    %pushi/vec4 0, 0, 1;
    %store/vec4 v0000024f98bb6370_0, 0, 1;
    %pushi/vec4 0, 0, 32;
    %store/vec4 v0000024f98bb5830_0, 0, 32;
    %pushi/vec4 0, 0, 1;
    %store/vec4 v0000024f98bb49d0_0, 0, 1;
    %pushi/vec4 0, 0, 1;
    %store/vec4 v0000024f98bb4d90_0, 0, 1;
    %pushi/vec4 0, 0, 1;
    %store/vec4 v0000024f98bb4cf0_0, 0, 1;
    %pushi/vec4 0, 0, 32;
    %store/vec4 v0000024f98bb62d0_0, 0, 32;
    %pushi/vec4 1, 0, 1;
    %store/vec4 v0000024f98bb4a70_0, 0, 1;
    %pushi/vec4 0, 0, 32;
    %store/vec4 v0000024f98bb5970_0, 0, 32;
    %end;
    .thread T_6, $init;
    .scope S_0000024f98b2ae10;
T_7 ;
    %delay 5000, 0;
    %load/vec4 v0000024f98bb5d30_0;
    %inv;
    %store/vec4 v0000024f98bb5d30_0, 0, 1;
    %jmp T_7;
    .thread T_7;
    .scope S_0000024f98b2ae10;
T_8 ;
    %wait E_0000024f98b611d0;
    %load/vec4 v0000024f98bb6370_0;
    %flag_set/vec4 8;
    %jmp/0xz  T_8.0, 8;
    %load/vec4 v0000024f98bb5970_0;
    %addi 1, 0, 32;
    %store/vec4 v0000024f98bb5970_0, 0, 32;
T_8.0 ;
    %jmp T_8;
    .thread T_8, $push;
    .scope S_0000024f98b2ae10;
T_9 ;
    %vpi_call/w 3 107 "$dumpfile", "tb_apb_spi_slave_unit.vcd" {0 0 0};
    %vpi_call/w 3 108 "$dumpvars", 32'sb00000000000000000000000000000000, S_0000024f98b2ae10 {0 0 0};
    %pushi/vec4 4, 0, 32;
T_9.0 %dup/vec4;
    %pushi/vec4 0, 0, 32;
    %cmp/s;
    %jmp/1xz T_9.1, 5;
    %jmp/1 T_9.1, 4;
    %pushi/vec4 1, 0, 32;
    %sub;
    %wait E_0000024f98b61350;
    %jmp T_9.0;
T_9.1 ;
    %pop/vec4 1;
    %pushi/vec4 1, 0, 1;
    %assign/vec4 v0000024f98bb6370_0, 0;
    %pushi/vec4 2, 0, 32;
T_9.2 %dup/vec4;
    %pushi/vec4 0, 0, 32;
    %cmp/s;
    %jmp/1xz T_9.3, 5;
    %jmp/1 T_9.3, 4;
    %pushi/vec4 1, 0, 32;
    %sub;
    %wait E_0000024f98b61350;
    %jmp T_9.2;
T_9.3 ;
    %pop/vec4 1;
    %load/vec4 v0000024f98bb6410_0;
    %cmpi/ne 1, 0, 1;
    %jmp/1 T_9.6, 6;
    %flag_mov 8, 6;
    %load/vec4 v0000024f98bb5010_0;
    %cmpi/ne 0, 0, 1;
    %flag_or 6, 8;
T_9.6;
    %jmp/0xz  T_9.4, 6;
    %pushi/vec4 3536769088, 0, 33;
    %concati/vec4 3269249088, 0, 32;
    %concati/vec4 2793838742, 0, 32;
    %concati/vec4 543977335, 0, 31;
    %store/vec4 v0000024f98bb60f0_0, 0, 128;
    %fork TD_tb_apb_spi_slave_unit.fail, S_0000024f98b64190;
    %join;
T_9.4 ;
    %pushi/vec4 4, 0, 8;
    %store/vec4 v0000024f98b2d760_0, 0, 8;
    %pushi/vec4 0, 0, 8;
    %store/vec4 v0000024f98b2e3e0_0, 0, 8;
    %fork TD_tb_apb_spi_slave_unit.apb_write, S_0000024f98ae6890;
    %join;
    %load/vec4 v0000024f98bb6410_0;
    %cmpi/ne 0, 0, 1;
    %jmp/0xz  T_9.7, 6;
    %pushi/vec4 3997221580, 0, 33;
    %concati/vec4 3905610816, 0, 32;
    %concati/vec4 2259042542, 0, 32;
    %concati/vec4 1919513701, 0, 31;
    %store/vec4 v0000024f98bb60f0_0, 0, 128;
    %fork TD_tb_apb_spi_slave_unit.fail, S_0000024f98b64190;
    %join;
T_9.7 ;
    %pushi/vec4 0, 0, 32;
    %store/vec4 v0000024f98bb5970_0, 0, 32;
    %pushi/vec4 1, 0, 1;
    %store/vec4 v0000024f98bb4a70_0, 0, 1;
    %pushi/vec4 0, 0, 8;
    %store/vec4 v0000024f98b2d760_0, 0, 8;
    %pushi/vec4 165, 0, 8;
    %store/vec4 v0000024f98b2e3e0_0, 0, 8;
    %fork TD_tb_apb_spi_slave_unit.apb_write, S_0000024f98ae6890;
    %join;
    %pushi/vec4 4, 0, 32;
T_9.9 %dup/vec4;
    %pushi/vec4 0, 0, 32;
    %cmp/s;
    %jmp/1xz T_9.10, 5;
    %jmp/1 T_9.10, 4;
    %pushi/vec4 1, 0, 32;
    %sub;
    %wait E_0000024f98b61350;
    %jmp T_9.9;
T_9.10 ;
    %pop/vec4 1;
    %fork t_1, S_0000024f98ae6a20;
    %jmp t_0;
    .scope S_0000024f98ae6a20;
t_1 ;
    %pushi/vec4 8, 0, 8;
    %store/vec4 v0000024f98b2d6c0_0, 0, 8;
    %fork TD_tb_apb_spi_slave_unit.apb_read, S_0000024f98b34a40;
    %join;
    %load/vec4 v0000024f98b2d800_0;
    %store/vec4 v0000024f98b2d9e0_0, 0, 32;
    %load/vec4 v0000024f98b2d9e0_0;
    %parti/s 1, 0, 2;
    %cmpi/ne 1, 0, 1;
    %jmp/0xz  T_9.11, 6;
    %pushi/vec4 2173818313, 0, 34;
    %concati/vec4 2780404865, 0, 32;
    %concati/vec4 3519645113, 0, 32;
    %concati/vec4 862348658, 0, 30;
    %store/vec4 v0000024f98bb60f0_0, 0, 128;
    %fork TD_tb_apb_spi_slave_unit.fail, S_0000024f98b64190;
    %join;
T_9.11 ;
    %end;
    .scope S_0000024f98b2ae10;
t_0 %join;
    %pushi/vec4 150, 0, 32;
T_9.13 %dup/vec4;
    %pushi/vec4 0, 0, 32;
    %cmp/s;
    %jmp/1xz T_9.14, 5;
    %jmp/1 T_9.14, 4;
    %pushi/vec4 1, 0, 32;
    %sub;
    %wait E_0000024f98b61350;
    %jmp T_9.13;
T_9.14 ;
    %pop/vec4 1;
    %load/vec4 v0000024f98bb5970_0;
    %cmpi/s 10, 0, 32;
    %jmp/0xz  T_9.15, 5;
    %pushi/vec4 2173818313, 0, 34;
    %concati/vec4 2780404865, 0, 32;
    %concati/vec4 3519645113, 0, 32;
    %concati/vec4 862348658, 0, 30;
    %store/vec4 v0000024f98bb60f0_0, 0, 128;
    %fork TD_tb_apb_spi_slave_unit.fail, S_0000024f98b64190;
    %join;
T_9.15 ;
    %fork t_3, S_0000024f98bb6990;
    %jmp t_2;
    .scope S_0000024f98bb6990;
t_3 ;
    %pushi/vec4 0, 0, 8;
    %store/vec4 v0000024f98b2d6c0_0, 0, 8;
    %fork TD_tb_apb_spi_slave_unit.apb_read, S_0000024f98b34a40;
    %join;
    %load/vec4 v0000024f98b2d800_0;
    %store/vec4 v0000024f98bb5290_0, 0, 32;
    %load/vec4 v0000024f98bb5290_0;
    %parti/s 8, 0, 2;
    %cmpi/ne 255, 0, 8;
    %jmp/0xz  T_9.17, 6;
    %pushi/vec4 3896547986, 0, 33;
    %concati/vec4 2795403874, 0, 32;
    %concati/vec4 2173029504, 0, 33;
    %concati/vec4 813188678, 0, 30;
    %store/vec4 v0000024f98bb60f0_0, 0, 128;
    %fork TD_tb_apb_spi_slave_unit.fail, S_0000024f98b64190;
    %join;
T_9.17 ;
    %end;
    .scope S_0000024f98b2ae10;
t_2 %join;
    %fork t_5, S_0000024f98b63e70;
    %jmp t_4;
    .scope S_0000024f98b63e70;
t_5 ;
    %pushi/vec4 8, 0, 8;
    %store/vec4 v0000024f98b2d6c0_0, 0, 8;
    %fork TD_tb_apb_spi_slave_unit.apb_read, S_0000024f98b34a40;
    %join;
    %load/vec4 v0000024f98b2d800_0;
    %store/vec4 v0000024f98b2e0c0_0, 0, 32;
    %load/vec4 v0000024f98b2e0c0_0;
    %parti/s 1, 0, 2;
    %cmpi/ne 0, 0, 1;
    %jmp/0xz  T_9.19, 6;
    %pushi/vec4 3829449420, 0, 33;
    %concati/vec4 3905610816, 0, 32;
    %concati/vec4 3907306204, 0, 32;
    %concati/vec4 1936090482, 0, 31;
    %store/vec4 v0000024f98bb60f0_0, 0, 128;
    %fork TD_tb_apb_spi_slave_unit.fail, S_0000024f98b64190;
    %join;
T_9.19 ;
    %end;
    .scope S_0000024f98b2ae10;
t_4 %join;
    %pushi/vec4 4, 0, 8;
    %store/vec4 v0000024f98b2d760_0, 0, 8;
    %pushi/vec4 1, 0, 8;
    %store/vec4 v0000024f98b2e3e0_0, 0, 8;
    %fork TD_tb_apb_spi_slave_unit.apb_write, S_0000024f98ae6890;
    %join;
    %load/vec4 v0000024f98bb6410_0;
    %cmpi/ne 1, 0, 1;
    %jmp/0xz  T_9.21, 6;
    %pushi/vec4 3493905100, 0, 33;
    %concati/vec4 3905610816, 0, 32;
    %concati/vec4 2259042542, 0, 32;
    %concati/vec4 1919513701, 0, 31;
    %store/vec4 v0000024f98bb60f0_0, 0, 128;
    %fork TD_tb_apb_spi_slave_unit.fail, S_0000024f98b64190;
    %join;
T_9.21 ;
    %vpi_call/w 3 148 "$display", "PASS: apb_spi_slave self-check completed" {0 0 0};
    %vpi_call/w 3 149 "$finish" {0 0 0};
    %end;
    .thread T_9;
# The file index is used to find the file name in the following table.
:file_names 5;
    "N/A";
    "<interactive>";
    "-";
    "c:\Users\Nick\custom_SOC\DO_AN\DO_AN.srcs\sim_1\new\tb_apb_spi_slave_unit.v";
    "c:\Users\Nick\custom_SOC\DO_AN\DO_AN.srcs\sources_1\new\apb_spi_slave.v";
