#! /c/Source/iverilog-install/bin/vvp
:ivl_version "12.0 (devel)" "(s20150603-1539-g2693dd32b)";
:ivl_delay_selection "TYPICAL";
:vpi_time_precision - 12;
:vpi_module "C:\iverilog\lib\ivl\system.vpi";
:vpi_module "C:\iverilog\lib\ivl\vhdl_sys.vpi";
:vpi_module "C:\iverilog\lib\ivl\vhdl_textio.vpi";
:vpi_module "C:\iverilog\lib\ivl\v2005_math.vpi";
:vpi_module "C:\iverilog\lib\ivl\va_math.vpi";
:vpi_module "C:\iverilog\lib\ivl\v2009.vpi";
S_000001a596673440 .scope package, "$unit" "$unit" 2 1;
 .timescale 0 0;
S_000001a596674bb0 .scope module, "tb_apb_top_unit" "tb_apb_top_unit" 3 4;
 .timescale -9 -12;
P_000001a59660c720 .param/l "I2C_BASE" 1 3 7, C4<01000000000000000010000000000000>;
P_000001a59660c758 .param/l "SPI_BASE" 1 3 6, C4<01000000000000000001000000000000>;
P_000001a59660c790 .param/l "UART_BASE" 1 3 5, C4<01000000000000000000000000000000>;
v000001a5966d2910_0 .var "PADDR", 31 0;
v000001a5966d3450_0 .var "PENABLE", 0 0;
v000001a5966d3630_0 .net "PRDATA", 31 0, v000001a5966d0540_0;  1 drivers
v000001a5966d34f0_0 .net "PREADY", 0 0, L_000001a5966d6ab0;  1 drivers
v000001a5966d2730_0 .var "PSEL", 0 0;
L_000001a5966d7640 .functor BUFT 1, C4<0>, C4<0>, C4<0>, C4<0>;
v000001a5966d3c70_0 .net "PSLVERR", 0 0, L_000001a5966d7640;  1 drivers
v000001a5966d3810_0 .var "PWDATA", 31 0;
v000001a5966d39f0_0 .var "PWRITE", 0 0;
o000001a5966a2278 .functor BUFZ 1, C4<z>; HiZ drive
; Elide local net with no drivers, v000001a5966d3d10_0 name=_ivl_1
L_000001a5966d74d8 .functor BUFT 1, C4<0>, C4<0>, C4<0>, C4<0>;
v000001a5966d3db0_0 .net/2u *"_ivl_5", 0 0, L_000001a5966d74d8;  1 drivers
o000001a5966a22d8 .functor BUFZ 1, C4<z>; HiZ drive
; Elide local net with no drivers, v000001a5966d20f0_0 name=_ivl_7
v000001a5966d2af0_0 .var "clk", 0 0;
v000001a5966d22d0_0 .net "i2c_scl", 0 0, v000001a59669cff0_0;  1 drivers
L_000001a5966598e0 .functor BUFT 1, C8<551>, C4<0>, C4<0>, C4<0>;
RS_000001a5966a0658 .resolv tri, L_000001a5966598e0, L_000001a5966d6010, L_000001a5966d5bb0;
v000001a5966d2410_0 .net8 "i2c_sda", 0 0, RS_000001a5966a0658;  3 drivers, strength-aware
v000001a5966d25f0_0 .net "i2c_sda_oe", 0 0, v000001a59669e210_0;  1 drivers
v000001a5966d65b0_0 .net "i2c_sda_out", 0 0, v000001a59669db30_0;  1 drivers
v000001a5966d5c50_0 .var "i2c_slave_ack_drive_low", 0 0;
v000001a5966d6fb0_0 .var "rst_n", 0 0;
v000001a5966d5250_0 .net "spi_cs", 0 0, v000001a59669e030_0;  1 drivers
v000001a5966d6510_0 .var "spi_miso", 0 0;
v000001a5966d5b10_0 .net "spi_mosi", 0 0, L_000001a5966d5d90;  1 drivers
v000001a5966d6830_0 .net "spi_sclk", 0 0, v000001a59669e3f0_0;  1 drivers
v000001a5966d6a10_0 .var "uart_rx", 0 0;
v000001a5966d6650_0 .net "uart_tx", 0 0, L_000001a5966d5a70;  1 drivers
L_000001a5966d6010 .functor MUXZ 1, o000001a5966a2278, v000001a59669db30_0, v000001a59669e210_0, C4<>;
L_000001a5966d5bb0 .functor MUXZ 1, o000001a5966a22d8, L_000001a5966d74d8, v000001a5966d5c50_0, C4<>;
S_000001a596674d40 .scope task, "apb_read" "apb_read" 3 73, 3 73 0, S_000001a596674bb0;
 .timescale -9 -12;
v000001a5966559e0_0 .var "addr", 31 0;
v000001a596654b80_0 .var "data", 31 0;
E_000001a596664010 .event posedge, v000001a596654720_0;
E_000001a596664090 .event negedge, v000001a596654720_0;
TD_tb_apb_top_unit.apb_read ;
    %wait E_000001a596664090;
    %load/vec4 v000001a5966559e0_0;
    %assign/vec4 v000001a5966d2910_0, 0;
    %pushi/vec4 0, 0, 1;
    %assign/vec4 v000001a5966d39f0_0, 0;
    %pushi/vec4 1, 0, 1;
    %assign/vec4 v000001a5966d2730_0, 0;
    %pushi/vec4 0, 0, 1;
    %assign/vec4 v000001a5966d3450_0, 0;
    %wait E_000001a596664010;
    %delay 1000, 0;
    %pushi/vec4 1, 0, 1;
    %assign/vec4 v000001a5966d3450_0, 0;
T_0.0 ;
    %load/vec4 v000001a5966d34f0_0;
    %nor/r;
    %flag_set/vec4 8;
    %jmp/0xz T_0.1, 8;
    %wait E_000001a596664010;
    %delay 1000, 0;
    %jmp T_0.0;
T_0.1 ;
    %load/vec4 v000001a5966d3630_0;
    %store/vec4 v000001a596654b80_0, 0, 32;
    %wait E_000001a596664010;
    %delay 1000, 0;
    %pushi/vec4 0, 0, 1;
    %assign/vec4 v000001a5966d2730_0, 0;
    %pushi/vec4 0, 0, 1;
    %assign/vec4 v000001a5966d3450_0, 0;
    %pushi/vec4 0, 0, 32;
    %assign/vec4 v000001a5966d2910_0, 0;
    %end;
S_000001a596635f70 .scope module, "dut" "apb_top" 3 42, 4 14 0, S_000001a596674bb0;
 .timescale 0 0;
    .port_info 0 /INPUT 1 "clk";
    .port_info 1 /INPUT 1 "rst_n";
    .port_info 2 /INPUT 32 "PADDR";
    .port_info 3 /INPUT 1 "PSEL";
    .port_info 4 /INPUT 1 "PWRITE";
    .port_info 5 /INPUT 1 "PENABLE";
    .port_info 6 /INPUT 32 "PWDATA";
    .port_info 7 /OUTPUT 32 "PRDATA";
    .port_info 8 /OUTPUT 1 "PREADY";
    .port_info 9 /OUTPUT 1 "PSLVERR";
    .port_info 10 /OUTPUT 1 "uart_tx";
    .port_info 11 /INPUT 1 "uart_rx";
    .port_info 12 /OUTPUT 1 "spi_sclk";
    .port_info 13 /OUTPUT 1 "spi_mosi";
    .port_info 14 /INPUT 1 "spi_miso";
    .port_info 15 /OUTPUT 1 "spi_cs";
    .port_info 16 /OUTPUT 1 "scl_out";
    .port_info 17 /OUTPUT 1 "sda_out";
    .port_info 18 /OUTPUT 1 "sda_oe";
    .port_info 19 /INPUT 1 "sda_in";
P_000001a59663af10 .param/l "BAUD_RATE" 0 4 16, +C4<00000000000000000000000000001010>;
P_000001a59663af48 .param/l "CLK_FREQ" 0 4 15, +C4<00000000000000000000000000010100>;
L_000001a596659f00 .functor AND 1, v000001a5966d2730_0, L_000001a5966d5ed0, C4<1>, C4<1>;
L_000001a596659a30 .functor AND 1, v000001a5966d2730_0, L_000001a5966d52f0, C4<1>, C4<1>;
L_000001a59665a0c0 .functor AND 1, v000001a5966d2730_0, L_000001a5966d6c90, C4<1>, C4<1>;
v000001a5966d1da0_0 .net "PADDR", 31 0, v000001a5966d2910_0;  1 drivers
v000001a5966d0400_0 .net "PENABLE", 0 0, v000001a5966d3450_0;  1 drivers
v000001a5966d0540_0 .var "PRDATA", 31 0;
v000001a5966d1080_0 .net "PREADY", 0 0, L_000001a5966d6ab0;  alias, 1 drivers
v000001a5966d05e0_0 .net "PSEL", 0 0, v000001a5966d2730_0;  1 drivers
v000001a5966d0720_0 .net "PSLVERR", 0 0, L_000001a5966d7640;  alias, 1 drivers
v000001a5966d07c0_0 .net "PWDATA", 31 0, v000001a5966d3810_0;  1 drivers
v000001a5966d1440_0 .net "PWRITE", 0 0, v000001a5966d39f0_0;  1 drivers
v000001a5966d0860_0 .net *"_ivl_1", 19 0, L_000001a5966d6470;  1 drivers
L_000001a5966d7568 .functor BUFT 1, C4<01000000000000000001>, C4<0>, C4<0>, C4<0>;
v000001a5966d0900_0 .net/2u *"_ivl_10", 19 0, L_000001a5966d7568;  1 drivers
v000001a5966d0e00_0 .net *"_ivl_12", 0 0, L_000001a5966d52f0;  1 drivers
v000001a5966d1120_0 .net *"_ivl_17", 19 0, L_000001a5966d54d0;  1 drivers
L_000001a5966d75b0 .functor BUFT 1, C4<01000000000000000010>, C4<0>, C4<0>, C4<0>;
v000001a5966d1260_0 .net/2u *"_ivl_18", 19 0, L_000001a5966d75b0;  1 drivers
L_000001a5966d7520 .functor BUFT 1, C4<01000000000000000000>, C4<0>, C4<0>, C4<0>;
v000001a5966d0cc0_0 .net/2u *"_ivl_2", 19 0, L_000001a5966d7520;  1 drivers
v000001a5966d14e0_0 .net *"_ivl_20", 0 0, L_000001a5966d6c90;  1 drivers
L_000001a5966d75f8 .functor BUFT 1, C4<1>, C4<0>, C4<0>, C4<0>;
v000001a5966d0ea0_0 .net/2u *"_ivl_24", 0 0, L_000001a5966d75f8;  1 drivers
v000001a5966d2f50_0 .net *"_ivl_26", 0 0, L_000001a5966d57f0;  1 drivers
v000001a5966d36d0_0 .net *"_ivl_28", 0 0, L_000001a5966d51b0;  1 drivers
L_000001a5966d7718 .functor BUFT 1, C4<000000000000000000000000>, C4<0>, C4<0>, C4<0>;
v000001a5966d2c30_0 .net/2u *"_ivl_34", 23 0, L_000001a5966d7718;  1 drivers
v000001a5966d3590_0 .net *"_ivl_37", 7 0, L_000001a5966d5390;  1 drivers
v000001a5966d2b90_0 .net *"_ivl_4", 0 0, L_000001a5966d5ed0;  1 drivers
L_000001a5966d77a8 .functor BUFT 1, C4<000000000000000000000000>, C4<0>, C4<0>, C4<0>;
v000001a5966d2cd0_0 .net/2u *"_ivl_40", 23 0, L_000001a5966d77a8;  1 drivers
v000001a5966d29b0_0 .net *"_ivl_43", 7 0, L_000001a5966d6290;  1 drivers
L_000001a5966d7838 .functor BUFT 1, C4<000000000000000000000000>, C4<0>, C4<0>, C4<0>;
v000001a5966d2d70_0 .net/2u *"_ivl_46", 23 0, L_000001a5966d7838;  1 drivers
v000001a5966d2ff0_0 .net *"_ivl_49", 7 0, L_000001a5966d5750;  1 drivers
v000001a5966d3090_0 .net *"_ivl_9", 19 0, L_000001a5966d5610;  1 drivers
v000001a5966d2e10_0 .net "clk", 0 0, v000001a5966d2af0_0;  1 drivers
v000001a5966d2a50_0 .net "prdata_i2c", 31 0, v000001a596654400_0;  1 drivers
v000001a5966d3770_0 .net "prdata_spi", 31 0, v000001a59669dc70_0;  1 drivers
v000001a5966d2370_0 .net "prdata_uart", 31 0, v000001a59669d450_0;  1 drivers
v000001a5966d3a90_0 .net "pready_i2c", 0 0, L_000001a5966d63d0;  1 drivers
v000001a5966d38b0_0 .net "pready_spi", 0 0, L_000001a5966d5430;  1 drivers
v000001a5966d24b0_0 .net "pready_uart", 0 0, L_000001a5966d6f10;  1 drivers
v000001a5966d3b30_0 .net "psel_i2c", 0 0, L_000001a59665a0c0;  1 drivers
v000001a5966d31d0_0 .net "psel_spi", 0 0, L_000001a596659a30;  1 drivers
v000001a5966d3f90_0 .net "psel_uart", 0 0, L_000001a596659f00;  1 drivers
v000001a5966d2230_0 .net "rst_n", 0 0, v000001a5966d6fb0_0;  1 drivers
v000001a5966d3bd0_0 .net "scl_out", 0 0, v000001a59669cff0_0;  alias, 1 drivers
v000001a5966d2eb0_0 .net8 "sda_in", 0 0, RS_000001a5966a0658;  alias, 3 drivers, strength-aware
v000001a5966d2190_0 .net "sda_oe", 0 0, v000001a59669e210_0;  alias, 1 drivers
v000001a5966d3e50_0 .net "sda_out", 0 0, v000001a59669db30_0;  alias, 1 drivers
v000001a5966d3130_0 .net "spi_cs", 0 0, v000001a59669e030_0;  alias, 1 drivers
v000001a5966d2870_0 .net "spi_miso", 0 0, v000001a5966d6510_0;  1 drivers
v000001a5966d3950_0 .net "spi_mosi", 0 0, L_000001a5966d5d90;  alias, 1 drivers
v000001a5966d3270_0 .net "spi_sclk", 0 0, v000001a59669e3f0_0;  alias, 1 drivers
v000001a5966d27d0_0 .net "uart_rx", 0 0, v000001a5966d6a10_0;  1 drivers
v000001a5966d3310_0 .net "uart_tx", 0 0, L_000001a5966d5a70;  alias, 1 drivers
E_000001a5966640d0/0 .event anyedge, v000001a59669d450_0, v000001a59669d630_0, v000001a59669dc70_0, v000001a59669d810_0;
E_000001a5966640d0/1 .event anyedge, v000001a596654400_0, v000001a596653c80_0;
E_000001a5966640d0 .event/or E_000001a5966640d0/0, E_000001a5966640d0/1;
L_000001a5966d6470 .part v000001a5966d2910_0, 12, 20;
L_000001a5966d5ed0 .cmp/eq 20, L_000001a5966d6470, L_000001a5966d7520;
L_000001a5966d5610 .part v000001a5966d2910_0, 12, 20;
L_000001a5966d52f0 .cmp/eq 20, L_000001a5966d5610, L_000001a5966d7568;
L_000001a5966d54d0 .part v000001a5966d2910_0, 12, 20;
L_000001a5966d6c90 .cmp/eq 20, L_000001a5966d54d0, L_000001a5966d75b0;
L_000001a5966d57f0 .functor MUXZ 1, L_000001a5966d75f8, L_000001a5966d63d0, L_000001a59665a0c0, C4<>;
L_000001a5966d51b0 .functor MUXZ 1, L_000001a5966d57f0, L_000001a5966d5430, L_000001a596659a30, C4<>;
L_000001a5966d6ab0 .functor MUXZ 1, L_000001a5966d51b0, L_000001a5966d6f10, L_000001a596659f00, C4<>;
L_000001a5966d5390 .part v000001a5966d2910_0, 0, 8;
L_000001a5966d5e30 .concat [ 8 24 0 0], L_000001a5966d5390, L_000001a5966d7718;
L_000001a5966d6290 .part v000001a5966d2910_0, 0, 8;
L_000001a5966d6150 .concat [ 8 24 0 0], L_000001a5966d6290, L_000001a5966d77a8;
L_000001a5966d5750 .part v000001a5966d2910_0, 0, 8;
L_000001a5966d66f0 .concat [ 8 24 0 0], L_000001a5966d5750, L_000001a5966d7838;
S_000001a596636250 .scope module, "u_i2c" "apb_i2c_slave" 4 127, 5 1 0, S_000001a596635f70;
 .timescale 0 0;
    .port_info 0 /INPUT 1 "PCLK";
    .port_info 1 /INPUT 1 "PRESETn";
    .port_info 2 /INPUT 32 "I2C_PADDR";
    .port_info 3 /INPUT 1 "I2C_PSEL";
    .port_info 4 /INPUT 1 "I2C_PENABLE";
    .port_info 5 /INPUT 1 "I2C_PWRITE";
    .port_info 6 /INPUT 32 "I2C_PWDATA";
    .port_info 7 /OUTPUT 32 "I2C_PRDATA";
    .port_info 8 /OUTPUT 1 "PREADY";
    .port_info 9 /OUTPUT 1 "scl_out";
    .port_info 10 /OUTPUT 1 "sda_out";
    .port_info 11 /OUTPUT 1 "sda_oe";
    .port_info 12 /INPUT 1 "sda_in";
L_000001a59672fa80 .functor AND 1, L_000001a59665a0c0, v000001a5966d3450_0, C4<1>, C4<1>;
L_000001a59672f5b0 .functor AND 1, L_000001a59672fa80, v000001a5966d39f0_0, C4<1>, C4<1>;
L_000001a59672f930 .functor AND 1, L_000001a59672f5b0, L_000001a5966d56b0, C4<1>, C4<1>;
L_000001a5967300a0 .functor AND 1, L_000001a59672f930, v000001a59664a0b0_0, C4<1>, C4<1>;
L_000001a596730110 .functor AND 1, L_000001a59665a0c0, v000001a5966d3450_0, C4<1>, C4<1>;
L_000001a59672ff50 .functor AND 1, L_000001a596730110, v000001a5966d39f0_0, C4<1>, C4<1>;
L_000001a59672fcb0 .functor AND 1, L_000001a59672ff50, L_000001a5966d63d0, C4<1>, C4<1>;
L_000001a5967302d0 .functor BUFZ 1, v000001a5966558a0_0, C4<0>, C4<0>, C4<0>;
v000001a5966545e0_0 .net "I2C_PADDR", 31 0, L_000001a5966d66f0;  1 drivers
v000001a596655300_0 .net "I2C_PENABLE", 0 0, v000001a5966d3450_0;  alias, 1 drivers
v000001a596654400_0 .var "I2C_PRDATA", 31 0;
v000001a596653c80_0 .net "I2C_PSEL", 0 0, L_000001a59665a0c0;  alias, 1 drivers
v000001a596654360_0 .net "I2C_PWDATA", 31 0, v000001a5966d3810_0;  alias, 1 drivers
v000001a596654540_0 .net "I2C_PWRITE", 0 0, v000001a5966d39f0_0;  alias, 1 drivers
v000001a596654720_0 .net "PCLK", 0 0, v000001a5966d2af0_0;  alias, 1 drivers
v000001a596654c20_0 .net "PREADY", 0 0, L_000001a5966d63d0;  alias, 1 drivers
v000001a596655760_0 .net "PRESETn", 0 0, v000001a5966d6fb0_0;  alias, 1 drivers
v000001a596654860_0 .net *"_ivl_1", 0 0, L_000001a59672fa80;  1 drivers
v000001a596654a40_0 .net *"_ivl_13", 0 0, L_000001a5967300a0;  1 drivers
v000001a596655120_0 .net *"_ivl_17", 0 0, L_000001a596730110;  1 drivers
v000001a596655260_0 .net *"_ivl_19", 0 0, L_000001a59672ff50;  1 drivers
v000001a596654900_0 .net *"_ivl_3", 0 0, L_000001a59672f5b0;  1 drivers
v000001a596654d60_0 .net *"_ivl_5", 7 0, L_000001a5966d61f0;  1 drivers
L_000001a5966d77f0 .functor BUFT 1, C4<00000100>, C4<0>, C4<0>, C4<0>;
v000001a5966553a0_0 .net/2u *"_ivl_6", 7 0, L_000001a5966d77f0;  1 drivers
v000001a596655800_0 .net *"_ivl_8", 0 0, L_000001a5966d56b0;  1 drivers
v000001a5966558a0_0 .var "ack_reg", 0 0;
v000001a596649ed0_0 .net "apb_write", 0 0, L_000001a59672fcb0;  1 drivers
v000001a596649930_0 .var "bit_idx", 2 0;
v000001a59664a0b0_0 .var "busy_reg", 0 0;
v000001a59669ea30_0 .var "clk_cnt", 7 0;
v000001a59669ce10_0 .var "cmd_trigger", 0 0;
v000001a59669e0d0_0 .net "cmd_write", 0 0, L_000001a59672f930;  1 drivers
v000001a59669d6d0_0 .net "i2c_busy", 0 0, v000001a59664a0b0_0;  1 drivers
v000001a59669dbd0_0 .var "i2c_cmd", 3 0;
v000001a59669e170_0 .var "i2c_data", 7 0;
v000001a59669da90_0 .net "rx_ack", 0 0, L_000001a5967302d0;  1 drivers
v000001a59669cff0_0 .var "scl_out", 0 0;
v000001a59669ead0_0 .net8 "sda_in", 0 0, RS_000001a5966a0658;  alias, 3 drivers, strength-aware
v000001a59669e210_0 .var "sda_oe", 0 0;
v000001a59669db30_0 .var "sda_out", 0 0;
v000001a59669e2b0_0 .var "state", 3 0;
E_000001a596664cd0/0 .event negedge, v000001a596655760_0;
E_000001a596664cd0/1 .event posedge, v000001a596654720_0;
E_000001a596664cd0 .event/or E_000001a596664cd0/0, E_000001a596664cd0/1;
E_000001a596665a90/0 .event anyedge, v000001a596653c80_0, v000001a596654540_0, v000001a5966545e0_0, v000001a59669e170_0;
E_000001a596665a90/1 .event anyedge, v000001a59669da90_0, v000001a59669d6d0_0;
E_000001a596665a90 .event/or E_000001a596665a90/0, E_000001a596665a90/1;
L_000001a5966d61f0 .part L_000001a5966d66f0, 0, 8;
L_000001a5966d56b0 .cmp/eq 8, L_000001a5966d61f0, L_000001a5966d77f0;
L_000001a5966d63d0 .reduce/nor L_000001a5967300a0;
S_000001a5965ee280 .scope module, "u_spi" "apb_spi_slave" 4 105, 6 1 0, S_000001a596635f70;
 .timescale 0 0;
    .port_info 0 /INPUT 1 "PCLK";
    .port_info 1 /INPUT 1 "PRESETn";
    .port_info 2 /INPUT 32 "SPI_PADDR";
    .port_info 3 /INPUT 1 "SPI_PSEL";
    .port_info 4 /INPUT 1 "SPI_PENABLE";
    .port_info 5 /INPUT 1 "SPI_PWRITE";
    .port_info 6 /INPUT 32 "SPI_PWDATA";
    .port_info 7 /OUTPUT 32 "SPI_PRDATA";
    .port_info 8 /OUTPUT 1 "PREADY";
    .port_info 9 /OUTPUT 1 "spi_sclk";
    .port_info 10 /OUTPUT 1 "spi_cs";
    .port_info 11 /OUTPUT 1 "spi_mosi";
    .port_info 12 /INPUT 1 "spi_miso";
L_000001a5966405a0 .functor AND 1, L_000001a596659a30, v000001a5966d3450_0, C4<1>, C4<1>;
L_000001a5966412c0 .functor AND 1, L_000001a5966405a0, v000001a5966d39f0_0, C4<1>, C4<1>;
L_000001a596641330 .functor AND 1, L_000001a5966412c0, L_000001a5966d5f70, C4<1>, C4<1>;
L_000001a596640990 .functor AND 1, L_000001a596641330, v000001a59669df90_0, C4<1>, C4<1>;
L_000001a59660ae20 .functor AND 1, L_000001a596659a30, v000001a5966d3450_0, C4<1>, C4<1>;
L_000001a5965f9810 .functor AND 1, L_000001a59660ae20, v000001a5966d39f0_0, C4<1>, C4<1>;
L_000001a596730340 .functor AND 1, L_000001a5965f9810, L_000001a5966d5430, C4<1>, C4<1>;
v000001a59669eb70_0 .net "PCLK", 0 0, v000001a5966d2af0_0;  alias, 1 drivers
v000001a59669ec10_0 .net "PREADY", 0 0, L_000001a5966d5430;  alias, 1 drivers
v000001a59669de50_0 .net "PRESETn", 0 0, v000001a5966d6fb0_0;  alias, 1 drivers
v000001a59669d770_0 .net "SPI_PADDR", 31 0, L_000001a5966d6150;  1 drivers
v000001a59669ceb0_0 .net "SPI_PENABLE", 0 0, v000001a5966d3450_0;  alias, 1 drivers
v000001a59669dc70_0 .var "SPI_PRDATA", 31 0;
v000001a59669d810_0 .net "SPI_PSEL", 0 0, L_000001a596659a30;  alias, 1 drivers
v000001a59669d8b0_0 .net "SPI_PWDATA", 31 0, v000001a5966d3810_0;  alias, 1 drivers
v000001a59669cd70_0 .net "SPI_PWRITE", 0 0, v000001a5966d39f0_0;  alias, 1 drivers
v000001a59669d090_0 .net *"_ivl_10", 0 0, L_000001a5966d5f70;  1 drivers
v000001a59669d270_0 .net *"_ivl_15", 0 0, L_000001a596640990;  1 drivers
v000001a59669d1d0_0 .net *"_ivl_19", 0 0, L_000001a59660ae20;  1 drivers
v000001a59669cf50_0 .net *"_ivl_21", 0 0, L_000001a5965f9810;  1 drivers
v000001a59669e670_0 .net *"_ivl_3", 0 0, L_000001a5966405a0;  1 drivers
v000001a59669d950_0 .net *"_ivl_5", 0 0, L_000001a5966412c0;  1 drivers
v000001a59669def0_0 .net *"_ivl_7", 7 0, L_000001a5966d60b0;  1 drivers
L_000001a5966d7760 .functor BUFT 1, C4<00000000>, C4<0>, C4<0>, C4<0>;
v000001a59669d130_0 .net/2u *"_ivl_8", 7 0, L_000001a5966d7760;  1 drivers
v000001a59669e7b0_0 .net "apb_write", 0 0, L_000001a596730340;  1 drivers
v000001a59669dd10_0 .var "bit_cnt", 3 0;
v000001a59669d310_0 .var "clk_div", 7 0;
v000001a59669d9f0_0 .net "data_write", 0 0, L_000001a596641330;  1 drivers
v000001a59669e850_0 .var "rx_data_buf", 7 0;
v000001a59669df90_0 .var "spi_busy", 0 0;
v000001a59669e030_0 .var "spi_cs", 0 0;
v000001a59669e350_0 .net "spi_miso", 0 0, v000001a5966d6510_0;  alias, 1 drivers
v000001a59669d3b0_0 .net "spi_mosi", 0 0, L_000001a5966d5d90;  alias, 1 drivers
v000001a59669e3f0_0 .var "spi_sclk", 0 0;
v000001a59669e490_0 .var "start_tx", 0 0;
v000001a59669e8f0_0 .var "state", 2 0;
v000001a59669d590_0 .var "tx_data_buf", 7 0;
v000001a59669ddb0_0 .var "tx_shifter", 7 0;
E_000001a5966655d0/0 .event anyedge, v000001a59669d810_0, v000001a596654540_0, v000001a59669d770_0, v000001a59669e850_0;
E_000001a5966655d0/1 .event anyedge, v000001a59669e030_0, v000001a59669df90_0;
E_000001a5966655d0 .event/or E_000001a5966655d0/0, E_000001a5966655d0/1;
L_000001a5966d5d90 .part v000001a59669ddb0_0, 7, 1;
L_000001a5966d60b0 .part L_000001a5966d6150, 0, 8;
L_000001a5966d5f70 .cmp/eq 8, L_000001a5966d60b0, L_000001a5966d7760;
L_000001a5966d5430 .reduce/nor L_000001a596640990;
S_000001a5965ee410 .scope module, "u_uart" "apb_uart_slave" 4 85, 7 1 0, S_000001a596635f70;
 .timescale 0 0;
    .port_info 0 /INPUT 1 "PCLK";
    .port_info 1 /INPUT 1 "PRESETn";
    .port_info 2 /INPUT 32 "UART_PADDR";
    .port_info 3 /INPUT 1 "UART_PSEL";
    .port_info 4 /INPUT 1 "UART_PENABLE";
    .port_info 5 /INPUT 1 "UART_PWRITE";
    .port_info 6 /INPUT 32 "UART_PWDATA";
    .port_info 7 /OUTPUT 32 "UART_PRDATA";
    .port_info 8 /OUTPUT 1 "UART_PREADY";
    .port_info 9 /OUTPUT 1 "uart_tx";
    .port_info 10 /INPUT 1 "uart_rx";
P_000001a59660bb70 .param/l "BAUD_RATE" 0 7 3, +C4<00000000000000000000000000001010>;
P_000001a59660bba8 .param/l "BIT_PERIOD" 1 7 61, +C4<00000000000000000000000000000010>;
P_000001a59660bbe0 .param/l "CLK_FREQ" 0 7 2, +C4<00000000000000000000000000010100>;
L_000001a596659aa0 .functor AND 1, L_000001a596659f00, v000001a5966d3450_0, C4<1>, C4<1>;
L_000001a596659950 .functor AND 1, L_000001a596659aa0, v000001a5966d39f0_0, C4<1>, C4<1>;
L_000001a596659b10 .functor AND 1, L_000001a596659950, L_000001a5966d5570, C4<1>, C4<1>;
L_000001a596659480 .functor AND 1, L_000001a596659b10, L_000001a596640df0, C4<1>, C4<1>;
L_000001a5966591e0 .functor AND 1, L_000001a596659f00, v000001a5966d3450_0, C4<1>, C4<1>;
L_000001a596659250 .functor AND 1, L_000001a5966591e0, v000001a5966d39f0_0, C4<1>, C4<1>;
L_000001a5966593a0 .functor AND 1, L_000001a596659250, L_000001a5966d6f10, C4<1>, C4<1>;
L_000001a596659560 .functor AND 1, L_000001a596659f00, L_000001a5966d5cf0, C4<1>, C4<1>;
L_000001a596640df0 .functor OR 1, v000001a5966d09a0_0, v000001a5966d0220_0, C4<0>, C4<0>;
L_000001a596640f40 .functor BUFZ 8, v000001a5966d16c0_0, C4<00000000>, C4<00000000>, C4<00000000>;
L_000001a596641020 .functor BUFZ 1, v000001a5966d13a0_0, C4<0>, C4<0>, C4<0>;
v000001a59669e530_0 .net "PCLK", 0 0, v000001a5966d2af0_0;  alias, 1 drivers
v000001a59669e5d0_0 .net "PRESETn", 0 0, v000001a5966d6fb0_0;  alias, 1 drivers
v000001a59669e710_0 .net "UART_PADDR", 31 0, L_000001a5966d5e30;  1 drivers
v000001a59669e990_0 .net "UART_PENABLE", 0 0, v000001a5966d3450_0;  alias, 1 drivers
v000001a59669d450_0 .var "UART_PRDATA", 31 0;
v000001a59669d4f0_0 .net "UART_PREADY", 0 0, L_000001a5966d6f10;  alias, 1 drivers
v000001a59669d630_0 .net "UART_PSEL", 0 0, L_000001a596659f00;  alias, 1 drivers
v000001a5966d0b80_0 .net "UART_PWDATA", 31 0, v000001a5966d3810_0;  alias, 1 drivers
v000001a5966d1800_0 .net "UART_PWRITE", 0 0, v000001a5966d39f0_0;  alias, 1 drivers
v000001a5966d1940_0 .net *"_ivl_1", 0 0, L_000001a596659aa0;  1 drivers
v000001a5966d1a80_0 .net *"_ivl_13", 0 0, L_000001a596659480;  1 drivers
v000001a5966d1580_0 .net *"_ivl_17", 0 0, L_000001a5966591e0;  1 drivers
v000001a5966d18a0_0 .net *"_ivl_19", 0 0, L_000001a596659250;  1 drivers
v000001a5966d04a0_0 .net *"_ivl_23", 0 0, L_000001a5966d5cf0;  1 drivers
v000001a5966d0d60_0 .net *"_ivl_27", 0 0, L_000001a5966d6330;  1 drivers
L_000001a5966d76d0 .functor BUFT 1, C4<1>, C4<0>, C4<0>, C4<0>;
v000001a5966d1ee0_0 .net/2u *"_ivl_28", 0 0, L_000001a5966d76d0;  1 drivers
v000001a5966d1e40_0 .net *"_ivl_3", 0 0, L_000001a596659950;  1 drivers
v000001a5966d0360_0 .net *"_ivl_5", 7 0, L_000001a5966d6e70;  1 drivers
L_000001a5966d7688 .functor BUFT 1, C4<00000000>, C4<0>, C4<0>, C4<0>;
v000001a5966d1b20_0 .net/2u *"_ivl_6", 7 0, L_000001a5966d7688;  1 drivers
v000001a5966d0a40_0 .net *"_ivl_8", 0 0, L_000001a5966d5570;  1 drivers
v000001a5966d1f80_0 .net "apb_read", 0 0, L_000001a596659560;  1 drivers
v000001a5966d1300_0 .net "apb_write", 0 0, L_000001a5966593a0;  1 drivers
v000001a5966d19e0_0 .var "bit_idx", 3 0;
v000001a5966d0ae0_0 .var "clk_cnt", 15 0;
v000001a5966d1bc0_0 .var "rx_active", 0 0;
v000001a5966d00e0_0 .var "rx_bit_idx", 3 0;
v000001a5966d0180_0 .var "rx_clear", 0 0;
v000001a5966d0680_0 .var "rx_clk_cnt", 15 0;
v000001a5966d1620_0 .net "rx_data", 7 0, L_000001a596640f40;  1 drivers
v000001a5966d13a0_0 .var "rx_done", 0 0;
v000001a5966d1760_0 .net "rx_ready", 0 0, L_000001a596641020;  1 drivers
v000001a5966d16c0_0 .var "rx_shift_data", 7 0;
v000001a5966d0f40_0 .var "rx_sync", 1 0;
v000001a5966d09a0_0 .var "tx_active", 0 0;
v000001a5966d1c60_0 .net "tx_busy", 0 0, L_000001a596640df0;  1 drivers
v000001a5966d0fe0_0 .var "tx_data", 7 0;
v000001a5966d1d00_0 .var "tx_shift_reg", 9 0;
v000001a5966d0220_0 .var "tx_start", 0 0;
v000001a5966d0c20_0 .net "tx_write", 0 0, L_000001a596659b10;  1 drivers
v000001a5966d11c0_0 .net "uart_rx", 0 0, v000001a5966d6a10_0;  alias, 1 drivers
v000001a5966d02c0_0 .net "uart_tx", 0 0, L_000001a5966d5a70;  alias, 1 drivers
E_000001a596664d10/0 .event anyedge, v000001a5966d1f80_0, v000001a59669e710_0, v000001a5966d1620_0, v000001a596655300_0;
E_000001a596664d10/1 .event anyedge, v000001a5966d1760_0, v000001a5966d1c60_0;
E_000001a596664d10 .event/or E_000001a596664d10/0, E_000001a596664d10/1;
L_000001a5966d6e70 .part L_000001a5966d5e30, 0, 8;
L_000001a5966d5570 .cmp/eq 8, L_000001a5966d6e70, L_000001a5966d7688;
L_000001a5966d6f10 .reduce/nor L_000001a596659480;
L_000001a5966d5cf0 .reduce/nor v000001a5966d39f0_0;
L_000001a5966d6330 .part v000001a5966d1d00_0, 0, 1;
L_000001a5966d5a70 .functor MUXZ 1, L_000001a5966d76d0, L_000001a5966d6330, v000001a5966d09a0_0, C4<>;
S_000001a596605c50 .scope task, "fail" "fail" 3 65, 3 65 0, S_000001a596674bb0;
 .timescale -9 -12;
v000001a5966d2690_0 .var "message", 127 0;
TD_tb_apb_top_unit.fail ;
    %vpi_call/w 3 68 "$display", "FAIL: %0s", v000001a5966d2690_0 {0 0 0};
    %vpi_call/w 3 69 "$finish" {0 0 0};
    %end;
S_000001a596605de0 .scope begin, "i2c_check" "i2c_check" 3 125, 3 125 0, S_000001a596674bb0;
 .timescale -9 -12;
v000001a5966d3ef0_0 .var "data", 31 0;
S_000001a596616bd0 .scope begin, "spi_check" "spi_check" 3 118, 3 118 0, S_000001a596674bb0;
 .timescale -9 -12;
v000001a5966d33b0_0 .var "data", 31 0;
S_000001a596616d60 .scope begin, "uart_check" "uart_check" 3 110, 3 110 0, S_000001a596674bb0;
 .timescale -9 -12;
v000001a5966d2550_0 .var "data", 31 0;
    .scope S_000001a5965ee410;
T_2 ;
    %wait E_000001a596664cd0;
    %load/vec4 v000001a59669e5d0_0;
    %nor/r;
    %flag_set/vec4 8;
    %jmp/0xz  T_2.0, 8;
    %pushi/vec4 0, 0, 8;
    %assign/vec4 v000001a5966d0fe0_0, 0;
    %pushi/vec4 0, 0, 1;
    %assign/vec4 v000001a5966d0220_0, 0;
    %jmp T_2.1;
T_2.0 ;
    %pushi/vec4 0, 0, 1;
    %assign/vec4 v000001a5966d0220_0, 0;
    %load/vec4 v000001a5966d1300_0;
    %flag_set/vec4 9;
    %flag_get/vec4 9;
    %jmp/0 T_2.4, 9;
    %load/vec4 v000001a59669e710_0;
    %parti/s 8, 0, 2;
    %pushi/vec4 0, 0, 8;
    %cmp/e;
    %flag_get/vec4 4;
    %and;
T_2.4;
    %flag_set/vec4 8;
    %jmp/0xz  T_2.2, 8;
    %load/vec4 v000001a5966d0b80_0;
    %parti/s 8, 0, 2;
    %assign/vec4 v000001a5966d0fe0_0, 0;
    %pushi/vec4 1, 0, 1;
    %assign/vec4 v000001a5966d0220_0, 0;
T_2.2 ;
T_2.1 ;
    %jmp T_2;
    .thread T_2;
    .scope S_000001a5965ee410;
T_3 ;
    %wait E_000001a596664d10;
    %pushi/vec4 0, 0, 1;
    %store/vec4 v000001a5966d0180_0, 0, 1;
    %load/vec4 v000001a5966d1f80_0;
    %flag_set/vec4 8;
    %jmp/0xz  T_3.0, 8;
    %load/vec4 v000001a59669e710_0;
    %parti/s 8, 0, 2;
    %dup/vec4;
    %pushi/vec4 4, 0, 8;
    %cmp/u;
    %jmp/1 T_3.2, 6;
    %dup/vec4;
    %pushi/vec4 8, 0, 8;
    %cmp/u;
    %jmp/1 T_3.3, 6;
    %pushi/vec4 0, 0, 32;
    %store/vec4 v000001a59669d450_0, 0, 32;
    %jmp T_3.5;
T_3.2 ;
    %pushi/vec4 0, 0, 24;
    %load/vec4 v000001a5966d1620_0;
    %concat/vec4; draw_concat_vec4
    %store/vec4 v000001a59669d450_0, 0, 32;
    %load/vec4 v000001a59669e990_0;
    %store/vec4 v000001a5966d0180_0, 0, 1;
    %jmp T_3.5;
T_3.3 ;
    %pushi/vec4 0, 0, 30;
    %load/vec4 v000001a5966d1760_0;
    %concat/vec4; draw_concat_vec4
    %load/vec4 v000001a5966d1c60_0;
    %nor/r;
    %concat/vec4; draw_concat_vec4
    %store/vec4 v000001a59669d450_0, 0, 32;
    %jmp T_3.5;
T_3.5 ;
    %pop/vec4 1;
    %jmp T_3.1;
T_3.0 ;
    %pushi/vec4 0, 0, 32;
    %store/vec4 v000001a59669d450_0, 0, 32;
T_3.1 ;
    %jmp T_3;
    .thread T_3, $push;
    .scope S_000001a5965ee410;
T_4 ;
    %wait E_000001a596664cd0;
    %load/vec4 v000001a59669e5d0_0;
    %nor/r;
    %flag_set/vec4 8;
    %jmp/0xz  T_4.0, 8;
    %pushi/vec4 0, 0, 16;
    %assign/vec4 v000001a5966d0ae0_0, 0;
    %pushi/vec4 0, 0, 4;
    %assign/vec4 v000001a5966d19e0_0, 0;
    %pushi/vec4 0, 0, 1;
    %assign/vec4 v000001a5966d09a0_0, 0;
    %pushi/vec4 1, 0, 10;
    %assign/vec4 v000001a5966d1d00_0, 0;
    %jmp T_4.1;
T_4.0 ;
    %load/vec4 v000001a5966d0220_0;
    %flag_set/vec4 9;
    %flag_get/vec4 9;
    %jmp/0 T_4.4, 9;
    %load/vec4 v000001a5966d09a0_0;
    %nor/r;
    %and;
T_4.4;
    %flag_set/vec4 8;
    %jmp/0xz  T_4.2, 8;
    %pushi/vec4 1, 0, 1;
    %assign/vec4 v000001a5966d09a0_0, 0;
    %pushi/vec4 1, 0, 1;
    %load/vec4 v000001a5966d0fe0_0;
    %concat/vec4; draw_concat_vec4
    %concati/vec4 0, 0, 1;
    %assign/vec4 v000001a5966d1d00_0, 0;
    %pushi/vec4 0, 0, 16;
    %assign/vec4 v000001a5966d0ae0_0, 0;
    %pushi/vec4 0, 0, 4;
    %assign/vec4 v000001a5966d19e0_0, 0;
    %jmp T_4.3;
T_4.2 ;
    %load/vec4 v000001a5966d09a0_0;
    %flag_set/vec4 8;
    %jmp/0xz  T_4.5, 8;
    %load/vec4 v000001a5966d0ae0_0;
    %pad/u 32;
    %cmpi/u 1, 0, 32;
    %jmp/0xz  T_4.7, 5;
    %load/vec4 v000001a5966d0ae0_0;
    %addi 1, 0, 16;
    %assign/vec4 v000001a5966d0ae0_0, 0;
    %jmp T_4.8;
T_4.7 ;
    %pushi/vec4 0, 0, 16;
    %assign/vec4 v000001a5966d0ae0_0, 0;
    %load/vec4 v000001a5966d19e0_0;
    %pad/u 32;
    %cmpi/u 9, 0, 32;
    %jmp/0xz  T_4.9, 5;
    %load/vec4 v000001a5966d19e0_0;
    %addi 1, 0, 4;
    %assign/vec4 v000001a5966d19e0_0, 0;
    %load/vec4 v000001a5966d1d00_0;
    %ix/load 4, 1, 0;
    %flag_set/imm 4, 0;
    %shiftr 4;
    %assign/vec4 v000001a5966d1d00_0, 0;
    %jmp T_4.10;
T_4.9 ;
    %pushi/vec4 0, 0, 1;
    %assign/vec4 v000001a5966d09a0_0, 0;
T_4.10 ;
T_4.8 ;
T_4.5 ;
T_4.3 ;
T_4.1 ;
    %jmp T_4;
    .thread T_4;
    .scope S_000001a5965ee410;
T_5 ;
    %wait E_000001a596664010;
    %load/vec4 v000001a5966d0f40_0;
    %parti/s 1, 0, 2;
    %load/vec4 v000001a5966d11c0_0;
    %concat/vec4; draw_concat_vec4
    %assign/vec4 v000001a5966d0f40_0, 0;
    %jmp T_5;
    .thread T_5;
    .scope S_000001a5965ee410;
T_6 ;
    %wait E_000001a596664cd0;
    %load/vec4 v000001a59669e5d0_0;
    %nor/r;
    %flag_set/vec4 8;
    %jmp/0xz  T_6.0, 8;
    %pushi/vec4 0, 0, 1;
    %assign/vec4 v000001a5966d1bc0_0, 0;
    %pushi/vec4 0, 0, 16;
    %assign/vec4 v000001a5966d0680_0, 0;
    %pushi/vec4 0, 0, 4;
    %assign/vec4 v000001a5966d00e0_0, 0;
    %pushi/vec4 0, 0, 1;
    %assign/vec4 v000001a5966d13a0_0, 0;
    %jmp T_6.1;
T_6.0 ;
    %load/vec4 v000001a5966d0180_0;
    %flag_set/vec4 8;
    %jmp/0xz  T_6.2, 8;
    %pushi/vec4 0, 0, 1;
    %assign/vec4 v000001a5966d13a0_0, 0;
T_6.2 ;
    %load/vec4 v000001a5966d1bc0_0;
    %nor/r;
    %flag_set/vec4 9;
    %flag_get/vec4 9;
    %jmp/0 T_6.6, 9;
    %load/vec4 v000001a5966d0f40_0;
    %parti/s 1, 1, 2;
    %pushi/vec4 0, 0, 1;
    %cmp/e;
    %flag_get/vec4 4;
    %and;
T_6.6;
    %flag_set/vec4 8;
    %jmp/0xz  T_6.4, 8;
    %pushi/vec4 1, 0, 1;
    %assign/vec4 v000001a5966d1bc0_0, 0;
    %pushi/vec4 0, 0, 16;
    %assign/vec4 v000001a5966d0680_0, 0;
    %pushi/vec4 0, 0, 4;
    %assign/vec4 v000001a5966d00e0_0, 0;
    %jmp T_6.5;
T_6.4 ;
    %load/vec4 v000001a5966d1bc0_0;
    %flag_set/vec4 8;
    %jmp/0xz  T_6.7, 8;
    %load/vec4 v000001a5966d0680_0;
    %pad/u 32;
    %cmpi/u 1, 0, 32;
    %jmp/0xz  T_6.9, 5;
    %load/vec4 v000001a5966d0680_0;
    %addi 1, 0, 16;
    %assign/vec4 v000001a5966d0680_0, 0;
    %jmp T_6.10;
T_6.9 ;
    %pushi/vec4 0, 0, 16;
    %assign/vec4 v000001a5966d0680_0, 0;
    %load/vec4 v000001a5966d00e0_0;
    %pad/u 32;
    %cmpi/e 0, 0, 32;
    %jmp/0xz  T_6.11, 4;
    %load/vec4 v000001a5966d00e0_0;
    %addi 1, 0, 4;
    %assign/vec4 v000001a5966d00e0_0, 0;
    %jmp T_6.12;
T_6.11 ;
    %load/vec4 v000001a5966d00e0_0;
    %pad/u 32;
    %cmpi/u 8, 0, 32;
    %flag_or 5, 4;
    %jmp/0xz  T_6.13, 5;
    %load/vec4 v000001a5966d0f40_0;
    %parti/s 1, 1, 2;
    %load/vec4 v000001a5966d16c0_0;
    %parti/s 7, 1, 2;
    %concat/vec4; draw_concat_vec4
    %assign/vec4 v000001a5966d16c0_0, 0;
    %load/vec4 v000001a5966d00e0_0;
    %addi 1, 0, 4;
    %assign/vec4 v000001a5966d00e0_0, 0;
    %jmp T_6.14;
T_6.13 ;
    %pushi/vec4 0, 0, 1;
    %assign/vec4 v000001a5966d1bc0_0, 0;
    %pushi/vec4 1, 0, 1;
    %assign/vec4 v000001a5966d13a0_0, 0;
T_6.14 ;
T_6.12 ;
T_6.10 ;
T_6.7 ;
T_6.5 ;
T_6.1 ;
    %jmp T_6;
    .thread T_6;
    .scope S_000001a5965ee280;
T_7 ;
    %wait E_000001a596664cd0;
    %load/vec4 v000001a59669de50_0;
    %nor/r;
    %flag_set/vec4 8;
    %jmp/0xz  T_7.0, 8;
    %pushi/vec4 1, 0, 1;
    %assign/vec4 v000001a59669e030_0, 0;
    %pushi/vec4 0, 0, 1;
    %assign/vec4 v000001a59669e490_0, 0;
    %pushi/vec4 0, 0, 8;
    %assign/vec4 v000001a59669d590_0, 0;
    %jmp T_7.1;
T_7.0 ;
    %pushi/vec4 0, 0, 1;
    %assign/vec4 v000001a59669e490_0, 0;
    %load/vec4 v000001a59669e7b0_0;
    %flag_set/vec4 8;
    %jmp/0xz  T_7.2, 8;
    %load/vec4 v000001a59669d770_0;
    %parti/s 8, 0, 2;
    %dup/vec4;
    %pushi/vec4 0, 0, 8;
    %cmp/u;
    %jmp/1 T_7.4, 6;
    %dup/vec4;
    %pushi/vec4 4, 0, 8;
    %cmp/u;
    %jmp/1 T_7.5, 6;
    %jmp T_7.7;
T_7.4 ;
    %load/vec4 v000001a59669d8b0_0;
    %parti/s 8, 0, 2;
    %assign/vec4 v000001a59669d590_0, 0;
    %pushi/vec4 1, 0, 1;
    %assign/vec4 v000001a59669e490_0, 0;
    %jmp T_7.7;
T_7.5 ;
    %load/vec4 v000001a59669d8b0_0;
    %parti/s 1, 0, 2;
    %assign/vec4 v000001a59669e030_0, 0;
    %jmp T_7.7;
T_7.7 ;
    %pop/vec4 1;
T_7.2 ;
T_7.1 ;
    %jmp T_7;
    .thread T_7;
    .scope S_000001a5965ee280;
T_8 ;
    %wait E_000001a5966655d0;
    %load/vec4 v000001a59669d810_0;
    %flag_set/vec4 9;
    %flag_get/vec4 9;
    %jmp/0 T_8.2, 9;
    %load/vec4 v000001a59669cd70_0;
    %nor/r;
    %and;
T_8.2;
    %flag_set/vec4 8;
    %jmp/0xz  T_8.0, 8;
    %load/vec4 v000001a59669d770_0;
    %parti/s 8, 0, 2;
    %dup/vec4;
    %pushi/vec4 0, 0, 8;
    %cmp/u;
    %jmp/1 T_8.3, 6;
    %dup/vec4;
    %pushi/vec4 4, 0, 8;
    %cmp/u;
    %jmp/1 T_8.4, 6;
    %dup/vec4;
    %pushi/vec4 8, 0, 8;
    %cmp/u;
    %jmp/1 T_8.5, 6;
    %pushi/vec4 0, 0, 32;
    %store/vec4 v000001a59669dc70_0, 0, 32;
    %jmp T_8.7;
T_8.3 ;
    %pushi/vec4 0, 0, 24;
    %load/vec4 v000001a59669e850_0;
    %concat/vec4; draw_concat_vec4
    %store/vec4 v000001a59669dc70_0, 0, 32;
    %jmp T_8.7;
T_8.4 ;
    %pushi/vec4 0, 0, 31;
    %load/vec4 v000001a59669e030_0;
    %concat/vec4; draw_concat_vec4
    %store/vec4 v000001a59669dc70_0, 0, 32;
    %jmp T_8.7;
T_8.5 ;
    %pushi/vec4 0, 0, 31;
    %load/vec4 v000001a59669df90_0;
    %concat/vec4; draw_concat_vec4
    %store/vec4 v000001a59669dc70_0, 0, 32;
    %jmp T_8.7;
T_8.7 ;
    %pop/vec4 1;
    %jmp T_8.1;
T_8.0 ;
    %pushi/vec4 0, 0, 32;
    %store/vec4 v000001a59669dc70_0, 0, 32;
T_8.1 ;
    %jmp T_8;
    .thread T_8, $push;
    .scope S_000001a5965ee280;
T_9 ;
    %wait E_000001a596664cd0;
    %load/vec4 v000001a59669de50_0;
    %nor/r;
    %flag_set/vec4 8;
    %jmp/0xz  T_9.0, 8;
    %pushi/vec4 0, 0, 3;
    %assign/vec4 v000001a59669e8f0_0, 0;
    %pushi/vec4 0, 0, 1;
    %assign/vec4 v000001a59669e3f0_0, 0;
    %pushi/vec4 0, 0, 4;
    %assign/vec4 v000001a59669dd10_0, 0;
    %pushi/vec4 0, 0, 8;
    %assign/vec4 v000001a59669d310_0, 0;
    %pushi/vec4 0, 0, 1;
    %assign/vec4 v000001a59669df90_0, 0;
    %pushi/vec4 0, 0, 8;
    %assign/vec4 v000001a59669e850_0, 0;
    %pushi/vec4 0, 0, 8;
    %assign/vec4 v000001a59669ddb0_0, 0;
    %jmp T_9.1;
T_9.0 ;
    %load/vec4 v000001a59669e8f0_0;
    %dup/vec4;
    %pushi/vec4 0, 0, 3;
    %cmp/u;
    %jmp/1 T_9.2, 6;
    %dup/vec4;
    %pushi/vec4 1, 0, 3;
    %cmp/u;
    %jmp/1 T_9.3, 6;
    %dup/vec4;
    %pushi/vec4 2, 0, 3;
    %cmp/u;
    %jmp/1 T_9.4, 6;
    %pushi/vec4 0, 0, 3;
    %assign/vec4 v000001a59669e8f0_0, 0;
    %jmp T_9.6;
T_9.2 ;
    %pushi/vec4 0, 0, 1;
    %assign/vec4 v000001a59669e3f0_0, 0;
    %load/vec4 v000001a59669e490_0;
    %flag_set/vec4 9;
    %flag_get/vec4 9;
    %jmp/0 T_9.9, 9;
    %load/vec4 v000001a59669e030_0;
    %nor/r;
    %and;
T_9.9;
    %flag_set/vec4 8;
    %jmp/0xz  T_9.7, 8;
    %pushi/vec4 1, 0, 1;
    %assign/vec4 v000001a59669df90_0, 0;
    %pushi/vec4 0, 0, 4;
    %assign/vec4 v000001a59669dd10_0, 0;
    %pushi/vec4 0, 0, 8;
    %assign/vec4 v000001a59669d310_0, 0;
    %load/vec4 v000001a59669d590_0;
    %assign/vec4 v000001a59669ddb0_0, 0;
    %pushi/vec4 1, 0, 3;
    %assign/vec4 v000001a59669e8f0_0, 0;
    %jmp T_9.8;
T_9.7 ;
    %pushi/vec4 0, 0, 1;
    %assign/vec4 v000001a59669df90_0, 0;
T_9.8 ;
    %jmp T_9.6;
T_9.3 ;
    %pushi/vec4 1, 0, 1;
    %assign/vec4 v000001a59669e3f0_0, 0;
    %load/vec4 v000001a59669d310_0;
    %cmpi/e 5, 0, 8;
    %jmp/0xz  T_9.10, 4;
    %pushi/vec4 0, 0, 8;
    %assign/vec4 v000001a59669d310_0, 0;
    %load/vec4 v000001a59669e850_0;
    %parti/s 7, 0, 2;
    %load/vec4 v000001a59669e350_0;
    %concat/vec4; draw_concat_vec4
    %assign/vec4 v000001a59669e850_0, 0;
    %pushi/vec4 2, 0, 3;
    %assign/vec4 v000001a59669e8f0_0, 0;
    %jmp T_9.11;
T_9.10 ;
    %load/vec4 v000001a59669d310_0;
    %addi 1, 0, 8;
    %assign/vec4 v000001a59669d310_0, 0;
T_9.11 ;
    %jmp T_9.6;
T_9.4 ;
    %pushi/vec4 0, 0, 1;
    %assign/vec4 v000001a59669e3f0_0, 0;
    %load/vec4 v000001a59669d310_0;
    %cmpi/e 5, 0, 8;
    %jmp/0xz  T_9.12, 4;
    %pushi/vec4 0, 0, 8;
    %assign/vec4 v000001a59669d310_0, 0;
    %load/vec4 v000001a59669dd10_0;
    %pad/u 32;
    %cmpi/u 7, 0, 32;
    %jmp/0xz  T_9.14, 5;
    %load/vec4 v000001a59669dd10_0;
    %addi 1, 0, 4;
    %assign/vec4 v000001a59669dd10_0, 0;
    %load/vec4 v000001a59669ddb0_0;
    %ix/load 4, 1, 0;
    %flag_set/imm 4, 0;
    %shiftl 4;
    %assign/vec4 v000001a59669ddb0_0, 0;
    %pushi/vec4 1, 0, 3;
    %assign/vec4 v000001a59669e8f0_0, 0;
    %jmp T_9.15;
T_9.14 ;
    %pushi/vec4 0, 0, 3;
    %assign/vec4 v000001a59669e8f0_0, 0;
T_9.15 ;
    %jmp T_9.13;
T_9.12 ;
    %load/vec4 v000001a59669d310_0;
    %addi 1, 0, 8;
    %assign/vec4 v000001a59669d310_0, 0;
T_9.13 ;
    %jmp T_9.6;
T_9.6 ;
    %pop/vec4 1;
T_9.1 ;
    %jmp T_9;
    .thread T_9;
    .scope S_000001a596636250;
T_10 ;
    %wait E_000001a596664cd0;
    %load/vec4 v000001a596655760_0;
    %nor/r;
    %flag_set/vec4 8;
    %jmp/0xz  T_10.0, 8;
    %pushi/vec4 0, 0, 8;
    %assign/vec4 v000001a59669e170_0, 0;
    %pushi/vec4 0, 0, 4;
    %assign/vec4 v000001a59669dbd0_0, 0;
    %pushi/vec4 0, 0, 1;
    %assign/vec4 v000001a59669ce10_0, 0;
    %jmp T_10.1;
T_10.0 ;
    %pushi/vec4 0, 0, 1;
    %assign/vec4 v000001a59669ce10_0, 0;
    %load/vec4 v000001a596649ed0_0;
    %flag_set/vec4 8;
    %jmp/0xz  T_10.2, 8;
    %load/vec4 v000001a5966545e0_0;
    %parti/s 8, 0, 2;
    %cmpi/e 0, 0, 8;
    %jmp/0xz  T_10.4, 4;
    %load/vec4 v000001a596654360_0;
    %parti/s 8, 0, 2;
    %assign/vec4 v000001a59669e170_0, 0;
T_10.4 ;
    %load/vec4 v000001a5966545e0_0;
    %parti/s 8, 0, 2;
    %cmpi/e 4, 0, 8;
    %jmp/0xz  T_10.6, 4;
    %load/vec4 v000001a596654360_0;
    %parti/s 4, 0, 2;
    %assign/vec4 v000001a59669dbd0_0, 0;
    %pushi/vec4 1, 0, 1;
    %assign/vec4 v000001a59669ce10_0, 0;
T_10.6 ;
T_10.2 ;
T_10.1 ;
    %jmp T_10;
    .thread T_10;
    .scope S_000001a596636250;
T_11 ;
    %wait E_000001a596665a90;
    %load/vec4 v000001a596653c80_0;
    %flag_set/vec4 9;
    %flag_get/vec4 9;
    %jmp/0 T_11.2, 9;
    %load/vec4 v000001a596654540_0;
    %nor/r;
    %and;
T_11.2;
    %flag_set/vec4 8;
    %jmp/0xz  T_11.0, 8;
    %load/vec4 v000001a5966545e0_0;
    %parti/s 8, 0, 2;
    %dup/vec4;
    %pushi/vec4 0, 0, 8;
    %cmp/u;
    %jmp/1 T_11.3, 6;
    %dup/vec4;
    %pushi/vec4 8, 0, 8;
    %cmp/u;
    %jmp/1 T_11.4, 6;
    %pushi/vec4 0, 0, 32;
    %store/vec4 v000001a596654400_0, 0, 32;
    %jmp T_11.6;
T_11.3 ;
    %pushi/vec4 0, 0, 24;
    %load/vec4 v000001a59669e170_0;
    %concat/vec4; draw_concat_vec4
    %store/vec4 v000001a596654400_0, 0, 32;
    %jmp T_11.6;
T_11.4 ;
    %pushi/vec4 0, 0, 30;
    %load/vec4 v000001a59669da90_0;
    %concat/vec4; draw_concat_vec4
    %load/vec4 v000001a59669d6d0_0;
    %concat/vec4; draw_concat_vec4
    %store/vec4 v000001a596654400_0, 0, 32;
    %jmp T_11.6;
T_11.6 ;
    %pop/vec4 1;
    %jmp T_11.1;
T_11.0 ;
    %pushi/vec4 0, 0, 32;
    %store/vec4 v000001a596654400_0, 0, 32;
T_11.1 ;
    %jmp T_11;
    .thread T_11, $push;
    .scope S_000001a596636250;
T_12 ;
    %wait E_000001a596664cd0;
    %load/vec4 v000001a596655760_0;
    %nor/r;
    %flag_set/vec4 8;
    %jmp/0xz  T_12.0, 8;
    %pushi/vec4 0, 0, 4;
    %assign/vec4 v000001a59669e2b0_0, 0;
    %pushi/vec4 1, 0, 1;
    %assign/vec4 v000001a59669cff0_0, 0;
    %pushi/vec4 1, 0, 1;
    %assign/vec4 v000001a59669db30_0, 0;
    %pushi/vec4 1, 0, 1;
    %assign/vec4 v000001a59669e210_0, 0;
    %pushi/vec4 0, 0, 1;
    %assign/vec4 v000001a59664a0b0_0, 0;
    %pushi/vec4 0, 0, 1;
    %assign/vec4 v000001a5966558a0_0, 0;
    %pushi/vec4 0, 0, 8;
    %assign/vec4 v000001a59669ea30_0, 0;
    %pushi/vec4 0, 0, 3;
    %assign/vec4 v000001a596649930_0, 0;
    %jmp T_12.1;
T_12.0 ;
    %load/vec4 v000001a59669e2b0_0;
    %dup/vec4;
    %pushi/vec4 0, 0, 4;
    %cmp/u;
    %jmp/1 T_12.2, 6;
    %dup/vec4;
    %pushi/vec4 1, 0, 4;
    %cmp/u;
    %jmp/1 T_12.3, 6;
    %dup/vec4;
    %pushi/vec4 2, 0, 4;
    %cmp/u;
    %jmp/1 T_12.4, 6;
    %dup/vec4;
    %pushi/vec4 3, 0, 4;
    %cmp/u;
    %jmp/1 T_12.5, 6;
    %dup/vec4;
    %pushi/vec4 4, 0, 4;
    %cmp/u;
    %jmp/1 T_12.6, 6;
    %dup/vec4;
    %pushi/vec4 5, 0, 4;
    %cmp/u;
    %jmp/1 T_12.7, 6;
    %dup/vec4;
    %pushi/vec4 6, 0, 4;
    %cmp/u;
    %jmp/1 T_12.8, 6;
    %pushi/vec4 0, 0, 4;
    %assign/vec4 v000001a59669e2b0_0, 0;
    %jmp T_12.10;
T_12.2 ;
    %pushi/vec4 1, 0, 1;
    %assign/vec4 v000001a59669cff0_0, 0;
    %pushi/vec4 1, 0, 1;
    %assign/vec4 v000001a59669db30_0, 0;
    %pushi/vec4 1, 0, 1;
    %assign/vec4 v000001a59669e210_0, 0;
    %load/vec4 v000001a59669ce10_0;
    %flag_set/vec4 8;
    %jmp/0xz  T_12.11, 8;
    %pushi/vec4 1, 0, 1;
    %assign/vec4 v000001a59664a0b0_0, 0;
    %pushi/vec4 0, 0, 8;
    %assign/vec4 v000001a59669ea30_0, 0;
    %load/vec4 v000001a59669dbd0_0;
    %parti/s 1, 0, 2;
    %flag_set/vec4 8;
    %jmp/0xz  T_12.13, 8;
    %pushi/vec4 1, 0, 4;
    %assign/vec4 v000001a59669e2b0_0, 0;
    %jmp T_12.14;
T_12.13 ;
    %load/vec4 v000001a59669dbd0_0;
    %parti/s 1, 1, 2;
    %flag_set/vec4 8;
    %jmp/0xz  T_12.15, 8;
    %pushi/vec4 3, 0, 4;
    %assign/vec4 v000001a59669e2b0_0, 0;
    %jmp T_12.16;
T_12.15 ;
    %load/vec4 v000001a59669dbd0_0;
    %parti/s 1, 2, 3;
    %flag_set/vec4 8;
    %jmp/0xz  T_12.17, 8;
    %pushi/vec4 7, 0, 3;
    %assign/vec4 v000001a596649930_0, 0;
    %pushi/vec4 5, 0, 4;
    %assign/vec4 v000001a59669e2b0_0, 0;
T_12.17 ;
T_12.16 ;
T_12.14 ;
    %jmp T_12.12;
T_12.11 ;
    %pushi/vec4 0, 0, 1;
    %assign/vec4 v000001a59664a0b0_0, 0;
T_12.12 ;
    %jmp T_12.10;
T_12.3 ;
    %pushi/vec4 0, 0, 1;
    %assign/vec4 v000001a59669db30_0, 0;
    %load/vec4 v000001a59669ea30_0;
    %addi 1, 0, 8;
    %assign/vec4 v000001a59669ea30_0, 0;
    %load/vec4 v000001a59669ea30_0;
    %pad/u 32;
    %cmpi/e 50, 0, 32;
    %jmp/0xz  T_12.19, 4;
    %pushi/vec4 0, 0, 8;
    %assign/vec4 v000001a59669ea30_0, 0;
    %pushi/vec4 2, 0, 4;
    %assign/vec4 v000001a59669e2b0_0, 0;
T_12.19 ;
    %jmp T_12.10;
T_12.4 ;
    %pushi/vec4 0, 0, 1;
    %assign/vec4 v000001a59669cff0_0, 0;
    %load/vec4 v000001a59669ea30_0;
    %addi 1, 0, 8;
    %assign/vec4 v000001a59669ea30_0, 0;
    %load/vec4 v000001a59669ea30_0;
    %pad/u 32;
    %cmpi/e 50, 0, 32;
    %jmp/0xz  T_12.21, 4;
    %pushi/vec4 0, 0, 8;
    %assign/vec4 v000001a59669ea30_0, 0;
    %pushi/vec4 0, 0, 4;
    %assign/vec4 v000001a59669e2b0_0, 0;
T_12.21 ;
    %jmp T_12.10;
T_12.5 ;
    %pushi/vec4 0, 0, 1;
    %assign/vec4 v000001a59669db30_0, 0;
    %pushi/vec4 1, 0, 1;
    %assign/vec4 v000001a59669cff0_0, 0;
    %load/vec4 v000001a59669ea30_0;
    %addi 1, 0, 8;
    %assign/vec4 v000001a59669ea30_0, 0;
    %load/vec4 v000001a59669ea30_0;
    %pad/u 32;
    %cmpi/e 50, 0, 32;
    %jmp/0xz  T_12.23, 4;
    %pushi/vec4 0, 0, 8;
    %assign/vec4 v000001a59669ea30_0, 0;
    %pushi/vec4 4, 0, 4;
    %assign/vec4 v000001a59669e2b0_0, 0;
T_12.23 ;
    %jmp T_12.10;
T_12.6 ;
    %pushi/vec4 1, 0, 1;
    %assign/vec4 v000001a59669db30_0, 0;
    %load/vec4 v000001a59669ea30_0;
    %addi 1, 0, 8;
    %assign/vec4 v000001a59669ea30_0, 0;
    %load/vec4 v000001a59669ea30_0;
    %pad/u 32;
    %cmpi/e 50, 0, 32;
    %jmp/0xz  T_12.25, 4;
    %pushi/vec4 0, 0, 8;
    %assign/vec4 v000001a59669ea30_0, 0;
    %pushi/vec4 0, 0, 4;
    %assign/vec4 v000001a59669e2b0_0, 0;
T_12.25 ;
    %jmp T_12.10;
T_12.7 ;
    %load/vec4 v000001a59669e170_0;
    %load/vec4 v000001a596649930_0;
    %part/u 1;
    %assign/vec4 v000001a59669db30_0, 0;
    %load/vec4 v000001a59669ea30_0;
    %addi 1, 0, 8;
    %assign/vec4 v000001a59669ea30_0, 0;
    %load/vec4 v000001a59669ea30_0;
    %pad/u 32;
    %cmpi/e 25, 0, 32;
    %jmp/0xz  T_12.27, 4;
    %pushi/vec4 1, 0, 1;
    %assign/vec4 v000001a59669cff0_0, 0;
T_12.27 ;
    %load/vec4 v000001a59669ea30_0;
    %pad/u 32;
    %cmpi/e 50, 0, 32;
    %jmp/0xz  T_12.29, 4;
    %pushi/vec4 0, 0, 1;
    %assign/vec4 v000001a59669cff0_0, 0;
    %pushi/vec4 0, 0, 8;
    %assign/vec4 v000001a59669ea30_0, 0;
    %load/vec4 v000001a596649930_0;
    %pad/u 32;
    %cmpi/u 0, 0, 32;
    %flag_or 5, 4; GT is !LE
    %flag_inv 5;
    %jmp/0xz  T_12.31, 5;
    %load/vec4 v000001a596649930_0;
    %subi 1, 0, 3;
    %assign/vec4 v000001a596649930_0, 0;
    %jmp T_12.32;
T_12.31 ;
    %pushi/vec4 6, 0, 4;
    %assign/vec4 v000001a59669e2b0_0, 0;
T_12.32 ;
T_12.29 ;
    %jmp T_12.10;
T_12.8 ;
    %pushi/vec4 0, 0, 1;
    %assign/vec4 v000001a59669e210_0, 0;
    %load/vec4 v000001a59669ea30_0;
    %addi 1, 0, 8;
    %assign/vec4 v000001a59669ea30_0, 0;
    %load/vec4 v000001a59669ea30_0;
    %pad/u 32;
    %cmpi/e 25, 0, 32;
    %jmp/0xz  T_12.33, 4;
    %pushi/vec4 1, 0, 1;
    %assign/vec4 v000001a59669cff0_0, 0;
    %load/vec4 v000001a59669ead0_0;
    %assign/vec4 v000001a5966558a0_0, 0;
T_12.33 ;
    %load/vec4 v000001a59669ea30_0;
    %pad/u 32;
    %cmpi/e 50, 0, 32;
    %jmp/0xz  T_12.35, 4;
    %pushi/vec4 0, 0, 1;
    %assign/vec4 v000001a59669cff0_0, 0;
    %pushi/vec4 0, 0, 8;
    %assign/vec4 v000001a59669ea30_0, 0;
    %pushi/vec4 0, 0, 4;
    %assign/vec4 v000001a59669e2b0_0, 0;
T_12.35 ;
    %jmp T_12.10;
T_12.10 ;
    %pop/vec4 1;
T_12.1 ;
    %jmp T_12;
    .thread T_12;
    .scope S_000001a596635f70;
T_13 ;
    %wait E_000001a5966640d0;
    %pushi/vec4 1, 0, 1;
    %dup/vec4;
    %load/vec4 v000001a5966d3f90_0;
    %cmp/u;
    %jmp/1 T_13.0, 6;
    %dup/vec4;
    %load/vec4 v000001a5966d31d0_0;
    %cmp/u;
    %jmp/1 T_13.1, 6;
    %dup/vec4;
    %load/vec4 v000001a5966d3b30_0;
    %cmp/u;
    %jmp/1 T_13.2, 6;
    %pushi/vec4 0, 0, 32;
    %store/vec4 v000001a5966d0540_0, 0, 32;
    %jmp T_13.4;
T_13.0 ;
    %load/vec4 v000001a5966d2370_0;
    %store/vec4 v000001a5966d0540_0, 0, 32;
    %jmp T_13.4;
T_13.1 ;
    %load/vec4 v000001a5966d3770_0;
    %store/vec4 v000001a5966d0540_0, 0, 32;
    %jmp T_13.4;
T_13.2 ;
    %load/vec4 v000001a5966d2a50_0;
    %store/vec4 v000001a5966d0540_0, 0, 32;
    %jmp T_13.4;
T_13.4 ;
    %pop/vec4 1;
    %jmp T_13;
    .thread T_13, $push;
    .scope S_000001a596674bb0;
T_14 ;
    %pushi/vec4 0, 0, 1;
    %store/vec4 v000001a5966d2af0_0, 0, 1;
    %pushi/vec4 0, 0, 1;
    %store/vec4 v000001a5966d6fb0_0, 0, 1;
    %pushi/vec4 0, 0, 32;
    %store/vec4 v000001a5966d2910_0, 0, 32;
    %pushi/vec4 0, 0, 1;
    %store/vec4 v000001a5966d2730_0, 0, 1;
    %pushi/vec4 0, 0, 1;
    %store/vec4 v000001a5966d39f0_0, 0, 1;
    %pushi/vec4 0, 0, 1;
    %store/vec4 v000001a5966d3450_0, 0, 1;
    %pushi/vec4 0, 0, 32;
    %store/vec4 v000001a5966d3810_0, 0, 32;
    %pushi/vec4 1, 0, 1;
    %store/vec4 v000001a5966d6a10_0, 0, 1;
    %pushi/vec4 1, 0, 1;
    %store/vec4 v000001a5966d6510_0, 0, 1;
    %pushi/vec4 0, 0, 1;
    %store/vec4 v000001a5966d5c50_0, 0, 1;
    %end;
    .thread T_14, $init;
    .scope S_000001a596674bb0;
T_15 ;
    %delay 5000, 0;
    %load/vec4 v000001a5966d2af0_0;
    %inv;
    %store/vec4 v000001a5966d2af0_0, 0, 1;
    %jmp T_15;
    .thread T_15;
    .scope S_000001a596674bb0;
T_16 ;
    %vpi_call/w 3 99 "$dumpfile", "tb_apb_top_unit.vcd" {0 0 0};
    %vpi_call/w 3 100 "$dumpvars", 32'sb00000000000000000000000000000000, S_000001a596674bb0 {0 0 0};
    %pushi/vec4 4, 0, 32;
T_16.0 %dup/vec4;
    %pushi/vec4 0, 0, 32;
    %cmp/s;
    %jmp/1xz T_16.1, 5;
    %jmp/1 T_16.1, 4;
    %pushi/vec4 1, 0, 32;
    %sub;
    %wait E_000001a596664010;
    %jmp T_16.0;
T_16.1 ;
    %pop/vec4 1;
    %pushi/vec4 1, 0, 1;
    %assign/vec4 v000001a5966d6fb0_0, 0;
    %pushi/vec4 2, 0, 32;
T_16.2 %dup/vec4;
    %pushi/vec4 0, 0, 32;
    %cmp/s;
    %jmp/1xz T_16.3, 5;
    %jmp/1 T_16.3, 4;
    %pushi/vec4 1, 0, 32;
    %sub;
    %wait E_000001a596664010;
    %jmp T_16.2;
T_16.3 ;
    %pop/vec4 1;
    %load/vec4 v000001a5966d3f90_0;
    %cmpi/ne 0, 0, 1;
    %jmp/1 T_16.7, 6;
    %flag_mov 8, 6;
    %load/vec4 v000001a5966d31d0_0;
    %cmpi/ne 0, 0, 1;
    %flag_or 6, 8;
T_16.7;
    %jmp/1 T_16.6, 6;
    %flag_mov 8, 6;
    %load/vec4 v000001a5966d3b30_0;
    %cmpi/ne 0, 0, 1;
    %flag_or 6, 8;
T_16.6;
    %jmp/0xz  T_16.4, 6;
    %pushi/vec4 3536378058, 0, 33;
    %concati/vec4 2173016529, 0, 33;
    %concati/vec4 2512945609, 0, 32;
    %concati/vec4 628319604, 0, 30;
    %store/vec4 v000001a5966d2690_0, 0, 128;
    %fork TD_tb_apb_top_unit.fail, S_000001a596605c50;
    %join;
T_16.4 ;
    %fork t_1, S_000001a596616d60;
    %jmp t_0;
    .scope S_000001a596616d60;
t_1 ;
    %pushi/vec4 1073741832, 0, 32;
    %store/vec4 v000001a5966559e0_0, 0, 32;
    %fork TD_tb_apb_top_unit.apb_read, S_000001a596674d40;
    %join;
    %load/vec4 v000001a596654b80_0;
    %store/vec4 v000001a5966d2550_0, 0, 32;
    %load/vec4 v000001a5966d3f90_0;
    %nor/r;
    %flag_set/vec4 8;
    %jmp/1 T_16.11, 8;
    %load/vec4 v000001a5966d31d0_0;
    %flag_set/vec4 9;
    %flag_or 8, 9;
T_16.11;
    %jmp/1 T_16.10, 8;
    %load/vec4 v000001a5966d3b30_0;
    %flag_set/vec4 9;
    %flag_or 8, 9;
T_16.10;
    %jmp/0xz  T_16.8, 8;
    %pushi/vec4 3268597962, 0, 33;
    %concati/vec4 3359691484, 0, 32;
    %concati/vec4 2173026697, 0, 33;
    %concati/vec4 527724400, 0, 30;
    %store/vec4 v000001a5966d2690_0, 0, 128;
    %fork TD_tb_apb_top_unit.fail, S_000001a596605c50;
    %join;
T_16.8 ;
    %load/vec4 v000001a5966d34f0_0;
    %cmpi/ne 1, 0, 1;
    %jmp/0xz  T_16.12, 6;
    %pushi/vec4 3838493384, 0, 33;
    %concati/vec4 4064334556, 0, 32;
    %concati/vec4 2173026697, 0, 33;
    %concati/vec4 527724400, 0, 30;
    %store/vec4 v000001a5966d2690_0, 0, 128;
    %fork TD_tb_apb_top_unit.fail, S_000001a596605c50;
    %join;
T_16.12 ;
    %load/vec4 v000001a5966d2550_0;
    %parti/s 2, 0, 2;
    %cmpi/ne 1, 0, 2;
    %jmp/0xz  T_16.14, 6;
    %pushi/vec4 3839675080, 0, 33;
    %concati/vec4 2178795965, 0, 33;
    %concati/vec4 3114041817, 0, 32;
    %concati/vec4 560756069, 0, 30;
    %store/vec4 v000001a5966d2690_0, 0, 128;
    %fork TD_tb_apb_top_unit.fail, S_000001a596605c50;
    %join;
T_16.14 ;
    %end;
    .scope S_000001a596674bb0;
t_0 %join;
    %fork t_3, S_000001a596616bd0;
    %jmp t_2;
    .scope S_000001a596616bd0;
t_3 ;
    %pushi/vec4 1073745928, 0, 32;
    %store/vec4 v000001a5966559e0_0, 0, 32;
    %fork TD_tb_apb_top_unit.apb_read, S_000001a596674d40;
    %join;
    %load/vec4 v000001a596654b80_0;
    %store/vec4 v000001a5966d33b0_0, 0, 32;
    %load/vec4 v000001a5966d3f90_0;
    %flag_set/vec4 8;
    %jmp/1 T_16.19, 8;
    %load/vec4 v000001a5966d31d0_0;
    %nor/r;
    %flag_set/vec4 9;
    %flag_or 8, 9;
T_16.19;
    %jmp/1 T_16.18, 8;
    %load/vec4 v000001a5966d3b30_0;
    %flag_set/vec4 9;
    %flag_or 8, 9;
T_16.18;
    %jmp/0xz  T_16.16, 8;
    %pushi/vec4 3268597962, 0, 33;
    %concati/vec4 3359691484, 0, 32;
    %concati/vec4 2173026697, 0, 33;
    %concati/vec4 527724400, 0, 30;
    %store/vec4 v000001a5966d2690_0, 0, 128;
    %fork TD_tb_apb_top_unit.fail, S_000001a596605c50;
    %join;
T_16.16 ;
    %load/vec4 v000001a5966d33b0_0;
    %parti/s 1, 0, 2;
    %cmpi/ne 0, 0, 1;
    %jmp/0xz  T_16.20, 6;
    %pushi/vec4 3839675080, 0, 33;
    %concati/vec4 2178795965, 0, 33;
    %concati/vec4 3114041817, 0, 32;
    %concati/vec4 560756069, 0, 30;
    %store/vec4 v000001a5966d2690_0, 0, 128;
    %fork TD_tb_apb_top_unit.fail, S_000001a596605c50;
    %join;
T_16.20 ;
    %end;
    .scope S_000001a596674bb0;
t_2 %join;
    %fork t_5, S_000001a596605de0;
    %jmp t_4;
    .scope S_000001a596605de0;
t_5 ;
    %pushi/vec4 1073750024, 0, 32;
    %store/vec4 v000001a5966559e0_0, 0, 32;
    %fork TD_tb_apb_top_unit.apb_read, S_000001a596674d40;
    %join;
    %load/vec4 v000001a596654b80_0;
    %store/vec4 v000001a5966d3ef0_0, 0, 32;
    %load/vec4 v000001a5966d3f90_0;
    %flag_set/vec4 8;
    %jmp/1 T_16.25, 8;
    %load/vec4 v000001a5966d31d0_0;
    %flag_set/vec4 9;
    %flag_or 8, 9;
T_16.25;
    %jmp/1 T_16.24, 8;
    %load/vec4 v000001a5966d3b30_0;
    %nor/r;
    %flag_set/vec4 9;
    %flag_or 8, 9;
T_16.24;
    %jmp/0xz  T_16.22, 8;
    %pushi/vec4 3268597962, 0, 33;
    %concati/vec4 3359691484, 0, 32;
    %concati/vec4 2173026697, 0, 33;
    %concati/vec4 527724400, 0, 30;
    %store/vec4 v000001a5966d2690_0, 0, 128;
    %fork TD_tb_apb_top_unit.fail, S_000001a596605c50;
    %join;
T_16.22 ;
    %load/vec4 v000001a5966d3ef0_0;
    %parti/s 2, 0, 2;
    %cmpi/ne 0, 0, 2;
    %jmp/0xz  T_16.26, 6;
    %pushi/vec4 3839675080, 0, 33;
    %concati/vec4 2178795965, 0, 33;
    %concati/vec4 3114041817, 0, 32;
    %concati/vec4 560756069, 0, 30;
    %store/vec4 v000001a5966d2690_0, 0, 128;
    %fork TD_tb_apb_top_unit.fail, S_000001a596605c50;
    %join;
T_16.26 ;
    %end;
    .scope S_000001a596674bb0;
t_4 %join;
    %load/vec4 v000001a5966d3c70_0;
    %cmpi/ne 0, 0, 1;
    %jmp/0xz  T_16.28, 6;
    %pushi/vec4 3359693022, 0, 33;
    %concati/vec4 3997221608, 0, 32;
    %concati/vec4 2173026697, 0, 33;
    %concati/vec4 527724400, 0, 30;
    %store/vec4 v000001a5966d2690_0, 0, 128;
    %fork TD_tb_apb_top_unit.fail, S_000001a596605c50;
    %join;
T_16.28 ;
    %vpi_call/w 3 134 "$display", "PASS: apb_top self-check completed" {0 0 0};
    %vpi_call/w 3 135 "$finish" {0 0 0};
    %end;
    .thread T_16;
# The file index is used to find the file name in the following table.
:file_names 8;
    "N/A";
    "<interactive>";
    "-";
    "c:\Users\Nick\custom_SOC\DO_AN\DO_AN.srcs\sim_1\new\tb_apb_top_unit.v";
    "c:\Users\Nick\custom_SOC\DO_AN\DO_AN.srcs\sources_1\new\apb_top.v";
    "c:\Users\Nick\custom_SOC\DO_AN\DO_AN.srcs\sources_1\new\apb_i2c_slave.v";
    "c:\Users\Nick\custom_SOC\DO_AN\DO_AN.srcs\sources_1\new\apb_spi_slave.v";
    "c:\Users\Nick\custom_SOC\DO_AN\DO_AN.srcs\sources_1\new\apb_uart_slave.v";
