#! /c/Source/iverilog-install/bin/vvp
:ivl_version "12.0 (devel)" "(s20150603-1539-g2693dd32b)";
:ivl_delay_selection "TYPICAL";
:vpi_time_precision - 12;
:vpi_module "C:\iverilog\lib\ivl\system.vpi";
:vpi_module "C:\iverilog\lib\ivl\vhdl_sys.vpi";
:vpi_module "C:\iverilog\lib\ivl\vhdl_textio.vpi";
:vpi_module "C:\iverilog\lib\ivl\v2005_math.vpi";
:vpi_module "C:\iverilog\lib\ivl\va_math.vpi";
:vpi_module "C:\iverilog\lib\ivl\v2009.vpi";
S_000001be88c5bed0 .scope package, "$unit" "$unit" 2 1;
 .timescale 0 0;
S_000001be88c5c060 .scope module, "tb_apb_uart_slave_unit" "tb_apb_uart_slave_unit" 3 4;
 .timescale -9 -12;
v000001be88cb9ce0_0 .var "UART_PADDR", 31 0;
v000001be88cb9ec0_0 .var "UART_PENABLE", 0 0;
v000001be88cb9f60_0 .net "UART_PRDATA", 31 0, v000001be88c4d0b0_0;  1 drivers
v000001be88cb80c0_0 .net "UART_PREADY", 0 0, L_000001be88cbb2a0;  1 drivers
v000001be88cb8160_0 .var "UART_PSEL", 0 0;
v000001be88cb85c0_0 .var "UART_PWDATA", 31 0;
v000001be88cbb200_0 .var "UART_PWRITE", 0 0;
v000001be88cba940_0 .var "clk", 0 0;
v000001be88cba760_0 .var "presetn", 0 0;
v000001be88cbaf80_0 .var "sampled_frame", 9 0;
v000001be88cbb160_0 .var "uart_rx", 0 0;
v000001be88cbb7a0_0 .net "uart_tx", 0 0, L_000001be88cbada0;  1 drivers
S_000001be88c5ab00 .scope task, "apb_read" "apb_read" 3 74, 3 74 0, S_000001be88c5c060;
 .timescale -9 -12;
v000001be88c4d1f0_0 .var "addr", 7 0;
v000001be88c4de70_0 .var "data", 31 0;
E_000001be88c58050 .event posedge, v000001be88c4d470_0;
E_000001be88c58850 .event negedge, v000001be88c4d470_0;
TD_tb_apb_uart_slave_unit.apb_read ;
    %wait E_000001be88c58850;
    %pushi/vec4 0, 0, 24;
    %load/vec4 v000001be88c4d1f0_0;
    %concat/vec4; draw_concat_vec4
    %assign/vec4 v000001be88cb9ce0_0, 0;
    %pushi/vec4 0, 0, 1;
    %assign/vec4 v000001be88cbb200_0, 0;
    %pushi/vec4 1, 0, 1;
    %assign/vec4 v000001be88cb8160_0, 0;
    %pushi/vec4 0, 0, 1;
    %assign/vec4 v000001be88cb9ec0_0, 0;
    %wait E_000001be88c58050;
    %delay 1000, 0;
    %pushi/vec4 1, 0, 1;
    %assign/vec4 v000001be88cb9ec0_0, 0;
T_0.0 ;
    %load/vec4 v000001be88cb80c0_0;
    %nor/r;
    %flag_set/vec4 8;
    %jmp/0xz T_0.1, 8;
    %wait E_000001be88c58050;
    %delay 1000, 0;
    %jmp T_0.0;
T_0.1 ;
    %load/vec4 v000001be88cb9f60_0;
    %store/vec4 v000001be88c4de70_0, 0, 32;
    %wait E_000001be88c58050;
    %delay 1000, 0;
    %pushi/vec4 0, 0, 1;
    %assign/vec4 v000001be88cb8160_0, 0;
    %pushi/vec4 0, 0, 1;
    %assign/vec4 v000001be88cb9ec0_0, 0;
    %pushi/vec4 0, 0, 32;
    %assign/vec4 v000001be88cb9ce0_0, 0;
    %end;
S_000001be88c5ac90 .scope task, "apb_write" "apb_write" 3 47, 3 47 0, S_000001be88c5c060;
 .timescale -9 -12;
v000001be88c4d5b0_0 .var "addr", 7 0;
v000001be88c4dab0_0 .var "data", 7 0;
TD_tb_apb_uart_slave_unit.apb_write ;
    %wait E_000001be88c58850;
    %pushi/vec4 0, 0, 24;
    %load/vec4 v000001be88c4d5b0_0;
    %concat/vec4; draw_concat_vec4
    %assign/vec4 v000001be88cb9ce0_0, 0;
    %pushi/vec4 0, 0, 24;
    %load/vec4 v000001be88c4dab0_0;
    %concat/vec4; draw_concat_vec4
    %assign/vec4 v000001be88cb85c0_0, 0;
    %pushi/vec4 1, 0, 1;
    %assign/vec4 v000001be88cbb200_0, 0;
    %pushi/vec4 1, 0, 1;
    %assign/vec4 v000001be88cb8160_0, 0;
    %pushi/vec4 0, 0, 1;
    %assign/vec4 v000001be88cb9ec0_0, 0;
    %wait E_000001be88c58050;
    %delay 1000, 0;
    %pushi/vec4 1, 0, 1;
    %assign/vec4 v000001be88cb9ec0_0, 0;
T_1.2 ;
    %load/vec4 v000001be88cb80c0_0;
    %nor/r;
    %flag_set/vec4 8;
    %jmp/0xz T_1.3, 8;
    %wait E_000001be88c58050;
    %delay 1000, 0;
    %jmp T_1.2;
T_1.3 ;
    %wait E_000001be88c58050;
    %delay 1000, 0;
    %pushi/vec4 0, 0, 1;
    %assign/vec4 v000001be88cb8160_0, 0;
    %pushi/vec4 0, 0, 1;
    %assign/vec4 v000001be88cb9ec0_0, 0;
    %pushi/vec4 0, 0, 1;
    %assign/vec4 v000001be88cbb200_0, 0;
    %pushi/vec4 0, 0, 32;
    %assign/vec4 v000001be88cb9ce0_0, 0;
    %pushi/vec4 0, 0, 32;
    %assign/vec4 v000001be88cb85c0_0, 0;
    %end;
S_000001be88c0c360 .scope task, "drive_uart_rx_byte" "drive_uart_rx_byte" 3 99, 3 99 0, S_000001be88c5c060;
 .timescale -9 -12;
v000001be88c4dc90_0 .var/i "bit_idx", 31 0;
v000001be88c4d8d0_0 .var "value", 7 0;
TD_tb_apb_uart_slave_unit.drive_uart_rx_byte ;
    %pushi/vec4 0, 0, 1;
    %assign/vec4 v000001be88cbb160_0, 0;
    %pushi/vec4 2, 0, 32;
T_2.4 %dup/vec4;
    %pushi/vec4 0, 0, 32;
    %cmp/s;
    %jmp/1xz T_2.5, 5;
    %jmp/1 T_2.5, 4;
    %pushi/vec4 1, 0, 32;
    %sub;
    %wait E_000001be88c58050;
    %jmp T_2.4;
T_2.5 ;
    %pop/vec4 1;
    %pushi/vec4 0, 0, 32;
    %store/vec4 v000001be88c4dc90_0, 0, 32;
T_2.6 ;
    %load/vec4 v000001be88c4dc90_0;
    %cmpi/s 8, 0, 32;
    %jmp/0xz T_2.7, 5;
    %load/vec4 v000001be88c4d8d0_0;
    %load/vec4 v000001be88c4dc90_0;
    %part/s 1;
    %assign/vec4 v000001be88cbb160_0, 0;
    %pushi/vec4 2, 0, 32;
T_2.8 %dup/vec4;
    %pushi/vec4 0, 0, 32;
    %cmp/s;
    %jmp/1xz T_2.9, 5;
    %jmp/1 T_2.9, 4;
    %pushi/vec4 1, 0, 32;
    %sub;
    %wait E_000001be88c58050;
    %jmp T_2.8;
T_2.9 ;
    %pop/vec4 1;
    %load/vec4 v000001be88c4dc90_0;
    %addi 1, 0, 32;
    %store/vec4 v000001be88c4dc90_0, 0, 32;
    %jmp T_2.6;
T_2.7 ;
    %pushi/vec4 1, 0, 1;
    %assign/vec4 v000001be88cbb160_0, 0;
    %pushi/vec4 2, 0, 32;
T_2.10 %dup/vec4;
    %pushi/vec4 0, 0, 32;
    %cmp/s;
    %jmp/1xz T_2.11, 5;
    %jmp/1 T_2.11, 4;
    %pushi/vec4 1, 0, 32;
    %sub;
    %wait E_000001be88c58050;
    %jmp T_2.10;
T_2.11 ;
    %pop/vec4 1;
    %end;
S_000001be88c0c4f0 .scope module, "dut" "apb_uart_slave" 3 25, 4 1 0, S_000001be88c5c060;
 .timescale 0 0;
    .port_info 0 /INPUT 1 "PCLK";
    .port_info 1 /INPUT 1 "PRESETn";
    .port_info 2 /INPUT 32 "UART_PADDR";
    .port_info 3 /INPUT 1 "UART_PSEL";
    .port_info 4 /INPUT 1 "UART_PENABLE";
    .port_info 5 /INPUT 1 "UART_PWRITE";
    .port_info 6 /INPUT 32 "UART_PWDATA";
    .port_info 7 /OUTPUT 32 "UART_PRDATA";
    .port_info 8 /OUTPUT 1 "UART_PREADY";
    .port_info 9 /OUTPUT 1 "uart_tx";
    .port_info 10 /INPUT 1 "uart_rx";
P_000001be88c5cf90 .param/l "BAUD_RATE" 0 4 3, +C4<00000000000000000000000000001010>;
P_000001be88c5cfc8 .param/l "BIT_PERIOD" 1 4 61, +C4<00000000000000000000000000000010>;
P_000001be88c5d000 .param/l "CLK_FREQ" 0 4 2, +C4<00000000000000000000000000010100>;
L_000001be88c50db0 .functor AND 1, v000001be88cb8160_0, v000001be88cb9ec0_0, C4<1>, C4<1>;
L_000001be88c51750 .functor AND 1, L_000001be88c50db0, v000001be88cbb200_0, C4<1>, C4<1>;
L_000001be88c51280 .functor AND 1, L_000001be88c51750, L_000001be88cbb660, C4<1>, C4<1>;
L_000001be88c514b0 .functor AND 1, L_000001be88c51280, L_000001be88c50c60, C4<1>, C4<1>;
L_000001be88c50d40 .functor AND 1, v000001be88cb8160_0, v000001be88cb9ec0_0, C4<1>, C4<1>;
L_000001be88c51130 .functor AND 1, L_000001be88c50d40, v000001be88cbb200_0, C4<1>, C4<1>;
L_000001be88c51520 .functor AND 1, L_000001be88c51130, L_000001be88cbb2a0, C4<1>, C4<1>;
L_000001be88c511a0 .functor AND 1, v000001be88cb8160_0, L_000001be88cba440, C4<1>, C4<1>;
L_000001be88c50c60 .functor OR 1, v000001be88cb94c0_0, v000001be88cb99c0_0, C4<0>, C4<0>;
L_000001be88c51210 .functor BUFZ 8, v000001be88cb8c00_0, C4<00000000>, C4<00000000>, C4<00000000>;
L_000001be88c51590 .functor BUFZ 1, v000001be88cb92e0_0, C4<0>, C4<0>, C4<0>;
v000001be88c4d470_0 .net "PCLK", 0 0, v000001be88cba940_0;  1 drivers
v000001be88c4d150_0 .net "PRESETn", 0 0, v000001be88cba760_0;  1 drivers
v000001be88c4d830_0 .net "UART_PADDR", 31 0, v000001be88cb9ce0_0;  1 drivers
v000001be88c4ddd0_0 .net "UART_PENABLE", 0 0, v000001be88cb9ec0_0;  1 drivers
v000001be88c4d0b0_0 .var "UART_PRDATA", 31 0;
v000001be88cb96a0_0 .net "UART_PREADY", 0 0, L_000001be88cbb2a0;  alias, 1 drivers
v000001be88cb9a60_0 .net "UART_PSEL", 0 0, v000001be88cb8160_0;  1 drivers
v000001be88cb9740_0 .net "UART_PWDATA", 31 0, v000001be88cb85c0_0;  1 drivers
v000001be88cb9e20_0 .net "UART_PWRITE", 0 0, v000001be88cbb200_0;  1 drivers
v000001be88cb8840_0 .net *"_ivl_1", 0 0, L_000001be88c50db0;  1 drivers
v000001be88cb8b60_0 .net *"_ivl_13", 0 0, L_000001be88c514b0;  1 drivers
v000001be88cb9060_0 .net *"_ivl_17", 0 0, L_000001be88c50d40;  1 drivers
v000001be88cb88e0_0 .net *"_ivl_19", 0 0, L_000001be88c51130;  1 drivers
v000001be88cb9100_0 .net *"_ivl_23", 0 0, L_000001be88cba440;  1 drivers
v000001be88cb97e0_0 .net *"_ivl_27", 0 0, L_000001be88cbbc00;  1 drivers
L_000001be88cf00d0 .functor BUFT 1, C4<1>, C4<0>, C4<0>, C4<0>;
v000001be88cb82a0_0 .net/2u *"_ivl_28", 0 0, L_000001be88cf00d0;  1 drivers
v000001be88cb9240_0 .net *"_ivl_3", 0 0, L_000001be88c51750;  1 drivers
v000001be88cb8f20_0 .net *"_ivl_5", 7 0, L_000001be88cba800;  1 drivers
L_000001be88cf0088 .functor BUFT 1, C4<00000000>, C4<0>, C4<0>, C4<0>;
v000001be88cb91a0_0 .net/2u *"_ivl_6", 7 0, L_000001be88cf0088;  1 drivers
v000001be88cb8660_0 .net *"_ivl_8", 0 0, L_000001be88cbb660;  1 drivers
v000001be88cb8ac0_0 .net "apb_read", 0 0, L_000001be88c511a0;  1 drivers
v000001be88cb8700_0 .net "apb_write", 0 0, L_000001be88c51520;  1 drivers
v000001be88cb8520_0 .var "bit_idx", 3 0;
v000001be88cb87a0_0 .var "clk_cnt", 15 0;
v000001be88cb9380_0 .var "rx_active", 0 0;
v000001be88cb9880_0 .var "rx_bit_idx", 3 0;
v000001be88cb9920_0 .var "rx_clear", 0 0;
v000001be88cb8200_0 .var "rx_clk_cnt", 15 0;
v000001be88cb8ca0_0 .net "rx_data", 7 0, L_000001be88c51210;  1 drivers
v000001be88cb92e0_0 .var "rx_done", 0 0;
v000001be88cb9420_0 .net "rx_ready", 0 0, L_000001be88c51590;  1 drivers
v000001be88cb8c00_0 .var "rx_shift_data", 7 0;
v000001be88cb8980_0 .var "rx_sync", 1 0;
v000001be88cb94c0_0 .var "tx_active", 0 0;
v000001be88cb8340_0 .net "tx_busy", 0 0, L_000001be88c50c60;  1 drivers
v000001be88cb83e0_0 .var "tx_data", 7 0;
v000001be88cb8a20_0 .var "tx_shift_reg", 9 0;
v000001be88cb99c0_0 .var "tx_start", 0 0;
v000001be88cb8d40_0 .net "tx_write", 0 0, L_000001be88c51280;  1 drivers
v000001be88cb9d80_0 .net "uart_rx", 0 0, v000001be88cbb160_0;  1 drivers
v000001be88cb9560_0 .net "uart_tx", 0 0, L_000001be88cbada0;  alias, 1 drivers
E_000001be88c57f90/0 .event negedge, v000001be88c4d150_0;
E_000001be88c57f90/1 .event posedge, v000001be88c4d470_0;
E_000001be88c57f90 .event/or E_000001be88c57f90/0, E_000001be88c57f90/1;
E_000001be88c58610/0 .event anyedge, v000001be88cb8ac0_0, v000001be88c4d830_0, v000001be88cb8ca0_0, v000001be88c4ddd0_0;
E_000001be88c58610/1 .event anyedge, v000001be88cb9420_0, v000001be88cb8340_0;
E_000001be88c58610 .event/or E_000001be88c58610/0, E_000001be88c58610/1;
L_000001be88cba800 .part v000001be88cb9ce0_0, 0, 8;
L_000001be88cbb660 .cmp/eq 8, L_000001be88cba800, L_000001be88cf0088;
L_000001be88cbb2a0 .reduce/nor L_000001be88c514b0;
L_000001be88cba440 .reduce/nor v000001be88cbb200_0;
L_000001be88cbbc00 .part v000001be88cb8a20_0, 0, 1;
L_000001be88cbada0 .functor MUXZ 1, L_000001be88cf00d0, L_000001be88cbbc00, v000001be88cb94c0_0, C4<>;
S_000001be88ce6890 .scope task, "fail" "fail" 3 39, 3 39 0, S_000001be88c5c060;
 .timescale -9 -12;
v000001be88cb8480_0 .var "message", 127 0;
TD_tb_apb_uart_slave_unit.fail ;
    %vpi_call/w 3 42 "$display", "FAIL: %0s", v000001be88cb8480_0 {0 0 0};
    %vpi_call/w 3 43 "$finish" {0 0 0};
    %end;
S_000001be88ce6a20 .scope begin, "rx_read_check" "rx_read_check" 3 181, 3 181 0, S_000001be88c5c060;
 .timescale -9 -12;
v000001be88cb9600_0 .var "rx_data", 31 0;
S_000001be88c5d4c0 .scope task, "sample_tx_frame" "sample_tx_frame" 3 114, 3 114 0, S_000001be88c5c060;
 .timescale -9 -12;
v000001be88cb8fc0_0 .var/i "bit_idx", 31 0;
v000001be88cb9b00_0 .var "expected_byte", 7 0;
TD_tb_apb_uart_slave_unit.sample_tx_frame ;
    %pushi/vec4 0, 0, 10;
    %store/vec4 v000001be88cbaf80_0, 0, 10;
    %wait E_000001be88c58050;
    %delay 1000, 0;
    %load/vec4 v000001be88cbb7a0_0;
    %ix/load 4, 0, 0;
    %flag_set/imm 4, 0;
    %store/vec4 v000001be88cbaf80_0, 4, 1;
    %pushi/vec4 0, 0, 32;
    %store/vec4 v000001be88cb8fc0_0, 0, 32;
T_4.12 ;
    %load/vec4 v000001be88cb8fc0_0;
    %cmpi/s 9, 0, 32;
    %jmp/0xz T_4.13, 5;
    %pushi/vec4 2, 0, 32;
T_4.14 %dup/vec4;
    %pushi/vec4 0, 0, 32;
    %cmp/s;
    %jmp/1xz T_4.15, 5;
    %jmp/1 T_4.15, 4;
    %pushi/vec4 1, 0, 32;
    %sub;
    %wait E_000001be88c58050;
    %jmp T_4.14;
T_4.15 ;
    %pop/vec4 1;
    %delay 1000, 0;
    %load/vec4 v000001be88cbb7a0_0;
    %load/vec4 v000001be88cb8fc0_0;
    %addi 1, 0, 32;
    %ix/vec4/s 4;
    %store/vec4 v000001be88cbaf80_0, 4, 1;
    %load/vec4 v000001be88cb8fc0_0;
    %addi 1, 0, 32;
    %store/vec4 v000001be88cb8fc0_0, 0, 32;
    %jmp T_4.12;
T_4.13 ;
    %load/vec4 v000001be88cbaf80_0;
    %parti/s 1, 0, 2;
    %cmpi/ne 0, 0, 1;
    %jmp/0xz  T_4.16, 6;
    %pushi/vec4 2173281744, 0, 34;
    %concati/vec4 2176177613, 0, 32;
    %concati/vec4 3498150292, 0, 32;
    %concati/vec4 543977335, 0, 30;
    %store/vec4 v000001be88cb8480_0, 0, 128;
    %fork TD_tb_apb_uart_slave_unit.fail, S_000001be88ce6890;
    %join;
T_4.16 ;
    %load/vec4 v000001be88cbaf80_0;
    %parti/s 1, 9, 5;
    %cmpi/ne 1, 0, 1;
    %jmp/0xz  T_4.18, 6;
    %pushi/vec4 3302156352, 0, 33;
    %concati/vec4 3672827624, 0, 32;
    %concati/vec4 2173277313, 0, 33;
    %concati/vec4 677996392, 0, 30;
    %store/vec4 v000001be88cb8480_0, 0, 128;
    %fork TD_tb_apb_uart_slave_unit.fail, S_000001be88ce6890;
    %join;
T_4.18 ;
    %load/vec4 v000001be88cbaf80_0;
    %parti/s 1, 1, 2;
    %load/vec4 v000001be88cb9b00_0;
    %parti/s 1, 0, 2;
    %cmp/ne;
    %jmp/0xz  T_4.20, 6;
    %pushi/vec4 2957034706, 0, 33;
    %concati/vec4 3896533056, 0, 32;
    %concati/vec4 3671254746, 0, 32;
    %concati/vec4 1635017576, 0, 31;
    %store/vec4 v000001be88cb8480_0, 0, 128;
    %fork TD_tb_apb_uart_slave_unit.fail, S_000001be88ce6890;
    %join;
T_4.20 ;
    %load/vec4 v000001be88cbaf80_0;
    %parti/s 1, 2, 3;
    %load/vec4 v000001be88cb9b00_0;
    %parti/s 1, 1, 2;
    %cmp/ne;
    %jmp/0xz  T_4.22, 6;
    %pushi/vec4 2957034706, 0, 33;
    %concati/vec4 3896533568, 0, 32;
    %concati/vec4 3671254746, 0, 32;
    %concati/vec4 1635017576, 0, 31;
    %store/vec4 v000001be88cb8480_0, 0, 128;
    %fork TD_tb_apb_uart_slave_unit.fail, S_000001be88ce6890;
    %join;
T_4.22 ;
    %load/vec4 v000001be88cbaf80_0;
    %parti/s 1, 3, 3;
    %load/vec4 v000001be88cb9b00_0;
    %parti/s 1, 2, 3;
    %cmp/ne;
    %jmp/0xz  T_4.24, 6;
    %pushi/vec4 2957034706, 0, 33;
    %concati/vec4 3896534080, 0, 32;
    %concati/vec4 3671254746, 0, 32;
    %concati/vec4 1635017576, 0, 31;
    %store/vec4 v000001be88cb8480_0, 0, 128;
    %fork TD_tb_apb_uart_slave_unit.fail, S_000001be88ce6890;
    %join;
T_4.24 ;
    %load/vec4 v000001be88cbaf80_0;
    %parti/s 1, 4, 4;
    %load/vec4 v000001be88cb9b00_0;
    %parti/s 1, 3, 3;
    %cmp/ne;
    %jmp/0xz  T_4.26, 6;
    %pushi/vec4 2957034706, 0, 33;
    %concati/vec4 3896534592, 0, 32;
    %concati/vec4 3671254746, 0, 32;
    %concati/vec4 1635017576, 0, 31;
    %store/vec4 v000001be88cb8480_0, 0, 128;
    %fork TD_tb_apb_uart_slave_unit.fail, S_000001be88ce6890;
    %join;
T_4.26 ;
    %load/vec4 v000001be88cbaf80_0;
    %parti/s 1, 5, 4;
    %load/vec4 v000001be88cb9b00_0;
    %parti/s 1, 4, 4;
    %cmp/ne;
    %jmp/0xz  T_4.28, 6;
    %pushi/vec4 2957034706, 0, 33;
    %concati/vec4 3896535104, 0, 32;
    %concati/vec4 3671254746, 0, 32;
    %concati/vec4 1635017576, 0, 31;
    %store/vec4 v000001be88cb8480_0, 0, 128;
    %fork TD_tb_apb_uart_slave_unit.fail, S_000001be88ce6890;
    %join;
T_4.28 ;
    %load/vec4 v000001be88cbaf80_0;
    %parti/s 1, 6, 4;
    %load/vec4 v000001be88cb9b00_0;
    %parti/s 1, 5, 4;
    %cmp/ne;
    %jmp/0xz  T_4.30, 6;
    %pushi/vec4 2957034706, 0, 33;
    %concati/vec4 3896535616, 0, 32;
    %concati/vec4 3671254746, 0, 32;
    %concati/vec4 1635017576, 0, 31;
    %store/vec4 v000001be88cb8480_0, 0, 128;
    %fork TD_tb_apb_uart_slave_unit.fail, S_000001be88ce6890;
    %join;
T_4.30 ;
    %load/vec4 v000001be88cbaf80_0;
    %parti/s 1, 7, 4;
    %load/vec4 v000001be88cb9b00_0;
    %parti/s 1, 6, 4;
    %cmp/ne;
    %jmp/0xz  T_4.32, 6;
    %pushi/vec4 2957034706, 0, 33;
    %concati/vec4 3896536128, 0, 32;
    %concati/vec4 3671254746, 0, 32;
    %concati/vec4 1635017576, 0, 31;
    %store/vec4 v000001be88cb8480_0, 0, 128;
    %fork TD_tb_apb_uart_slave_unit.fail, S_000001be88ce6890;
    %join;
T_4.32 ;
    %load/vec4 v000001be88cbaf80_0;
    %parti/s 1, 8, 5;
    %load/vec4 v000001be88cb9b00_0;
    %parti/s 1, 7, 4;
    %cmp/ne;
    %jmp/0xz  T_4.34, 6;
    %pushi/vec4 2957034706, 0, 33;
    %concati/vec4 3896536640, 0, 32;
    %concati/vec4 3671254746, 0, 32;
    %concati/vec4 1635017576, 0, 31;
    %store/vec4 v000001be88cb8480_0, 0, 128;
    %fork TD_tb_apb_uart_slave_unit.fail, S_000001be88ce6890;
    %join;
T_4.34 ;
    %end;
S_000001be88c5d650 .scope begin, "status_check" "status_check" 3 174, 3 174 0, S_000001be88c5c060;
 .timescale -9 -12;
v000001be88cb8de0_0 .var "status", 31 0;
S_000001be88c5d7e0 .scope begin, "status_clear_check" "status_clear_check" 3 188, 3 188 0, S_000001be88c5c060;
 .timescale -9 -12;
v000001be88cb8e80_0 .var "status_after", 31 0;
S_000001be88cba080 .scope task, "wait_for_rx_ready" "wait_for_rx_ready" 3 140, 3 140 0, S_000001be88c5c060;
 .timescale -9 -12;
v000001be88cb9ba0_0 .var/i "n", 31 0;
v000001be88cb9c40_0 .var "status", 31 0;
TD_tb_apb_uart_slave_unit.wait_for_rx_ready ;
    %pushi/vec4 0, 0, 32;
    %store/vec4 v000001be88cb9ba0_0, 0, 32;
T_5.36 ;
    %load/vec4 v000001be88cb9ba0_0;
    %cmpi/s 40, 0, 32;
    %jmp/0xz T_5.37, 5;
    %pushi/vec4 8, 0, 8;
    %store/vec4 v000001be88c4d1f0_0, 0, 8;
    %fork TD_tb_apb_uart_slave_unit.apb_read, S_000001be88c5ab00;
    %join;
    %load/vec4 v000001be88c4de70_0;
    %store/vec4 v000001be88cb9c40_0, 0, 32;
    %load/vec4 v000001be88cb9c40_0;
    %parti/s 1, 1, 2;
    %cmpi/e 1, 0, 1;
    %jmp/0xz  T_5.38, 6;
    %disable S_000001be88cba080;
T_5.38 ;
    %pushi/vec4 2, 0, 32;
T_5.40 %dup/vec4;
    %pushi/vec4 0, 0, 32;
    %cmp/s;
    %jmp/1xz T_5.41, 5;
    %jmp/1 T_5.41, 4;
    %pushi/vec4 1, 0, 32;
    %sub;
    %wait E_000001be88c58050;
    %jmp T_5.40;
T_5.41 ;
    %pop/vec4 1;
    %load/vec4 v000001be88cb9ba0_0;
    %addi 1, 0, 32;
    %store/vec4 v000001be88cb9ba0_0, 0, 32;
    %jmp T_5.36;
T_5.37 ;
    %pushi/vec4 3896558310, 0, 33;
    %concati/vec4 3872056552, 0, 32;
    %concati/vec4 2175121537, 0, 33;
    %concati/vec4 879324517, 0, 30;
    %store/vec4 v000001be88cb8480_0, 0, 128;
    %fork TD_tb_apb_uart_slave_unit.fail, S_000001be88ce6890;
    %join;
    %end;
    .scope S_000001be88c0c4f0;
T_6 ;
    %wait E_000001be88c57f90;
    %load/vec4 v000001be88c4d150_0;
    %nor/r;
    %flag_set/vec4 8;
    %jmp/0xz  T_6.0, 8;
    %pushi/vec4 0, 0, 8;
    %assign/vec4 v000001be88cb83e0_0, 0;
    %pushi/vec4 0, 0, 1;
    %assign/vec4 v000001be88cb99c0_0, 0;
    %jmp T_6.1;
T_6.0 ;
    %pushi/vec4 0, 0, 1;
    %assign/vec4 v000001be88cb99c0_0, 0;
    %load/vec4 v000001be88cb8700_0;
    %flag_set/vec4 9;
    %flag_get/vec4 9;
    %jmp/0 T_6.4, 9;
    %load/vec4 v000001be88c4d830_0;
    %parti/s 8, 0, 2;
    %pushi/vec4 0, 0, 8;
    %cmp/e;
    %flag_get/vec4 4;
    %and;
T_6.4;
    %flag_set/vec4 8;
    %jmp/0xz  T_6.2, 8;
    %load/vec4 v000001be88cb9740_0;
    %parti/s 8, 0, 2;
    %assign/vec4 v000001be88cb83e0_0, 0;
    %pushi/vec4 1, 0, 1;
    %assign/vec4 v000001be88cb99c0_0, 0;
T_6.2 ;
T_6.1 ;
    %jmp T_6;
    .thread T_6;
    .scope S_000001be88c0c4f0;
T_7 ;
    %wait E_000001be88c58610;
    %pushi/vec4 0, 0, 1;
    %store/vec4 v000001be88cb9920_0, 0, 1;
    %load/vec4 v000001be88cb8ac0_0;
    %flag_set/vec4 8;
    %jmp/0xz  T_7.0, 8;
    %load/vec4 v000001be88c4d830_0;
    %parti/s 8, 0, 2;
    %dup/vec4;
    %pushi/vec4 4, 0, 8;
    %cmp/u;
    %jmp/1 T_7.2, 6;
    %dup/vec4;
    %pushi/vec4 8, 0, 8;
    %cmp/u;
    %jmp/1 T_7.3, 6;
    %pushi/vec4 0, 0, 32;
    %store/vec4 v000001be88c4d0b0_0, 0, 32;
    %jmp T_7.5;
T_7.2 ;
    %pushi/vec4 0, 0, 24;
    %load/vec4 v000001be88cb8ca0_0;
    %concat/vec4; draw_concat_vec4
    %store/vec4 v000001be88c4d0b0_0, 0, 32;
    %load/vec4 v000001be88c4ddd0_0;
    %store/vec4 v000001be88cb9920_0, 0, 1;
    %jmp T_7.5;
T_7.3 ;
    %pushi/vec4 0, 0, 30;
    %load/vec4 v000001be88cb9420_0;
    %concat/vec4; draw_concat_vec4
    %load/vec4 v000001be88cb8340_0;
    %nor/r;
    %concat/vec4; draw_concat_vec4
    %store/vec4 v000001be88c4d0b0_0, 0, 32;
    %jmp T_7.5;
T_7.5 ;
    %pop/vec4 1;
    %jmp T_7.1;
T_7.0 ;
    %pushi/vec4 0, 0, 32;
    %store/vec4 v000001be88c4d0b0_0, 0, 32;
T_7.1 ;
    %jmp T_7;
    .thread T_7, $push;
    .scope S_000001be88c0c4f0;
T_8 ;
    %wait E_000001be88c57f90;
    %load/vec4 v000001be88c4d150_0;
    %nor/r;
    %flag_set/vec4 8;
    %jmp/0xz  T_8.0, 8;
    %pushi/vec4 0, 0, 16;
    %assign/vec4 v000001be88cb87a0_0, 0;
    %pushi/vec4 0, 0, 4;
    %assign/vec4 v000001be88cb8520_0, 0;
    %pushi/vec4 0, 0, 1;
    %assign/vec4 v000001be88cb94c0_0, 0;
    %pushi/vec4 1, 0, 10;
    %assign/vec4 v000001be88cb8a20_0, 0;
    %jmp T_8.1;
T_8.0 ;
    %load/vec4 v000001be88cb99c0_0;
    %flag_set/vec4 9;
    %flag_get/vec4 9;
    %jmp/0 T_8.4, 9;
    %load/vec4 v000001be88cb94c0_0;
    %nor/r;
    %and;
T_8.4;
    %flag_set/vec4 8;
    %jmp/0xz  T_8.2, 8;
    %pushi/vec4 1, 0, 1;
    %assign/vec4 v000001be88cb94c0_0, 0;
    %pushi/vec4 1, 0, 1;
    %load/vec4 v000001be88cb83e0_0;
    %concat/vec4; draw_concat_vec4
    %concati/vec4 0, 0, 1;
    %assign/vec4 v000001be88cb8a20_0, 0;
    %pushi/vec4 0, 0, 16;
    %assign/vec4 v000001be88cb87a0_0, 0;
    %pushi/vec4 0, 0, 4;
    %assign/vec4 v000001be88cb8520_0, 0;
    %jmp T_8.3;
T_8.2 ;
    %load/vec4 v000001be88cb94c0_0;
    %flag_set/vec4 8;
    %jmp/0xz  T_8.5, 8;
    %load/vec4 v000001be88cb87a0_0;
    %pad/u 32;
    %cmpi/u 1, 0, 32;
    %jmp/0xz  T_8.7, 5;
    %load/vec4 v000001be88cb87a0_0;
    %addi 1, 0, 16;
    %assign/vec4 v000001be88cb87a0_0, 0;
    %jmp T_8.8;
T_8.7 ;
    %pushi/vec4 0, 0, 16;
    %assign/vec4 v000001be88cb87a0_0, 0;
    %load/vec4 v000001be88cb8520_0;
    %pad/u 32;
    %cmpi/u 9, 0, 32;
    %jmp/0xz  T_8.9, 5;
    %load/vec4 v000001be88cb8520_0;
    %addi 1, 0, 4;
    %assign/vec4 v000001be88cb8520_0, 0;
    %load/vec4 v000001be88cb8a20_0;
    %ix/load 4, 1, 0;
    %flag_set/imm 4, 0;
    %shiftr 4;
    %assign/vec4 v000001be88cb8a20_0, 0;
    %jmp T_8.10;
T_8.9 ;
    %pushi/vec4 0, 0, 1;
    %assign/vec4 v000001be88cb94c0_0, 0;
T_8.10 ;
T_8.8 ;
T_8.5 ;
T_8.3 ;
T_8.1 ;
    %jmp T_8;
    .thread T_8;
    .scope S_000001be88c0c4f0;
T_9 ;
    %wait E_000001be88c58050;
    %load/vec4 v000001be88cb8980_0;
    %parti/s 1, 0, 2;
    %load/vec4 v000001be88cb9d80_0;
    %concat/vec4; draw_concat_vec4
    %assign/vec4 v000001be88cb8980_0, 0;
    %jmp T_9;
    .thread T_9;
    .scope S_000001be88c0c4f0;
T_10 ;
    %wait E_000001be88c57f90;
    %load/vec4 v000001be88c4d150_0;
    %nor/r;
    %flag_set/vec4 8;
    %jmp/0xz  T_10.0, 8;
    %pushi/vec4 0, 0, 1;
    %assign/vec4 v000001be88cb9380_0, 0;
    %pushi/vec4 0, 0, 16;
    %assign/vec4 v000001be88cb8200_0, 0;
    %pushi/vec4 0, 0, 4;
    %assign/vec4 v000001be88cb9880_0, 0;
    %pushi/vec4 0, 0, 1;
    %assign/vec4 v000001be88cb92e0_0, 0;
    %jmp T_10.1;
T_10.0 ;
    %load/vec4 v000001be88cb9920_0;
    %flag_set/vec4 8;
    %jmp/0xz  T_10.2, 8;
    %pushi/vec4 0, 0, 1;
    %assign/vec4 v000001be88cb92e0_0, 0;
T_10.2 ;
    %load/vec4 v000001be88cb9380_0;
    %nor/r;
    %flag_set/vec4 9;
    %flag_get/vec4 9;
    %jmp/0 T_10.6, 9;
    %load/vec4 v000001be88cb8980_0;
    %parti/s 1, 1, 2;
    %pushi/vec4 0, 0, 1;
    %cmp/e;
    %flag_get/vec4 4;
    %and;
T_10.6;
    %flag_set/vec4 8;
    %jmp/0xz  T_10.4, 8;
    %pushi/vec4 1, 0, 1;
    %assign/vec4 v000001be88cb9380_0, 0;
    %pushi/vec4 0, 0, 16;
    %assign/vec4 v000001be88cb8200_0, 0;
    %pushi/vec4 0, 0, 4;
    %assign/vec4 v000001be88cb9880_0, 0;
    %jmp T_10.5;
T_10.4 ;
    %load/vec4 v000001be88cb9380_0;
    %flag_set/vec4 8;
    %jmp/0xz  T_10.7, 8;
    %load/vec4 v000001be88cb8200_0;
    %pad/u 32;
    %cmpi/u 1, 0, 32;
    %jmp/0xz  T_10.9, 5;
    %load/vec4 v000001be88cb8200_0;
    %addi 1, 0, 16;
    %assign/vec4 v000001be88cb8200_0, 0;
    %jmp T_10.10;
T_10.9 ;
    %pushi/vec4 0, 0, 16;
    %assign/vec4 v000001be88cb8200_0, 0;
    %load/vec4 v000001be88cb9880_0;
    %pad/u 32;
    %cmpi/e 0, 0, 32;
    %jmp/0xz  T_10.11, 4;
    %load/vec4 v000001be88cb9880_0;
    %addi 1, 0, 4;
    %assign/vec4 v000001be88cb9880_0, 0;
    %jmp T_10.12;
T_10.11 ;
    %load/vec4 v000001be88cb9880_0;
    %pad/u 32;
    %cmpi/u 8, 0, 32;
    %flag_or 5, 4;
    %jmp/0xz  T_10.13, 5;
    %load/vec4 v000001be88cb8980_0;
    %parti/s 1, 1, 2;
    %load/vec4 v000001be88cb8c00_0;
    %parti/s 7, 1, 2;
    %concat/vec4; draw_concat_vec4
    %assign/vec4 v000001be88cb8c00_0, 0;
    %load/vec4 v000001be88cb9880_0;
    %addi 1, 0, 4;
    %assign/vec4 v000001be88cb9880_0, 0;
    %jmp T_10.14;
T_10.13 ;
    %pushi/vec4 0, 0, 1;
    %assign/vec4 v000001be88cb9380_0, 0;
    %pushi/vec4 1, 0, 1;
    %assign/vec4 v000001be88cb92e0_0, 0;
T_10.14 ;
T_10.12 ;
T_10.10 ;
T_10.7 ;
T_10.5 ;
T_10.1 ;
    %jmp T_10;
    .thread T_10;
    .scope S_000001be88c5c060;
T_11 ;
    %pushi/vec4 0, 0, 1;
    %store/vec4 v000001be88cba940_0, 0, 1;
    %pushi/vec4 0, 0, 1;
    %store/vec4 v000001be88cba760_0, 0, 1;
    %pushi/vec4 0, 0, 32;
    %store/vec4 v000001be88cb9ce0_0, 0, 32;
    %pushi/vec4 0, 0, 1;
    %store/vec4 v000001be88cb8160_0, 0, 1;
    %pushi/vec4 0, 0, 1;
    %store/vec4 v000001be88cb9ec0_0, 0, 1;
    %pushi/vec4 0, 0, 1;
    %store/vec4 v000001be88cbb200_0, 0, 1;
    %pushi/vec4 0, 0, 32;
    %store/vec4 v000001be88cb85c0_0, 0, 32;
    %pushi/vec4 1, 0, 1;
    %store/vec4 v000001be88cbb160_0, 0, 1;
    %end;
    .thread T_11, $init;
    .scope S_000001be88c5c060;
T_12 ;
    %delay 5000, 0;
    %load/vec4 v000001be88cba940_0;
    %inv;
    %store/vec4 v000001be88cba940_0, 0, 1;
    %jmp T_12;
    .thread T_12;
    .scope S_000001be88c5c060;
T_13 ;
    %vpi_call/w 3 156 "$dumpfile", "tb_apb_uart_slave_unit.vcd" {0 0 0};
    %vpi_call/w 3 157 "$dumpvars", 32'sb00000000000000000000000000000000, S_000001be88c5c060 {0 0 0};
    %pushi/vec4 4, 0, 32;
T_13.0 %dup/vec4;
    %pushi/vec4 0, 0, 32;
    %cmp/s;
    %jmp/1xz T_13.1, 5;
    %jmp/1 T_13.1, 4;
    %pushi/vec4 1, 0, 32;
    %sub;
    %wait E_000001be88c58050;
    %jmp T_13.0;
T_13.1 ;
    %pop/vec4 1;
    %pushi/vec4 1, 0, 1;
    %assign/vec4 v000001be88cba760_0, 0;
    %pushi/vec4 2, 0, 32;
T_13.2 %dup/vec4;
    %pushi/vec4 0, 0, 32;
    %cmp/s;
    %jmp/1xz T_13.3, 5;
    %jmp/1 T_13.3, 4;
    %pushi/vec4 1, 0, 32;
    %sub;
    %wait E_000001be88c58050;
    %jmp T_13.2;
T_13.3 ;
    %pop/vec4 1;
    %load/vec4 v000001be88cbb7a0_0;
    %cmpi/ne 1, 0, 1;
    %jmp/0xz  T_13.4, 6;
    %pushi/vec4 3503476432, 0, 33;
    %concati/vec4 2173016529, 0, 33;
    %concati/vec4 2512945609, 0, 32;
    %concati/vec4 628319604, 0, 30;
    %store/vec4 v000001be88cb8480_0, 0, 128;
    %fork TD_tb_apb_uart_slave_unit.fail, S_000001be88ce6890;
    %join;
T_13.4 ;
    %vpi_call/w 3 165 "$display", "UART TX check: start" {0 0 0};
    %pushi/vec4 0, 0, 8;
    %store/vec4 v000001be88c4d5b0_0, 0, 8;
    %pushi/vec4 165, 0, 8;
    %store/vec4 v000001be88c4dab0_0, 0, 8;
    %fork TD_tb_apb_uart_slave_unit.apb_write, S_000001be88c5ac90;
    %join;
    %pushi/vec4 165, 0, 8;
    %store/vec4 v000001be88cb9b00_0, 0, 8;
    %fork TD_tb_apb_uart_slave_unit.sample_tx_frame, S_000001be88c5d4c0;
    %join;
    %vpi_call/w 3 169 "$display", "UART TX check: PASS" {0 0 0};
    %vpi_call/w 3 171 "$display", "UART RX check: drive byte 0xFF on uart_rx" {0 0 0};
    %pushi/vec4 255, 0, 8;
    %store/vec4 v000001be88c4d8d0_0, 0, 8;
    %fork TD_tb_apb_uart_slave_unit.drive_uart_rx_byte, S_000001be88c0c360;
    %join;
    %fork t_1, S_000001be88c5d650;
    %jmp t_0;
    .scope S_000001be88c5d650;
t_1 ;
    %fork TD_tb_apb_uart_slave_unit.wait_for_rx_ready, S_000001be88cba080;
    %join;
    %load/vec4 v000001be88cb9c40_0;
    %store/vec4 v000001be88cb8de0_0, 0, 32;
    %load/vec4 v000001be88cb8de0_0;
    %parti/s 2, 0, 2;
    %cmpi/ne 3, 0, 2;
    %jmp/0xz  T_13.6, 6;
    %pushi/vec4 4106518917, 0, 34;
    %concati/vec4 3113255377, 0, 32;
    %concati/vec4 3783107985, 0, 32;
    %concati/vec4 744832305, 0, 30;
    %store/vec4 v000001be88cb8480_0, 0, 128;
    %fork TD_tb_apb_uart_slave_unit.fail, S_000001be88ce6890;
    %join;
T_13.6 ;
    %vpi_call/w 3 178 "$display", "UART RX ready check: PASS" {0 0 0};
    %end;
    .scope S_000001be88c5c060;
t_0 %join;
    %fork t_3, S_000001be88ce6a20;
    %jmp t_2;
    .scope S_000001be88ce6a20;
t_3 ;
    %pushi/vec4 4, 0, 8;
    %store/vec4 v000001be88c4d1f0_0, 0, 8;
    %fork TD_tb_apb_uart_slave_unit.apb_read, S_000001be88c5ab00;
    %join;
    %load/vec4 v000001be88c4de70_0;
    %store/vec4 v000001be88cb9600_0, 0, 32;
    %load/vec4 v000001be88cb9600_0;
    %parti/s 8, 0, 2;
    %cmpi/ne 255, 0, 8;
    %jmp/0xz  T_13.8, 6;
    %pushi/vec4 2763014344, 0, 33;
    %concati/vec4 3270033984, 0, 32;
    %concati/vec4 3671254746, 0, 32;
    %concati/vec4 1635017576, 0, 31;
    %store/vec4 v000001be88cb8480_0, 0, 128;
    %fork TD_tb_apb_uart_slave_unit.fail, S_000001be88ce6890;
    %join;
T_13.8 ;
    %vpi_call/w 3 185 "$display", "UART RX data check: PASS (0x%02h)", &PV<v000001be88cb9600_0, 0, 8> {0 0 0};
    %end;
    .scope S_000001be88c5c060;
t_2 %join;
    %fork t_5, S_000001be88c5d7e0;
    %jmp t_4;
    .scope S_000001be88c5d7e0;
t_5 ;
    %pushi/vec4 8, 0, 8;
    %store/vec4 v000001be88c4d1f0_0, 0, 8;
    %fork TD_tb_apb_uart_slave_unit.apb_read, S_000001be88c5ab00;
    %join;
    %load/vec4 v000001be88c4de70_0;
    %store/vec4 v000001be88cb8e80_0, 0, 32;
    %load/vec4 v000001be88cb8e80_0;
    %parti/s 2, 0, 2;
    %cmpi/ne 1, 0, 2;
    %jmp/0xz  T_13.10, 6;
    %pushi/vec4 2173016529, 0, 34;
    %concati/vec4 2512945553, 0, 32;
    %concati/vec4 2245100673, 0, 32;
    %concati/vec4 845504868, 0, 30;
    %store/vec4 v000001be88cb8480_0, 0, 128;
    %fork TD_tb_apb_uart_slave_unit.fail, S_000001be88ce6890;
    %join;
T_13.10 ;
    %vpi_call/w 3 192 "$display", "UART RX clear check: PASS" {0 0 0};
    %end;
    .scope S_000001be88c5c060;
t_4 %join;
    %vpi_call/w 3 195 "$display", "PASS: apb_uart_slave self-check completed" {0 0 0};
    %vpi_call/w 3 196 "$finish" {0 0 0};
    %end;
    .thread T_13;
# The file index is used to find the file name in the following table.
:file_names 5;
    "N/A";
    "<interactive>";
    "-";
    "c:\Users\Nick\custom_SOC\DO_AN\DO_AN.srcs\sim_1\new\tb_apb_uart_slave_unit.v";
    "c:\Users\Nick\custom_SOC\DO_AN\DO_AN.srcs\sources_1\new\apb_uart_slave.v";
