#! /c/Source/iverilog-install/bin/vvp
:ivl_version "12.0 (devel)" "(s20150603-1539-g2693dd32b)";
:ivl_delay_selection "TYPICAL";
:vpi_time_precision - 12;
:vpi_module "C:\iverilog\lib\ivl\system.vpi";
:vpi_module "C:\iverilog\lib\ivl\vhdl_sys.vpi";
:vpi_module "C:\iverilog\lib\ivl\vhdl_textio.vpi";
:vpi_module "C:\iverilog\lib\ivl\v2005_math.vpi";
:vpi_module "C:\iverilog\lib\ivl\va_math.vpi";
:vpi_module "C:\iverilog\lib\ivl\v2009.vpi";
S_000001e8be69da10 .scope package, "$unit" "$unit" 2 1;
 .timescale 0 0;
S_000001e8be6a4aa0 .scope module, "tb_apb_i2c_slave_unit" "tb_apb_i2c_slave_unit" 3 4;
 .timescale -9 -12;
v000001e8be737bd0_0 .var "I2C_PADDR", 31 0;
v000001e8be736730_0 .var "I2C_PENABLE", 0 0;
v000001e8be735fb0_0 .net "I2C_PRDATA", 31 0, v000001e8be6d4b60_0;  1 drivers
v000001e8be736050_0 .var "I2C_PSEL", 0 0;
v000001e8be7364b0_0 .var "I2C_PWDATA", 31 0;
v000001e8be736d70_0 .var "I2C_PWRITE", 0 0;
v000001e8be737130_0 .net "PREADY", 0 0, L_000001e8be741a60;  1 drivers
o000001e8be6e5fb8 .functor BUFZ 1, C4<z>; HiZ drive
; Elide local net with no drivers, v000001e8be7371d0_0 name=_ivl_1
L_000001e8be7d0088 .functor BUFT 1, C4<0>, C4<0>, C4<0>, C4<0>;
v000001e8be736190_0 .net/2u *"_ivl_5", 0 0, L_000001e8be7d0088;  1 drivers
o000001e8be6e6018 .functor BUFZ 1, C4<z>; HiZ drive
; Elide local net with no drivers, v000001e8be735f10_0 name=_ivl_7
v000001e8be736b90_0 .var "clk", 0 0;
v000001e8be7369b0_0 .var "presetn", 0 0;
v000001e8be736410_0 .net "scl_out", 0 0, v000001e8be737090_0;  1 drivers
L_000001e8be69c0b0 .functor BUFT 1, C8<551>, C4<0>, C4<0>, C4<0>;
RS_000001e8be6e5b68 .resolv tri, L_000001e8be69c0b0, L_000001e8be736eb0, L_000001e8be736f50;
v000001e8be7367d0_0 .net8 "sda_in", 0 0, RS_000001e8be6e5b68;  3 drivers, strength-aware
v000001e8be736e10_0 .net "sda_oe", 0 0, v000001e8be737a90_0;  1 drivers
v000001e8be736870_0 .net "sda_out", 0 0, v000001e8be7365f0_0;  1 drivers
v000001e8be736910_0 .var "slave_drive_low", 0 0;
L_000001e8be736eb0 .functor MUXZ 1, o000001e8be6e5fb8, v000001e8be7365f0_0, v000001e8be737a90_0, C4<>;
L_000001e8be736f50 .functor MUXZ 1, o000001e8be6e6018, L_000001e8be7d0088, v000001e8be736910_0, C4<>;
S_000001e8be69d3c0 .scope task, "apb_read" "apb_read" 3 78, 3 78 0, S_000001e8be6a4aa0;
 .timescale -9 -12;
v000001e8be6d4980_0 .var "addr", 7 0;
v000001e8be6d47a0_0 .var "data", 31 0;
E_000001e8be6dfa80 .event posedge, v000001e8be6d4160_0;
E_000001e8be6df0c0 .event negedge, v000001e8be6d4160_0;
TD_tb_apb_i2c_slave_unit.apb_read ;
    %wait E_000001e8be6df0c0;
    %pushi/vec4 0, 0, 24;
    %load/vec4 v000001e8be6d4980_0;
    %concat/vec4; draw_concat_vec4
    %assign/vec4 v000001e8be737bd0_0, 0;
    %pushi/vec4 0, 0, 1;
    %assign/vec4 v000001e8be736d70_0, 0;
    %pushi/vec4 1, 0, 1;
    %assign/vec4 v000001e8be736050_0, 0;
    %pushi/vec4 0, 0, 1;
    %assign/vec4 v000001e8be736730_0, 0;
    %wait E_000001e8be6dfa80;
    %delay 1000, 0;
    %pushi/vec4 1, 0, 1;
    %assign/vec4 v000001e8be736730_0, 0;
T_0.0 ;
    %load/vec4 v000001e8be737130_0;
    %nor/r;
    %flag_set/vec4 8;
    %jmp/0xz T_0.1, 8;
    %wait E_000001e8be6dfa80;
    %delay 1000, 0;
    %jmp T_0.0;
T_0.1 ;
    %load/vec4 v000001e8be735fb0_0;
    %store/vec4 v000001e8be6d47a0_0, 0, 32;
    %wait E_000001e8be6dfa80;
    %delay 1000, 0;
    %pushi/vec4 0, 0, 1;
    %assign/vec4 v000001e8be736050_0, 0;
    %pushi/vec4 0, 0, 1;
    %assign/vec4 v000001e8be736730_0, 0;
    %pushi/vec4 0, 0, 32;
    %assign/vec4 v000001e8be737bd0_0, 0;
    %end;
S_000001e8be6e2080 .scope task, "apb_write" "apb_write" 3 51, 3 51 0, S_000001e8be6a4aa0;
 .timescale -9 -12;
v000001e8be6d4ac0_0 .var "addr", 7 0;
v000001e8be6d4de0_0 .var "data", 7 0;
TD_tb_apb_i2c_slave_unit.apb_write ;
    %wait E_000001e8be6df0c0;
    %pushi/vec4 0, 0, 24;
    %load/vec4 v000001e8be6d4ac0_0;
    %concat/vec4; draw_concat_vec4
    %assign/vec4 v000001e8be737bd0_0, 0;
    %pushi/vec4 0, 0, 24;
    %load/vec4 v000001e8be6d4de0_0;
    %concat/vec4; draw_concat_vec4
    %assign/vec4 v000001e8be7364b0_0, 0;
    %pushi/vec4 1, 0, 1;
    %assign/vec4 v000001e8be736d70_0, 0;
    %pushi/vec4 1, 0, 1;
    %assign/vec4 v000001e8be736050_0, 0;
    %pushi/vec4 0, 0, 1;
    %assign/vec4 v000001e8be736730_0, 0;
    %wait E_000001e8be6dfa80;
    %delay 1000, 0;
    %pushi/vec4 1, 0, 1;
    %assign/vec4 v000001e8be736730_0, 0;
T_1.2 ;
    %load/vec4 v000001e8be737130_0;
    %nor/r;
    %flag_set/vec4 8;
    %jmp/0xz T_1.3, 8;
    %wait E_000001e8be6dfa80;
    %delay 1000, 0;
    %jmp T_1.2;
T_1.3 ;
    %wait E_000001e8be6dfa80;
    %delay 1000, 0;
    %pushi/vec4 0, 0, 1;
    %assign/vec4 v000001e8be736050_0, 0;
    %pushi/vec4 0, 0, 1;
    %assign/vec4 v000001e8be736730_0, 0;
    %pushi/vec4 0, 0, 1;
    %assign/vec4 v000001e8be736d70_0, 0;
    %pushi/vec4 0, 0, 32;
    %assign/vec4 v000001e8be737bd0_0, 0;
    %pushi/vec4 0, 0, 32;
    %assign/vec4 v000001e8be7364b0_0, 0;
    %end;
S_000001e8be6e2210 .scope task, "check_idle_high" "check_idle_high" 3 159, 3 159 0, S_000001e8be6a4aa0;
 .timescale -9 -12;
TD_tb_apb_i2c_slave_unit.check_idle_high ;
    %load/vec4 v000001e8be736410_0;
    %cmpi/ne 1, 0, 1;
    %jmp/1 T_2.6, 6;
    %flag_mov 8, 6;
    %load/vec4 v000001e8be7367d0_0;
    %cmpi/ne 1, 0, 1;
    %flag_or 6, 8;
T_2.6;
    %jmp/0xz  T_2.4, 6;
    %pushi/vec4 3872448234, 0, 33;
    %concati/vec4 3637002450, 0, 32;
    %concati/vec4 3369650752, 0, 32;
    %concati/vec4 1751738216, 0, 31;
    %store/vec4 v000001e8be7362d0_0, 0, 128;
    %fork TD_tb_apb_i2c_slave_unit.fail, S_000001e8be6e4b10;
    %join;
T_2.4 ;
    %end;
S_000001e8be7c6890 .scope module, "dut" "apb_i2c_slave" 3 27, 4 1 0, S_000001e8be6a4aa0;
 .timescale 0 0;
    .port_info 0 /INPUT 1 "PCLK";
    .port_info 1 /INPUT 1 "PRESETn";
    .port_info 2 /INPUT 32 "I2C_PADDR";
    .port_info 3 /INPUT 1 "I2C_PSEL";
    .port_info 4 /INPUT 1 "I2C_PENABLE";
    .port_info 5 /INPUT 1 "I2C_PWRITE";
    .port_info 6 /INPUT 32 "I2C_PWDATA";
    .port_info 7 /OUTPUT 32 "I2C_PRDATA";
    .port_info 8 /OUTPUT 1 "PREADY";
    .port_info 9 /OUTPUT 1 "scl_out";
    .port_info 10 /OUTPUT 1 "sda_out";
    .port_info 11 /OUTPUT 1 "sda_oe";
    .port_info 12 /INPUT 1 "sda_in";
L_000001e8be69b7f0 .functor AND 1, v000001e8be736050_0, v000001e8be736730_0, C4<1>, C4<1>;
L_000001e8be69b550 .functor AND 1, L_000001e8be69b7f0, v000001e8be736d70_0, C4<1>, C4<1>;
L_000001e8be69b470 .functor AND 1, L_000001e8be69b550, L_000001e8be741880, C4<1>, C4<1>;
L_000001e8be69bf60 .functor AND 1, L_000001e8be69b470, v000001e8be736230_0, C4<1>, C4<1>;
L_000001e8be69bcc0 .functor AND 1, v000001e8be736050_0, v000001e8be736730_0, C4<1>, C4<1>;
L_000001e8be69bd30 .functor AND 1, L_000001e8be69bcc0, v000001e8be736d70_0, C4<1>, C4<1>;
L_000001e8be69b780 .functor AND 1, L_000001e8be69bd30, L_000001e8be741a60, C4<1>, C4<1>;
L_000001e8be69b5c0 .functor BUFZ 1, v000001e8be737310_0, C4<0>, C4<0>, C4<0>;
v000001e8be6d4340_0 .net "I2C_PADDR", 31 0, v000001e8be737bd0_0;  1 drivers
v000001e8be6d4480_0 .net "I2C_PENABLE", 0 0, v000001e8be736730_0;  1 drivers
v000001e8be6d4b60_0 .var "I2C_PRDATA", 31 0;
v000001e8be6d4520_0 .net "I2C_PSEL", 0 0, v000001e8be736050_0;  1 drivers
v000001e8be6d4e80_0 .net "I2C_PWDATA", 31 0, v000001e8be7364b0_0;  1 drivers
v000001e8be6d40c0_0 .net "I2C_PWRITE", 0 0, v000001e8be736d70_0;  1 drivers
v000001e8be6d4160_0 .net "PCLK", 0 0, v000001e8be736b90_0;  1 drivers
v000001e8be6d4660_0 .net "PREADY", 0 0, L_000001e8be741a60;  alias, 1 drivers
v000001e8be7374f0_0 .net "PRESETn", 0 0, v000001e8be7369b0_0;  1 drivers
v000001e8be737590_0 .net *"_ivl_1", 0 0, L_000001e8be69b7f0;  1 drivers
v000001e8be737270_0 .net *"_ivl_13", 0 0, L_000001e8be69bf60;  1 drivers
v000001e8be737d10_0 .net *"_ivl_17", 0 0, L_000001e8be69bcc0;  1 drivers
v000001e8be737450_0 .net *"_ivl_19", 0 0, L_000001e8be69bd30;  1 drivers
v000001e8be7379f0_0 .net *"_ivl_3", 0 0, L_000001e8be69b550;  1 drivers
v000001e8be736af0_0 .net *"_ivl_5", 7 0, L_000001e8be741600;  1 drivers
L_000001e8be7d00d0 .functor BUFT 1, C4<00000100>, C4<0>, C4<0>, C4<0>;
v000001e8be737630_0 .net/2u *"_ivl_6", 7 0, L_000001e8be7d00d0;  1 drivers
v000001e8be736ff0_0 .net *"_ivl_8", 0 0, L_000001e8be741880;  1 drivers
v000001e8be737310_0 .var "ack_reg", 0 0;
v000001e8be736550_0 .net "apb_write", 0 0, L_000001e8be69b780;  1 drivers
v000001e8be7376d0_0 .var "bit_idx", 2 0;
v000001e8be736230_0 .var "busy_reg", 0 0;
v000001e8be736690_0 .var "clk_cnt", 7 0;
v000001e8be7373b0_0 .var "cmd_trigger", 0 0;
v000001e8be7378b0_0 .net "cmd_write", 0 0, L_000001e8be69b470;  1 drivers
v000001e8be737950_0 .net "i2c_busy", 0 0, v000001e8be736230_0;  1 drivers
v000001e8be736cd0_0 .var "i2c_cmd", 3 0;
v000001e8be735e70_0 .var "i2c_data", 7 0;
v000001e8be737810_0 .net "rx_ack", 0 0, L_000001e8be69b5c0;  1 drivers
v000001e8be737090_0 .var "scl_out", 0 0;
v000001e8be7360f0_0 .net8 "sda_in", 0 0, RS_000001e8be6e5b68;  alias, 3 drivers, strength-aware
v000001e8be737a90_0 .var "sda_oe", 0 0;
v000001e8be7365f0_0 .var "sda_out", 0 0;
v000001e8be736c30_0 .var "state", 3 0;
E_000001e8be6df280/0 .event negedge, v000001e8be7374f0_0;
E_000001e8be6df280/1 .event posedge, v000001e8be6d4160_0;
E_000001e8be6df280 .event/or E_000001e8be6df280/0, E_000001e8be6df280/1;
E_000001e8be6df240/0 .event anyedge, v000001e8be6d4520_0, v000001e8be6d40c0_0, v000001e8be6d4340_0, v000001e8be735e70_0;
E_000001e8be6df240/1 .event anyedge, v000001e8be737810_0, v000001e8be737950_0;
E_000001e8be6df240 .event/or E_000001e8be6df240/0, E_000001e8be6df240/1;
L_000001e8be741600 .part v000001e8be737bd0_0, 0, 8;
L_000001e8be741880 .cmp/eq 8, L_000001e8be741600, L_000001e8be7d00d0;
L_000001e8be741a60 .reduce/nor L_000001e8be69bf60;
S_000001e8be6e4b10 .scope task, "fail" "fail" 3 43, 3 43 0, S_000001e8be6a4aa0;
 .timescale -9 -12;
v000001e8be7362d0_0 .var "message", 127 0;
TD_tb_apb_i2c_slave_unit.fail ;
    %vpi_call/w 3 46 "$display", "FAIL: %0s", v000001e8be7362d0_0 {0 0 0};
    %vpi_call/w 3 47 "$finish" {0 0 0};
    %end;
S_000001e8be6e4ca0 .scope begin, "status_check" "status_check" 3 189, 3 189 0, S_000001e8be6a4aa0;
 .timescale -9 -12;
v000001e8be736370_0 .var "status", 31 0;
S_000001e8be6e4e30 .scope task, "wait_for_ack_window" "wait_for_ack_window" 3 145, 3 145 0, S_000001e8be6a4aa0;
 .timescale -9 -12;
v000001e8be737b30_0 .var/i "n", 31 0;
TD_tb_apb_i2c_slave_unit.wait_for_ack_window ;
    %pushi/vec4 0, 0, 32;
    %store/vec4 v000001e8be737b30_0, 0, 32;
T_4.7 ;
    %load/vec4 v000001e8be737b30_0;
    %cmpi/s 600, 0, 32;
    %jmp/0xz T_4.8, 5;
    %wait E_000001e8be6dfa80;
    %delay 1000, 0;
    %load/vec4 v000001e8be736e10_0;
    %cmpi/e 0, 0, 1;
    %jmp/0xz  T_4.9, 6;
    %disable S_000001e8be6e4e30;
T_4.9 ;
    %load/vec4 v000001e8be737b30_0;
    %addi 1, 0, 32;
    %store/vec4 v000001e8be737b30_0, 0, 32;
    %jmp T_4.7;
T_4.8 ;
    %pushi/vec4 2178778572, 0, 34;
    %concati/vec4 2176433616, 0, 32;
    %concati/vec4 2177471877, 0, 32;
    %concati/vec4 594044260, 0, 30;
    %store/vec4 v000001e8be7362d0_0, 0, 128;
    %fork TD_tb_apb_i2c_slave_unit.fail, S_000001e8be6e4b10;
    %join;
    %end;
S_000001e8be73fe40 .scope task, "wait_for_bus_high" "wait_for_bus_high" 3 131, 3 131 0, S_000001e8be6a4aa0;
 .timescale -9 -12;
v000001e8be737770_0 .var/i "n", 31 0;
TD_tb_apb_i2c_slave_unit.wait_for_bus_high ;
    %pushi/vec4 0, 0, 32;
    %store/vec4 v000001e8be737770_0, 0, 32;
T_5.11 ;
    %load/vec4 v000001e8be737770_0;
    %cmpi/s 160, 0, 32;
    %jmp/0xz T_5.12, 5;
    %wait E_000001e8be6dfa80;
    %delay 1000, 0;
    %load/vec4 v000001e8be736410_0;
    %cmpi/e 1, 0, 1;
    %flag_get/vec4 6;
    %jmp/0 T_5.15, 6;
    %load/vec4 v000001e8be7367d0_0;
    %pushi/vec4 1, 0, 1;
    %cmp/e;
    %flag_get/vec4 6;
    %and;
T_5.15;
    %flag_set/vec4 8;
    %jmp/0xz  T_5.13, 8;
    %disable S_000001e8be73fe40;
T_5.13 ;
    %load/vec4 v000001e8be737770_0;
    %addi 1, 0, 32;
    %store/vec4 v000001e8be737770_0, 0, 32;
    %jmp T_5.11;
T_5.12 ;
    %pushi/vec4 2176433616, 0, 34;
    %concati/vec4 2177471953, 0, 32;
    %concati/vec4 3586766977, 0, 32;
    %concati/vec4 677996392, 0, 30;
    %store/vec4 v000001e8be7362d0_0, 0, 128;
    %fork TD_tb_apb_i2c_slave_unit.fail, S_000001e8be6e4b10;
    %join;
    %end;
S_000001e8be73ffd0 .scope task, "wait_for_line_low" "wait_for_line_low" 3 103, 3 103 0, S_000001e8be6a4aa0;
 .timescale -9 -12;
v000001e8be737c70_0 .var/i "n", 31 0;
TD_tb_apb_i2c_slave_unit.wait_for_line_low ;
    %pushi/vec4 0, 0, 32;
    %store/vec4 v000001e8be737c70_0, 0, 32;
T_6.16 ;
    %load/vec4 v000001e8be737c70_0;
    %cmpi/s 80, 0, 32;
    %jmp/0xz T_6.17, 5;
    %wait E_000001e8be6dfa80;
    %delay 1000, 0;
    %load/vec4 v000001e8be7367d0_0;
    %cmpi/e 0, 0, 1;
    %flag_get/vec4 6;
    %jmp/0 T_6.20, 6;
    %load/vec4 v000001e8be736410_0;
    %pushi/vec4 1, 0, 1;
    %cmp/e;
    %flag_get/vec4 6;
    %and;
T_6.20;
    %flag_set/vec4 8;
    %jmp/0xz  T_6.18, 8;
    %disable S_000001e8be73ffd0;
T_6.18 ;
    %load/vec4 v000001e8be737c70_0;
    %addi 1, 0, 32;
    %store/vec4 v000001e8be737c70_0, 0, 32;
    %jmp T_6.16;
T_6.17 ;
    %pushi/vec4 3997232848, 0, 33;
    %concati/vec4 3537422912, 0, 32;
    %concati/vec4 2793838656, 0, 32;
    %concati/vec4 1751738216, 0, 31;
    %store/vec4 v000001e8be7362d0_0, 0, 128;
    %fork TD_tb_apb_i2c_slave_unit.fail, S_000001e8be6e4b10;
    %join;
    %end;
S_000001e8be740160 .scope task, "wait_for_scl_low" "wait_for_scl_low" 3 117, 3 117 0, S_000001e8be6a4aa0;
 .timescale -9 -12;
v000001e8be736a50_0 .var/i "n", 31 0;
TD_tb_apb_i2c_slave_unit.wait_for_scl_low ;
    %pushi/vec4 0, 0, 32;
    %store/vec4 v000001e8be736a50_0, 0, 32;
T_7.21 ;
    %load/vec4 v000001e8be736a50_0;
    %cmpi/s 120, 0, 32;
    %jmp/0xz T_7.22, 5;
    %wait E_000001e8be6dfa80;
    %delay 1000, 0;
    %load/vec4 v000001e8be736410_0;
    %cmpi/e 0, 0, 1;
    %jmp/0xz  T_7.23, 6;
    %disable S_000001e8be740160;
T_7.23 ;
    %load/vec4 v000001e8be736a50_0;
    %addi 1, 0, 32;
    %store/vec4 v000001e8be736a50_0, 0, 32;
    %jmp T_7.21;
T_7.22 ;
    %pushi/vec4 3404253760, 0, 33;
    %concati/vec4 4006799568, 0, 32;
    %concati/vec4 2169310512, 0, 33;
    %concati/vec4 543977335, 0, 30;
    %store/vec4 v000001e8be7362d0_0, 0, 128;
    %fork TD_tb_apb_i2c_slave_unit.fail, S_000001e8be6e4b10;
    %join;
    %end;
    .scope S_000001e8be7c6890;
T_8 ;
    %wait E_000001e8be6df280;
    %load/vec4 v000001e8be7374f0_0;
    %nor/r;
    %flag_set/vec4 8;
    %jmp/0xz  T_8.0, 8;
    %pushi/vec4 0, 0, 8;
    %assign/vec4 v000001e8be735e70_0, 0;
    %pushi/vec4 0, 0, 4;
    %assign/vec4 v000001e8be736cd0_0, 0;
    %pushi/vec4 0, 0, 1;
    %assign/vec4 v000001e8be7373b0_0, 0;
    %jmp T_8.1;
T_8.0 ;
    %pushi/vec4 0, 0, 1;
    %assign/vec4 v000001e8be7373b0_0, 0;
    %load/vec4 v000001e8be736550_0;
    %flag_set/vec4 8;
    %jmp/0xz  T_8.2, 8;
    %load/vec4 v000001e8be6d4340_0;
    %parti/s 8, 0, 2;
    %cmpi/e 0, 0, 8;
    %jmp/0xz  T_8.4, 4;
    %load/vec4 v000001e8be6d4e80_0;
    %parti/s 8, 0, 2;
    %assign/vec4 v000001e8be735e70_0, 0;
T_8.4 ;
    %load/vec4 v000001e8be6d4340_0;
    %parti/s 8, 0, 2;
    %cmpi/e 4, 0, 8;
    %jmp/0xz  T_8.6, 4;
    %load/vec4 v000001e8be6d4e80_0;
    %parti/s 4, 0, 2;
    %assign/vec4 v000001e8be736cd0_0, 0;
    %pushi/vec4 1, 0, 1;
    %assign/vec4 v000001e8be7373b0_0, 0;
T_8.6 ;
T_8.2 ;
T_8.1 ;
    %jmp T_8;
    .thread T_8;
    .scope S_000001e8be7c6890;
T_9 ;
    %wait E_000001e8be6df240;
    %load/vec4 v000001e8be6d4520_0;
    %flag_set/vec4 9;
    %flag_get/vec4 9;
    %jmp/0 T_9.2, 9;
    %load/vec4 v000001e8be6d40c0_0;
    %nor/r;
    %and;
T_9.2;
    %flag_set/vec4 8;
    %jmp/0xz  T_9.0, 8;
    %load/vec4 v000001e8be6d4340_0;
    %parti/s 8, 0, 2;
    %dup/vec4;
    %pushi/vec4 0, 0, 8;
    %cmp/u;
    %jmp/1 T_9.3, 6;
    %dup/vec4;
    %pushi/vec4 8, 0, 8;
    %cmp/u;
    %jmp/1 T_9.4, 6;
    %pushi/vec4 0, 0, 32;
    %store/vec4 v000001e8be6d4b60_0, 0, 32;
    %jmp T_9.6;
T_9.3 ;
    %pushi/vec4 0, 0, 24;
    %load/vec4 v000001e8be735e70_0;
    %concat/vec4; draw_concat_vec4
    %store/vec4 v000001e8be6d4b60_0, 0, 32;
    %jmp T_9.6;
T_9.4 ;
    %pushi/vec4 0, 0, 30;
    %load/vec4 v000001e8be737810_0;
    %concat/vec4; draw_concat_vec4
    %load/vec4 v000001e8be737950_0;
    %concat/vec4; draw_concat_vec4
    %store/vec4 v000001e8be6d4b60_0, 0, 32;
    %jmp T_9.6;
T_9.6 ;
    %pop/vec4 1;
    %jmp T_9.1;
T_9.0 ;
    %pushi/vec4 0, 0, 32;
    %store/vec4 v000001e8be6d4b60_0, 0, 32;
T_9.1 ;
    %jmp T_9;
    .thread T_9, $push;
    .scope S_000001e8be7c6890;
T_10 ;
    %wait E_000001e8be6df280;
    %load/vec4 v000001e8be7374f0_0;
    %nor/r;
    %flag_set/vec4 8;
    %jmp/0xz  T_10.0, 8;
    %pushi/vec4 0, 0, 4;
    %assign/vec4 v000001e8be736c30_0, 0;
    %pushi/vec4 1, 0, 1;
    %assign/vec4 v000001e8be737090_0, 0;
    %pushi/vec4 1, 0, 1;
    %assign/vec4 v000001e8be7365f0_0, 0;
    %pushi/vec4 1, 0, 1;
    %assign/vec4 v000001e8be737a90_0, 0;
    %pushi/vec4 0, 0, 1;
    %assign/vec4 v000001e8be736230_0, 0;
    %pushi/vec4 0, 0, 1;
    %assign/vec4 v000001e8be737310_0, 0;
    %pushi/vec4 0, 0, 8;
    %assign/vec4 v000001e8be736690_0, 0;
    %pushi/vec4 0, 0, 3;
    %assign/vec4 v000001e8be7376d0_0, 0;
    %jmp T_10.1;
T_10.0 ;
    %load/vec4 v000001e8be736c30_0;
    %dup/vec4;
    %pushi/vec4 0, 0, 4;
    %cmp/u;
    %jmp/1 T_10.2, 6;
    %dup/vec4;
    %pushi/vec4 1, 0, 4;
    %cmp/u;
    %jmp/1 T_10.3, 6;
    %dup/vec4;
    %pushi/vec4 2, 0, 4;
    %cmp/u;
    %jmp/1 T_10.4, 6;
    %dup/vec4;
    %pushi/vec4 3, 0, 4;
    %cmp/u;
    %jmp/1 T_10.5, 6;
    %dup/vec4;
    %pushi/vec4 4, 0, 4;
    %cmp/u;
    %jmp/1 T_10.6, 6;
    %dup/vec4;
    %pushi/vec4 5, 0, 4;
    %cmp/u;
    %jmp/1 T_10.7, 6;
    %dup/vec4;
    %pushi/vec4 6, 0, 4;
    %cmp/u;
    %jmp/1 T_10.8, 6;
    %pushi/vec4 0, 0, 4;
    %assign/vec4 v000001e8be736c30_0, 0;
    %jmp T_10.10;
T_10.2 ;
    %pushi/vec4 1, 0, 1;
    %assign/vec4 v000001e8be737090_0, 0;
    %pushi/vec4 1, 0, 1;
    %assign/vec4 v000001e8be7365f0_0, 0;
    %pushi/vec4 1, 0, 1;
    %assign/vec4 v000001e8be737a90_0, 0;
    %load/vec4 v000001e8be7373b0_0;
    %flag_set/vec4 8;
    %jmp/0xz  T_10.11, 8;
    %pushi/vec4 1, 0, 1;
    %assign/vec4 v000001e8be736230_0, 0;
    %pushi/vec4 0, 0, 8;
    %assign/vec4 v000001e8be736690_0, 0;
    %load/vec4 v000001e8be736cd0_0;
    %parti/s 1, 0, 2;
    %flag_set/vec4 8;
    %jmp/0xz  T_10.13, 8;
    %pushi/vec4 1, 0, 4;
    %assign/vec4 v000001e8be736c30_0, 0;
    %jmp T_10.14;
T_10.13 ;
    %load/vec4 v000001e8be736cd0_0;
    %parti/s 1, 1, 2;
    %flag_set/vec4 8;
    %jmp/0xz  T_10.15, 8;
    %pushi/vec4 3, 0, 4;
    %assign/vec4 v000001e8be736c30_0, 0;
    %jmp T_10.16;
T_10.15 ;
    %load/vec4 v000001e8be736cd0_0;
    %parti/s 1, 2, 3;
    %flag_set/vec4 8;
    %jmp/0xz  T_10.17, 8;
    %pushi/vec4 7, 0, 3;
    %assign/vec4 v000001e8be7376d0_0, 0;
    %pushi/vec4 5, 0, 4;
    %assign/vec4 v000001e8be736c30_0, 0;
T_10.17 ;
T_10.16 ;
T_10.14 ;
    %jmp T_10.12;
T_10.11 ;
    %pushi/vec4 0, 0, 1;
    %assign/vec4 v000001e8be736230_0, 0;
T_10.12 ;
    %jmp T_10.10;
T_10.3 ;
    %pushi/vec4 0, 0, 1;
    %assign/vec4 v000001e8be7365f0_0, 0;
    %load/vec4 v000001e8be736690_0;
    %addi 1, 0, 8;
    %assign/vec4 v000001e8be736690_0, 0;
    %load/vec4 v000001e8be736690_0;
    %pad/u 32;
    %cmpi/e 50, 0, 32;
    %jmp/0xz  T_10.19, 4;
    %pushi/vec4 0, 0, 8;
    %assign/vec4 v000001e8be736690_0, 0;
    %pushi/vec4 2, 0, 4;
    %assign/vec4 v000001e8be736c30_0, 0;
T_10.19 ;
    %jmp T_10.10;
T_10.4 ;
    %pushi/vec4 0, 0, 1;
    %assign/vec4 v000001e8be737090_0, 0;
    %load/vec4 v000001e8be736690_0;
    %addi 1, 0, 8;
    %assign/vec4 v000001e8be736690_0, 0;
    %load/vec4 v000001e8be736690_0;
    %pad/u 32;
    %cmpi/e 50, 0, 32;
    %jmp/0xz  T_10.21, 4;
    %pushi/vec4 0, 0, 8;
    %assign/vec4 v000001e8be736690_0, 0;
    %pushi/vec4 0, 0, 4;
    %assign/vec4 v000001e8be736c30_0, 0;
T_10.21 ;
    %jmp T_10.10;
T_10.5 ;
    %pushi/vec4 0, 0, 1;
    %assign/vec4 v000001e8be7365f0_0, 0;
    %pushi/vec4 1, 0, 1;
    %assign/vec4 v000001e8be737090_0, 0;
    %load/vec4 v000001e8be736690_0;
    %addi 1, 0, 8;
    %assign/vec4 v000001e8be736690_0, 0;
    %load/vec4 v000001e8be736690_0;
    %pad/u 32;
    %cmpi/e 50, 0, 32;
    %jmp/0xz  T_10.23, 4;
    %pushi/vec4 0, 0, 8;
    %assign/vec4 v000001e8be736690_0, 0;
    %pushi/vec4 4, 0, 4;
    %assign/vec4 v000001e8be736c30_0, 0;
T_10.23 ;
    %jmp T_10.10;
T_10.6 ;
    %pushi/vec4 1, 0, 1;
    %assign/vec4 v000001e8be7365f0_0, 0;
    %load/vec4 v000001e8be736690_0;
    %addi 1, 0, 8;
    %assign/vec4 v000001e8be736690_0, 0;
    %load/vec4 v000001e8be736690_0;
    %pad/u 32;
    %cmpi/e 50, 0, 32;
    %jmp/0xz  T_10.25, 4;
    %pushi/vec4 0, 0, 8;
    %assign/vec4 v000001e8be736690_0, 0;
    %pushi/vec4 0, 0, 4;
    %assign/vec4 v000001e8be736c30_0, 0;
T_10.25 ;
    %jmp T_10.10;
T_10.7 ;
    %load/vec4 v000001e8be735e70_0;
    %load/vec4 v000001e8be7376d0_0;
    %part/u 1;
    %assign/vec4 v000001e8be7365f0_0, 0;
    %load/vec4 v000001e8be736690_0;
    %addi 1, 0, 8;
    %assign/vec4 v000001e8be736690_0, 0;
    %load/vec4 v000001e8be736690_0;
    %pad/u 32;
    %cmpi/e 25, 0, 32;
    %jmp/0xz  T_10.27, 4;
    %pushi/vec4 1, 0, 1;
    %assign/vec4 v000001e8be737090_0, 0;
T_10.27 ;
    %load/vec4 v000001e8be736690_0;
    %pad/u 32;
    %cmpi/e 50, 0, 32;
    %jmp/0xz  T_10.29, 4;
    %pushi/vec4 0, 0, 1;
    %assign/vec4 v000001e8be737090_0, 0;
    %pushi/vec4 0, 0, 8;
    %assign/vec4 v000001e8be736690_0, 0;
    %load/vec4 v000001e8be7376d0_0;
    %pad/u 32;
    %cmpi/u 0, 0, 32;
    %flag_or 5, 4; GT is !LE
    %flag_inv 5;
    %jmp/0xz  T_10.31, 5;
    %load/vec4 v000001e8be7376d0_0;
    %subi 1, 0, 3;
    %assign/vec4 v000001e8be7376d0_0, 0;
    %jmp T_10.32;
T_10.31 ;
    %pushi/vec4 6, 0, 4;
    %assign/vec4 v000001e8be736c30_0, 0;
T_10.32 ;
T_10.29 ;
    %jmp T_10.10;
T_10.8 ;
    %pushi/vec4 0, 0, 1;
    %assign/vec4 v000001e8be737a90_0, 0;
    %load/vec4 v000001e8be736690_0;
    %addi 1, 0, 8;
    %assign/vec4 v000001e8be736690_0, 0;
    %load/vec4 v000001e8be736690_0;
    %pad/u 32;
    %cmpi/e 25, 0, 32;
    %jmp/0xz  T_10.33, 4;
    %pushi/vec4 1, 0, 1;
    %assign/vec4 v000001e8be737090_0, 0;
    %load/vec4 v000001e8be7360f0_0;
    %assign/vec4 v000001e8be737310_0, 0;
T_10.33 ;
    %load/vec4 v000001e8be736690_0;
    %pad/u 32;
    %cmpi/e 50, 0, 32;
    %jmp/0xz  T_10.35, 4;
    %pushi/vec4 0, 0, 1;
    %assign/vec4 v000001e8be737090_0, 0;
    %pushi/vec4 0, 0, 8;
    %assign/vec4 v000001e8be736690_0, 0;
    %pushi/vec4 0, 0, 4;
    %assign/vec4 v000001e8be736c30_0, 0;
T_10.35 ;
    %jmp T_10.10;
T_10.10 ;
    %pop/vec4 1;
T_10.1 ;
    %jmp T_10;
    .thread T_10;
    .scope S_000001e8be6a4aa0;
T_11 ;
    %pushi/vec4 0, 0, 1;
    %store/vec4 v000001e8be736b90_0, 0, 1;
    %pushi/vec4 0, 0, 1;
    %store/vec4 v000001e8be7369b0_0, 0, 1;
    %pushi/vec4 0, 0, 32;
    %store/vec4 v000001e8be737bd0_0, 0, 32;
    %pushi/vec4 0, 0, 1;
    %store/vec4 v000001e8be736050_0, 0, 1;
    %pushi/vec4 0, 0, 1;
    %store/vec4 v000001e8be736730_0, 0, 1;
    %pushi/vec4 0, 0, 1;
    %store/vec4 v000001e8be736d70_0, 0, 1;
    %pushi/vec4 0, 0, 32;
    %store/vec4 v000001e8be7364b0_0, 0, 32;
    %pushi/vec4 0, 0, 1;
    %store/vec4 v000001e8be736910_0, 0, 1;
    %end;
    .thread T_11, $init;
    .scope S_000001e8be6a4aa0;
T_12 ;
    %delay 5000, 0;
    %load/vec4 v000001e8be736b90_0;
    %inv;
    %store/vec4 v000001e8be736b90_0, 0, 1;
    %jmp T_12;
    .thread T_12;
    .scope S_000001e8be6a4aa0;
T_13 ;
    %vpi_call/w 3 166 "$dumpfile", "tb_apb_i2c_slave_unit.vcd" {0 0 0};
    %vpi_call/w 3 167 "$dumpvars", 32'sb00000000000000000000000000000000, S_000001e8be6a4aa0 {0 0 0};
    %pushi/vec4 4, 0, 32;
T_13.0 %dup/vec4;
    %pushi/vec4 0, 0, 32;
    %cmp/s;
    %jmp/1xz T_13.1, 5;
    %jmp/1 T_13.1, 4;
    %pushi/vec4 1, 0, 32;
    %sub;
    %wait E_000001e8be6dfa80;
    %jmp T_13.0;
T_13.1 ;
    %pop/vec4 1;
    %pushi/vec4 1, 0, 1;
    %assign/vec4 v000001e8be7369b0_0, 0;
    %pushi/vec4 2, 0, 32;
T_13.2 %dup/vec4;
    %pushi/vec4 0, 0, 32;
    %cmp/s;
    %jmp/1xz T_13.3, 5;
    %jmp/1 T_13.3, 4;
    %pushi/vec4 1, 0, 32;
    %sub;
    %wait E_000001e8be6dfa80;
    %jmp T_13.2;
T_13.3 ;
    %pop/vec4 1;
    %fork TD_tb_apb_i2c_slave_unit.check_idle_high, S_000001e8be6e2210;
    %join;
    %pushi/vec4 0, 0, 8;
    %store/vec4 v000001e8be6d4ac0_0, 0, 8;
    %pushi/vec4 160, 0, 8;
    %store/vec4 v000001e8be6d4de0_0, 0, 8;
    %fork TD_tb_apb_i2c_slave_unit.apb_write, S_000001e8be6e2080;
    %join;
    %pushi/vec4 4, 0, 8;
    %store/vec4 v000001e8be6d4ac0_0, 0, 8;
    %pushi/vec4 1, 0, 8;
    %store/vec4 v000001e8be6d4de0_0, 0, 8;
    %fork TD_tb_apb_i2c_slave_unit.apb_write, S_000001e8be6e2080;
    %join;
    %fork TD_tb_apb_i2c_slave_unit.wait_for_line_low, S_000001e8be73ffd0;
    %join;
    %fork TD_tb_apb_i2c_slave_unit.wait_for_scl_low, S_000001e8be740160;
    %join;
    %fork TD_tb_apb_i2c_slave_unit.wait_for_bus_high, S_000001e8be73fe40;
    %join;
    %pushi/vec4 0, 0, 8;
    %store/vec4 v000001e8be6d4ac0_0, 0, 8;
    %pushi/vec4 160, 0, 8;
    %store/vec4 v000001e8be6d4de0_0, 0, 8;
    %fork TD_tb_apb_i2c_slave_unit.apb_write, S_000001e8be6e2080;
    %join;
    %pushi/vec4 4, 0, 8;
    %store/vec4 v000001e8be6d4ac0_0, 0, 8;
    %pushi/vec4 4, 0, 8;
    %store/vec4 v000001e8be6d4de0_0, 0, 8;
    %fork TD_tb_apb_i2c_slave_unit.apb_write, S_000001e8be6e2080;
    %join;
    %fork TD_tb_apb_i2c_slave_unit.wait_for_ack_window, S_000001e8be6e4e30;
    %join;
    %pushi/vec4 1, 0, 1;
    %assign/vec4 v000001e8be736910_0, 0;
    %pushi/vec4 30, 0, 32;
T_13.4 %dup/vec4;
    %pushi/vec4 0, 0, 32;
    %cmp/s;
    %jmp/1xz T_13.5, 5;
    %jmp/1 T_13.5, 4;
    %pushi/vec4 1, 0, 32;
    %sub;
    %wait E_000001e8be6dfa80;
    %jmp T_13.4;
T_13.5 ;
    %pop/vec4 1;
    %pushi/vec4 0, 0, 1;
    %assign/vec4 v000001e8be736910_0, 0;
    %pushi/vec4 80, 0, 32;
T_13.6 %dup/vec4;
    %pushi/vec4 0, 0, 32;
    %cmp/s;
    %jmp/1xz T_13.7, 5;
    %jmp/1 T_13.7, 4;
    %pushi/vec4 1, 0, 32;
    %sub;
    %wait E_000001e8be6dfa80;
    %jmp T_13.6;
T_13.7 ;
    %pop/vec4 1;
    %fork t_1, S_000001e8be6e4ca0;
    %jmp t_0;
    .scope S_000001e8be6e4ca0;
t_1 ;
    %pushi/vec4 8, 0, 8;
    %store/vec4 v000001e8be6d4980_0, 0, 8;
    %fork TD_tb_apb_i2c_slave_unit.apb_read, S_000001e8be69d3c0;
    %join;
    %load/vec4 v000001e8be6d47a0_0;
    %store/vec4 v000001e8be736370_0, 0, 32;
    %load/vec4 v000001e8be736370_0;
    %parti/s 1, 0, 2;
    %cmpi/ne 0, 0, 1;
    %jmp/0xz  T_13.8, 6;
    %pushi/vec4 3637166820, 0, 33;
    %concati/vec4 2173016529, 0, 33;
    %concati/vec4 2512945629, 0, 32;
    %concati/vec4 845771877, 0, 30;
    %store/vec4 v000001e8be7362d0_0, 0, 128;
    %fork TD_tb_apb_i2c_slave_unit.fail, S_000001e8be6e4b10;
    %join;
T_13.8 ;
    %load/vec4 v000001e8be736370_0;
    %parti/s 1, 1, 2;
    %cmpi/ne 0, 0, 1;
    %jmp/0xz  T_13.10, 6;
    %pushi/vec4 3997205126, 0, 33;
    %concati/vec4 2520829156, 0, 32;
    %concati/vec4 3738845414, 0, 32;
    %concati/vec4 1818326629, 0, 31;
    %store/vec4 v000001e8be7362d0_0, 0, 128;
    %fork TD_tb_apb_i2c_slave_unit.fail, S_000001e8be6e4b10;
    %join;
T_13.10 ;
    %end;
    .scope S_000001e8be6a4aa0;
t_0 %join;
    %pushi/vec4 4, 0, 8;
    %store/vec4 v000001e8be6d4ac0_0, 0, 8;
    %pushi/vec4 2, 0, 8;
    %store/vec4 v000001e8be6d4de0_0, 0, 8;
    %fork TD_tb_apb_i2c_slave_unit.apb_write, S_000001e8be6e2080;
    %join;
    %fork TD_tb_apb_i2c_slave_unit.wait_for_line_low, S_000001e8be73ffd0;
    %join;
    %fork TD_tb_apb_i2c_slave_unit.wait_for_bus_high, S_000001e8be73fe40;
    %join;
    %fork TD_tb_apb_i2c_slave_unit.check_idle_high, S_000001e8be6e2210;
    %join;
    %vpi_call/w 3 201 "$display", "PASS: apb_i2c_slave self-check completed" {0 0 0};
    %vpi_call/w 3 202 "$finish" {0 0 0};
    %end;
    .thread T_13;
# The file index is used to find the file name in the following table.
:file_names 5;
    "N/A";
    "<interactive>";
    "-";
    "c:\Users\Nick\custom_SOC\DO_AN\DO_AN.srcs\sim_1\new\tb_apb_i2c_slave_unit.v";
    "c:\Users\Nick\custom_SOC\DO_AN\DO_AN.srcs\sources_1\new\apb_i2c_slave.v";
