#! /c/Source/iverilog-install/bin/vvp
:ivl_version "12.0 (devel)" "(s20150603-1539-g2693dd32b)";
:ivl_delay_selection "TYPICAL";
:vpi_time_precision - 12;
:vpi_module "C:\iverilog\lib\ivl\system.vpi";
:vpi_module "C:\iverilog\lib\ivl\vhdl_sys.vpi";
:vpi_module "C:\iverilog\lib\ivl\vhdl_textio.vpi";
:vpi_module "C:\iverilog\lib\ivl\v2005_math.vpi";
:vpi_module "C:\iverilog\lib\ivl\va_math.vpi";
:vpi_module "C:\iverilog\lib\ivl\v2009.vpi";
S_0000017dc83cbb90 .scope package, "$unit" "$unit" 2 1;
 .timescale 0 0;
S_0000017dc83da780 .scope module, "tb_femto_ram_unit" "tb_femto_ram_unit" 3 4;
 .timescale -9 -12;
P_0000017dc83cb390 .param/l "RAM_BYTES" 1 3 5, +C4<00000000000000000000000001000000>;
v0000017dc84485a0_0 .var "clk", 0 0;
v0000017dc8448640_0 .var/i "i", 31 0;
v0000017dc8448500_0 .var "mem_addr", 31 0;
L_0000017dc8490088 .functor BUFT 1, C4<0>, C4<0>, C4<0>, C4<0>;
v0000017dc84486e0_0 .net "mem_rbusy", 0 0, L_0000017dc8490088;  1 drivers
v0000017dc8448c80_0 .net "mem_rdata", 31 0, v0000017dc83dab40_0;  1 drivers
v0000017dc8448780_0 .var "mem_rstrb", 0 0;
L_0000017dc84900d0 .functor BUFT 1, C4<0>, C4<0>, C4<0>, C4<0>;
v0000017dc8448d20_0 .net "mem_wbusy", 0 0, L_0000017dc84900d0;  1 drivers
v0000017dc8448f00_0 .var "mem_wdata", 31 0;
v0000017dc84488c0_0 .var "mem_wmask", 3 0;
v0000017dc84481e0_0 .var "ram_sel", 0 0;
S_0000017dc83da910 .scope module, "dut" "femto_ram" 3 24, 4 9 0, S_0000017dc83da780;
 .timescale 0 0;
    .port_info 0 /INPUT 1 "clk";
    .port_info 1 /INPUT 1 "ram_sel";
    .port_info 2 /INPUT 32 "mem_addr";
    .port_info 3 /INPUT 32 "mem_wdata";
    .port_info 4 /INPUT 4 "mem_wmask";
    .port_info 5 /INPUT 1 "mem_rstrb";
    .port_info 6 /OUTPUT 32 "mem_rdata";
    .port_info 7 /OUTPUT 1 "mem_rbusy";
    .port_info 8 /OUTPUT 1 "mem_wbusy";
P_0000017dc83cbd20 .param/str "INIT_FILE" 0 4 11, "\000";
P_0000017dc83cbd58 .param/l "RAM_ADDR_WIDTH" 1 4 27, +C4<00000000000000000000000000000100>;
P_0000017dc83cbd90 .param/l "RAM_BYTES" 0 4 10, +C4<00000000000000000000000001000000>;
P_0000017dc83cbdc8 .param/l "RAM_WORDS" 1 4 26, +C4<00000000000000000000000000010000>;
v0000017dc8316fe0_0 .net "clk", 0 0, v0000017dc84485a0_0;  1 drivers
v0000017dc8316eb0_0 .net "mem_addr", 31 0, v0000017dc8448500_0;  1 drivers
v0000017dc83daaa0_0 .net "mem_rbusy", 0 0, L_0000017dc8490088;  alias, 1 drivers
v0000017dc83dab40_0 .var "mem_rdata", 31 0;
v0000017dc83c7c10_0 .net "mem_rstrb", 0 0, v0000017dc8448780_0;  1 drivers
v0000017dc83c7cb0_0 .net "mem_wbusy", 0 0, L_0000017dc84900d0;  alias, 1 drivers
v0000017dc83ce530_0 .net "mem_wdata", 31 0, v0000017dc8448f00_0;  1 drivers
v0000017dc83ce5d0_0 .net "mem_wmask", 3 0, v0000017dc84488c0_0;  1 drivers
v0000017dc83ce670 .array "ram", 15 0, 31 0;
v0000017dc84483c0_0 .net "ram_sel", 0 0, v0000017dc84481e0_0;  1 drivers
v0000017dc8448a00_0 .net "ram_word_addr", 3 0, L_0000017dc8448280;  1 drivers
E_0000017dc83cb6d0 .event posedge, v0000017dc8316fe0_0;
L_0000017dc8448280 .part v0000017dc8448500_0, 2, 4;
S_0000017dc83ce710 .scope task, "fail" "fail" 3 36, 3 36 0, S_0000017dc83da780;
 .timescale -9 -12;
v0000017dc8448960_0 .var "message", 127 0;
TD_tb_femto_ram_unit.fail ;
    %vpi_call/w 3 39 "$display", "FAIL: %0s", v0000017dc8448960_0 {0 0 0};
    %vpi_call/w 3 40 "$finish" {0 0 0};
    %end;
S_0000017dc83d3eb0 .scope task, "read_word" "read_word" 3 61, 3 61 0, S_0000017dc83da780;
 .timescale -9 -12;
v0000017dc8448e60_0 .var "addr", 31 0;
v0000017dc8448820_0 .var "expected", 31 0;
E_0000017dc83cb750 .event negedge, v0000017dc8316fe0_0;
TD_tb_femto_ram_unit.read_word ;
    %wait E_0000017dc83cb750;
    %pushi/vec4 1, 0, 1;
    %assign/vec4 v0000017dc84481e0_0, 0;
    %load/vec4 v0000017dc8448e60_0;
    %assign/vec4 v0000017dc8448500_0, 0;
    %pushi/vec4 0, 0, 4;
    %assign/vec4 v0000017dc84488c0_0, 0;
    %pushi/vec4 1, 0, 1;
    %assign/vec4 v0000017dc8448780_0, 0;
    %wait E_0000017dc83cb6d0;
    %delay 1000, 0;
    %load/vec4 v0000017dc8448c80_0;
    %load/vec4 v0000017dc8448820_0;
    %cmp/ne;
    %jmp/0xz  T_1.0, 6;
    %vpi_call/w 3 73 "$display", "FAIL: read 0x%08h from 0x%08h, expected 0x%08h", v0000017dc8448c80_0, v0000017dc8448e60_0, v0000017dc8448820_0 {0 0 0};
    %vpi_call/w 3 75 "$finish" {0 0 0};
T_1.0 ;
    %pushi/vec4 0, 0, 1;
    %assign/vec4 v0000017dc8448780_0, 0;
    %end;
S_0000017dc83d4040 .scope task, "write_word" "write_word" 3 44, 3 44 0, S_0000017dc83da780;
 .timescale -9 -12;
v0000017dc8448460_0 .var "addr", 31 0;
v0000017dc8448dc0_0 .var "data", 31 0;
v0000017dc8448fa0_0 .var "mask", 3 0;
TD_tb_femto_ram_unit.write_word ;
    %wait E_0000017dc83cb750;
    %pushi/vec4 1, 0, 1;
    %assign/vec4 v0000017dc84481e0_0, 0;
    %load/vec4 v0000017dc8448460_0;
    %assign/vec4 v0000017dc8448500_0, 0;
    %load/vec4 v0000017dc8448dc0_0;
    %assign/vec4 v0000017dc8448f00_0, 0;
    %load/vec4 v0000017dc8448fa0_0;
    %assign/vec4 v0000017dc84488c0_0, 0;
    %pushi/vec4 0, 0, 1;
    %assign/vec4 v0000017dc8448780_0, 0;
    %wait E_0000017dc83cb6d0;
    %delay 1000, 0;
    %pushi/vec4 0, 0, 4;
    %assign/vec4 v0000017dc84488c0_0, 0;
    %end;
    .scope S_0000017dc83da910;
T_3 ;
    %end;
    .thread T_3;
    .scope S_0000017dc83da910;
T_4 ;
    %wait E_0000017dc83cb6d0;
    %load/vec4 v0000017dc84483c0_0;
    %flag_set/vec4 9;
    %flag_get/vec4 9;
    %jmp/0 T_4.2, 9;
    %load/vec4 v0000017dc83c7c10_0;
    %and;
T_4.2;
    %flag_set/vec4 8;
    %jmp/0xz  T_4.0, 8;
    %load/vec4 v0000017dc8448a00_0;
    %pad/u 6;
    %ix/vec4 4;
    %load/vec4a v0000017dc83ce670, 4;
    %assign/vec4 v0000017dc83dab40_0, 0;
T_4.0 ;
    %load/vec4 v0000017dc84483c0_0;
    %flag_set/vec4 8;
    %jmp/0xz  T_4.3, 8;
    %load/vec4 v0000017dc83ce5d0_0;
    %parti/s 1, 0, 2;
    %flag_set/vec4 8;
    %jmp/0xz  T_4.5, 8;
    %load/vec4 v0000017dc83ce530_0;
    %parti/s 8, 0, 2;
    %load/vec4 v0000017dc8448a00_0;
    %pad/u 6;
    %ix/vec4 3;
    %ix/load 4, 0, 0; Constant delay
    %assign/vec4/a/d v0000017dc83ce670, 0, 4;
T_4.5 ;
    %load/vec4 v0000017dc83ce5d0_0;
    %parti/s 1, 1, 2;
    %flag_set/vec4 8;
    %jmp/0xz  T_4.7, 8;
    %load/vec4 v0000017dc83ce530_0;
    %parti/s 8, 8, 5;
    %load/vec4 v0000017dc8448a00_0;
    %pad/u 6;
    %ix/vec4 3;
    %ix/load 4, 8, 0; part off
    %ix/load 5, 0, 0; Constant delay
    %assign/vec4/a/d v0000017dc83ce670, 4, 5;
T_4.7 ;
    %load/vec4 v0000017dc83ce5d0_0;
    %parti/s 1, 2, 3;
    %flag_set/vec4 8;
    %jmp/0xz  T_4.9, 8;
    %load/vec4 v0000017dc83ce530_0;
    %parti/s 8, 16, 6;
    %load/vec4 v0000017dc8448a00_0;
    %pad/u 6;
    %ix/vec4 3;
    %ix/load 4, 16, 0; part off
    %ix/load 5, 0, 0; Constant delay
    %assign/vec4/a/d v0000017dc83ce670, 4, 5;
T_4.9 ;
    %load/vec4 v0000017dc83ce5d0_0;
    %parti/s 1, 3, 3;
    %flag_set/vec4 8;
    %jmp/0xz  T_4.11, 8;
    %load/vec4 v0000017dc83ce530_0;
    %parti/s 8, 24, 6;
    %load/vec4 v0000017dc8448a00_0;
    %pad/u 6;
    %ix/vec4 3;
    %ix/load 4, 24, 0; part off
    %ix/load 5, 0, 0; Constant delay
    %assign/vec4/a/d v0000017dc83ce670, 4, 5;
T_4.11 ;
T_4.3 ;
    %jmp T_4;
    .thread T_4;
    .scope S_0000017dc83da780;
T_5 ;
    %pushi/vec4 0, 0, 1;
    %store/vec4 v0000017dc84485a0_0, 0, 1;
    %pushi/vec4 0, 0, 1;
    %store/vec4 v0000017dc84481e0_0, 0, 1;
    %pushi/vec4 0, 0, 32;
    %store/vec4 v0000017dc8448500_0, 0, 32;
    %pushi/vec4 0, 0, 32;
    %store/vec4 v0000017dc8448f00_0, 0, 32;
    %pushi/vec4 0, 0, 4;
    %store/vec4 v0000017dc84488c0_0, 0, 4;
    %pushi/vec4 0, 0, 1;
    %store/vec4 v0000017dc8448780_0, 0, 1;
    %end;
    .thread T_5, $init;
    .scope S_0000017dc83da780;
T_6 ;
    %delay 5000, 0;
    %load/vec4 v0000017dc84485a0_0;
    %inv;
    %store/vec4 v0000017dc84485a0_0, 0, 1;
    %jmp T_6;
    .thread T_6;
    .scope S_0000017dc83da780;
T_7 ;
    %vpi_call/w 3 82 "$dumpfile", "tb_femto_ram_unit.vcd" {0 0 0};
    %vpi_call/w 3 83 "$dumpvars", 32'sb00000000000000000000000000000000, S_0000017dc83da780 {0 0 0};
    %pushi/vec4 0, 0, 32;
    %store/vec4 v0000017dc8448640_0, 0, 32;
T_7.0 ;
    %load/vec4 v0000017dc8448640_0;
    %cmpi/s 16, 0, 32;
    %jmp/0xz T_7.1, 5;
    %pushi/vec4 0, 0, 32;
    %ix/getv/s 4, v0000017dc8448640_0;
    %store/vec4a v0000017dc83ce670, 4, 0;
    %load/vec4 v0000017dc8448640_0;
    %addi 1, 0, 32;
    %store/vec4 v0000017dc8448640_0, 0, 32;
    %jmp T_7.0;
T_7.1 ;
    %pushi/vec4 2, 0, 32;
T_7.2 %dup/vec4;
    %pushi/vec4 0, 0, 32;
    %cmp/s;
    %jmp/1xz T_7.3, 5;
    %jmp/1 T_7.3, 4;
    %pushi/vec4 1, 0, 32;
    %sub;
    %wait E_0000017dc83cb6d0;
    %jmp T_7.2;
T_7.3 ;
    %pop/vec4 1;
    %pushi/vec4 0, 0, 32;
    %store/vec4 v0000017dc8448460_0, 0, 32;
    %pushi/vec4 287454020, 0, 32;
    %store/vec4 v0000017dc8448dc0_0, 0, 32;
    %pushi/vec4 15, 0, 4;
    %store/vec4 v0000017dc8448fa0_0, 0, 4;
    %fork TD_tb_femto_ram_unit.write_word, S_0000017dc83d4040;
    %join;
    %pushi/vec4 0, 0, 32;
    %store/vec4 v0000017dc8448e60_0, 0, 32;
    %pushi/vec4 287454020, 0, 32;
    %store/vec4 v0000017dc8448820_0, 0, 32;
    %fork TD_tb_femto_ram_unit.read_word, S_0000017dc83d3eb0;
    %join;
    %pushi/vec4 0, 0, 32;
    %store/vec4 v0000017dc8448460_0, 0, 32;
    %pushi/vec4 43520, 0, 32;
    %store/vec4 v0000017dc8448dc0_0, 0, 32;
    %pushi/vec4 2, 0, 4;
    %store/vec4 v0000017dc8448fa0_0, 0, 4;
    %fork TD_tb_femto_ram_unit.write_word, S_0000017dc83d4040;
    %join;
    %pushi/vec4 0, 0, 32;
    %store/vec4 v0000017dc8448e60_0, 0, 32;
    %pushi/vec4 287484484, 0, 32;
    %store/vec4 v0000017dc8448820_0, 0, 32;
    %fork TD_tb_femto_ram_unit.read_word, S_0000017dc83d3eb0;
    %join;
    %pushi/vec4 4, 0, 32;
    %store/vec4 v0000017dc8448460_0, 0, 32;
    %pushi/vec4 3422552064, 0, 32;
    %store/vec4 v0000017dc8448dc0_0, 0, 32;
    %pushi/vec4 8, 0, 4;
    %store/vec4 v0000017dc8448fa0_0, 0, 4;
    %fork TD_tb_femto_ram_unit.write_word, S_0000017dc83d4040;
    %join;
    %pushi/vec4 4, 0, 32;
    %store/vec4 v0000017dc8448e60_0, 0, 32;
    %pushi/vec4 3422552064, 0, 32;
    %store/vec4 v0000017dc8448820_0, 0, 32;
    %fork TD_tb_femto_ram_unit.read_word, S_0000017dc83d3eb0;
    %join;
    %wait E_0000017dc83cb750;
    %pushi/vec4 0, 0, 1;
    %assign/vec4 v0000017dc84481e0_0, 0;
    %pushi/vec4 8, 0, 32;
    %assign/vec4 v0000017dc8448500_0, 0;
    %pushi/vec4 3735928559, 0, 32;
    %assign/vec4 v0000017dc8448f00_0, 0;
    %pushi/vec4 15, 0, 4;
    %assign/vec4 v0000017dc84488c0_0, 0;
    %wait E_0000017dc83cb6d0;
    %delay 1000, 0;
    %ix/load 4, 2, 0;
    %flag_set/imm 4, 0;
    %load/vec4a v0000017dc83ce670, 4;
    %cmpi/ne 0, 0, 32;
    %jmp/0xz  T_7.4, 6;
    %pushi/vec4 2177467829, 0, 34;
    %concati/vec4 4221250401, 0, 33;
    %concati/vec4 4005750336, 0, 38;
    %concati/vec4 7106423, 0, 23;
    %store/vec4 v0000017dc8448960_0, 0, 128;
    %fork TD_tb_femto_ram_unit.fail, S_0000017dc83ce710;
    %join;
T_7.4 ;
    %load/vec4 v0000017dc84486e0_0;
    %cmpi/ne 0, 0, 1;
    %jmp/1 T_7.8, 6;
    %flag_mov 8, 6;
    %load/vec4 v0000017dc8448d20_0;
    %cmpi/ne 0, 0, 1;
    %flag_or 6, 8;
T_7.8;
    %jmp/0xz  T_7.6, 6;
    %pushi/vec4 3740156108, 0, 33;
    %concati/vec4 3739500748, 0, 32;
    %concati/vec4 3403344094, 0, 32;
    %concati/vec4 1601331565, 0, 31;
    %store/vec4 v0000017dc8448960_0, 0, 128;
    %fork TD_tb_femto_ram_unit.fail, S_0000017dc83ce710;
    %join;
T_7.6 ;
    %vpi_call/w 3 115 "$display", "PASS: femto_ram self-check completed" {0 0 0};
    %vpi_call/w 3 116 "$finish" {0 0 0};
    %end;
    .thread T_7;
# The file index is used to find the file name in the following table.
:file_names 5;
    "N/A";
    "<interactive>";
    "-";
    "c:\Users\Nick\custom_SOC\DO_AN\DO_AN.srcs\sim_1\new\tb_femto_ram_unit.v";
    "c:\Users\Nick\custom_SOC\DO_AN\DO_AN.srcs\sources_1\new\femtosoc.v";
