#! /c/Source/iverilog-install/bin/vvp
:ivl_version "12.0 (devel)" "(s20150603-1539-g2693dd32b)";
:ivl_delay_selection "TYPICAL";
:vpi_time_precision - 12;
:vpi_module "C:\iverilog\lib\ivl\system.vpi";
:vpi_module "C:\iverilog\lib\ivl\vhdl_sys.vpi";
:vpi_module "C:\iverilog\lib\ivl\vhdl_textio.vpi";
:vpi_module "C:\iverilog\lib\ivl\v2005_math.vpi";
:vpi_module "C:\iverilog\lib\ivl\va_math.vpi";
:vpi_module "C:\iverilog\lib\ivl\v2009.vpi";
S_00000177899e43a0 .scope package, "$unit" "$unit" 2 1;
 .timescale 0 0;
S_00000177899f0ea0 .scope module, "tb_apb_bridge_unit" "tb_apb_bridge_unit" 3 4;
 .timescale -9 -12;
v0000017789a66d40_0 .net "PADDR", 31 0, v00000177899e1380_0;  1 drivers
v0000017789a66fc0_0 .net "PENABLE", 0 0, v00000177899e1240_0;  1 drivers
v0000017789a66160_0 .var "PRDATA", 31 0;
v0000017789a66ca0_0 .var "PREADY", 0 0;
v0000017789a67380_0 .net "PSEL", 0 0, v00000177899e0e80_0;  1 drivers
v0000017789a66520_0 .var "PSLVERR", 0 0;
v0000017789a65da0_0 .net "PWDATA", 31 0, v00000177899e1740_0;  1 drivers
v0000017789a67240_0 .net "PWRITE", 0 0, v00000177899e1560_0;  1 drivers
v0000017789a672e0_0 .var "bus_sel", 0 0;
v0000017789a66340_0 .var "clk", 0 0;
v0000017789a66de0_0 .var "mem_addr", 31 0;
v0000017789a67420_0 .net "mem_rbusy", 0 0, L_00000177899dd190;  1 drivers
v0000017789a662a0_0 .net "mem_rdata", 31 0, v0000017789a63e70_0;  1 drivers
v0000017789a65d00_0 .var "mem_rstrb", 0 0;
v0000017789a674c0_0 .net "mem_wbusy", 0 0, L_00000177899dc940;  1 drivers
v0000017789a660c0_0 .var "mem_wdata", 31 0;
v0000017789a66e80_0 .var "mem_wmask", 3 0;
v0000017789a66f20_0 .var "resetn", 0 0;
S_00000177899f1030 .scope module, "dut" "apb_bridge" 3 28, 4 17 0, S_00000177899f0ea0;
 .timescale 0 0;
    .port_info 0 /INPUT 1 "clk";
    .port_info 1 /INPUT 1 "resetn";
    .port_info 2 /INPUT 1 "bus_sel";
    .port_info 3 /INPUT 32 "mem_addr";
    .port_info 4 /INPUT 32 "mem_wdata";
    .port_info 5 /INPUT 4 "mem_wmask";
    .port_info 6 /INPUT 1 "mem_rstrb";
    .port_info 7 /OUTPUT 32 "mem_rdata";
    .port_info 8 /OUTPUT 1 "mem_rbusy";
    .port_info 9 /OUTPUT 1 "mem_wbusy";
    .port_info 10 /OUTPUT 32 "PADDR";
    .port_info 11 /OUTPUT 1 "PWRITE";
    .port_info 12 /OUTPUT 1 "PSEL";
    .port_info 13 /OUTPUT 1 "PENABLE";
    .port_info 14 /OUTPUT 32 "PWDATA";
    .port_info 15 /INPUT 32 "PRDATA";
    .port_info 16 /INPUT 1 "PREADY";
    .port_info 17 /INPUT 1 "PSLVERR";
P_0000017789a0ca90 .param/l "S_ENABLE" 1 4 42, C4<10>;
P_0000017789a0cac8 .param/l "S_IDLE" 1 4 40, C4<00>;
P_0000017789a0cb00 .param/l "S_SETUP" 1 4 41, C4<01>;
L_00000177899dcb00 .functor AND 1, v0000017789a672e0_0, v0000017789a65d00_0, C4<1>, C4<1>;
L_00000177899dc5c0 .functor AND 1, v0000017789a672e0_0, L_0000017789a677e0, C4<1>, C4<1>;
L_00000177899dd0b0 .functor OR 1, L_00000177899dcb00, L_00000177899dc5c0, C4<0>, C4<0>;
L_00000177899dccc0 .functor AND 1, L_00000177899dd0b0, L_0000017789a65bc0, C4<1>, C4<1>;
L_00000177899dd040 .functor OR 1, L_0000017789a676a0, L_0000017789a663e0, C4<0>, C4<0>;
L_00000177899dc630 .functor AND 1, L_00000177899dd040, v0000017789a64050_0, C4<1>, C4<1>;
L_00000177899dd190 .functor OR 1, L_00000177899dcb00, L_00000177899dc630, C4<0>, C4<0>;
L_00000177899dd200 .functor OR 1, L_0000017789a66480, L_0000017789a671a0, C4<0>, C4<0>;
L_00000177899dc6a0 .functor AND 1, L_00000177899dd200, v0000017789a63dd0_0, C4<1>, C4<1>;
L_00000177899dc940 .functor OR 1, L_00000177899dc5c0, L_00000177899dc6a0, C4<0>, C4<0>;
L_00000177899dd270 .functor BUFZ 1, v0000017789a66520_0, C4<0>, C4<0>, C4<0>;
v00000177899e1380_0 .var "PADDR", 31 0;
v00000177899e1240_0 .var "PENABLE", 0 0;
v00000177899e14c0_0 .net "PRDATA", 31 0, v0000017789a66160_0;  1 drivers
v00000177899e0de0_0 .net "PREADY", 0 0, v0000017789a66ca0_0;  1 drivers
v00000177899e0e80_0 .var "PSEL", 0 0;
v00000177899e16a0_0 .net "PSLVERR", 0 0, v0000017789a66520_0;  1 drivers
v00000177899e1740_0 .var "PWDATA", 31 0;
v00000177899e1560_0 .var "PWRITE", 0 0;
v00000177899e0ca0_0 .net *"_ivl_10", 0 0, L_0000017789a65bc0;  1 drivers
L_0000017789aa00d0 .functor BUFT 1, C4<01>, C4<0>, C4<0>, C4<0>;
v00000177899e19c0_0 .net/2u *"_ivl_14", 1 0, L_0000017789aa00d0;  1 drivers
v00000177899e17e0_0 .net *"_ivl_16", 0 0, L_0000017789a676a0;  1 drivers
L_0000017789aa0118 .functor BUFT 1, C4<10>, C4<0>, C4<0>, C4<0>;
v00000177899e0d40_0 .net/2u *"_ivl_18", 1 0, L_0000017789aa0118;  1 drivers
v00000177899e0f20_0 .net *"_ivl_20", 0 0, L_0000017789a663e0;  1 drivers
v00000177899e1a60_0 .net *"_ivl_23", 0 0, L_00000177899dd040;  1 drivers
v00000177899e0fc0_0 .net *"_ivl_25", 0 0, L_00000177899dc630;  1 drivers
L_0000017789aa0160 .functor BUFT 1, C4<01>, C4<0>, C4<0>, C4<0>;
v00000177899e1420_0 .net/2u *"_ivl_28", 1 0, L_0000017789aa0160;  1 drivers
v00000177899e1100_0 .net *"_ivl_3", 0 0, L_0000017789a677e0;  1 drivers
v00000177899e11a0_0 .net *"_ivl_30", 0 0, L_0000017789a66480;  1 drivers
L_0000017789aa01a8 .functor BUFT 1, C4<10>, C4<0>, C4<0>, C4<0>;
v00000177899e0b60_0 .net/2u *"_ivl_32", 1 0, L_0000017789aa01a8;  1 drivers
v0000017789a647d0_0 .net *"_ivl_34", 0 0, L_0000017789a671a0;  1 drivers
v0000017789a64190_0 .net *"_ivl_37", 0 0, L_00000177899dd200;  1 drivers
v0000017789a64730_0 .net *"_ivl_39", 0 0, L_00000177899dc6a0;  1 drivers
v0000017789a63c90_0 .net *"_ivl_7", 0 0, L_00000177899dd0b0;  1 drivers
L_0000017789aa0088 .functor BUFT 1, C4<00>, C4<0>, C4<0>, C4<0>;
v0000017789a64690_0 .net/2u *"_ivl_8", 1 0, L_0000017789aa0088;  1 drivers
v0000017789a64370_0 .net "bus_sel", 0 0, v0000017789a672e0_0;  1 drivers
v0000017789a64410_0 .net "clk", 0 0, v0000017789a66340_0;  1 drivers
v0000017789a645f0_0 .net "mem_addr", 31 0, v0000017789a66de0_0;  1 drivers
v0000017789a64230_0 .net "mem_rbusy", 0 0, L_00000177899dd190;  alias, 1 drivers
v0000017789a63e70_0 .var "mem_rdata", 31 0;
v0000017789a64550_0 .net "mem_rstrb", 0 0, v0000017789a65d00_0;  1 drivers
v0000017789a640f0_0 .net "mem_wbusy", 0 0, L_00000177899dc940;  alias, 1 drivers
v0000017789a642d0_0 .net "mem_wdata", 31 0, v0000017789a660c0_0;  1 drivers
v0000017789a64870_0 .net "mem_wmask", 3 0, v0000017789a66e80_0;  1 drivers
v0000017789a644b0_0 .net "read_req", 0 0, L_00000177899dcb00;  1 drivers
v0000017789a63d30_0 .net "request", 0 0, L_00000177899dccc0;  1 drivers
v0000017789a63970_0 .net "resetn", 0 0, v0000017789a66f20_0;  1 drivers
v0000017789a63a10_0 .var "state", 1 0;
v0000017789a64050_0 .var "txn_read", 0 0;
v0000017789a63dd0_0 .var "txn_write", 0 0;
v0000017789a63ab0_0 .net "unused_pslverr", 0 0, L_00000177899dd270;  1 drivers
v0000017789a63b50_0 .net "write_req", 0 0, L_00000177899dc5c0;  1 drivers
E_0000017789a08ce0/0 .event negedge, v0000017789a63970_0;
E_0000017789a08ce0/1 .event posedge, v0000017789a64410_0;
E_0000017789a08ce0 .event/or E_0000017789a08ce0/0, E_0000017789a08ce0/1;
L_0000017789a677e0 .reduce/or v0000017789a66e80_0;
L_0000017789a65bc0 .cmp/eq 2, v0000017789a63a10_0, L_0000017789aa0088;
L_0000017789a676a0 .cmp/eq 2, v0000017789a63a10_0, L_0000017789aa00d0;
L_0000017789a663e0 .cmp/eq 2, v0000017789a63a10_0, L_0000017789aa0118;
L_0000017789a66480 .cmp/eq 2, v0000017789a63a10_0, L_0000017789aa0160;
L_0000017789a671a0 .cmp/eq 2, v0000017789a63a10_0, L_0000017789aa01a8;
S_0000017789a0eeb0 .scope task, "fail" "fail" 3 49, 3 49 0, S_00000177899f0ea0;
 .timescale -9 -12;
v0000017789a63f10_0 .var "message", 127 0;
TD_tb_apb_bridge_unit.fail ;
    %vpi_call/w 3 52 "$display", "FAIL: %0s", v0000017789a63f10_0 {0 0 0};
    %vpi_call/w 3 53 "$finish" {0 0 0};
    %end;
S_0000017789a0f040 .scope task, "start_read" "start_read" 3 64, 3 64 0, S_00000177899f0ea0;
 .timescale -9 -12;
v0000017789a63fb0_0 .var "addr", 31 0;
E_0000017789a084a0 .event negedge, v0000017789a64410_0;
TD_tb_apb_bridge_unit.start_read ;
    %wait E_0000017789a084a0;
    %pushi/vec4 1, 0, 1;
    %assign/vec4 v0000017789a672e0_0, 0;
    %load/vec4 v0000017789a63fb0_0;
    %assign/vec4 v0000017789a66de0_0, 0;
    %pushi/vec4 0, 0, 4;
    %assign/vec4 v0000017789a66e80_0, 0;
    %pushi/vec4 1, 0, 1;
    %assign/vec4 v0000017789a65d00_0, 0;
    %pushi/vec4 0, 0, 32;
    %assign/vec4 v0000017789a660c0_0, 0;
    %end;
S_0000017789a65940 .scope task, "start_write" "start_write" 3 76, 3 76 0, S_00000177899f0ea0;
 .timescale -9 -12;
v00000177899e0c00_0 .var "addr", 31 0;
v0000017789a667a0_0 .var "data", 31 0;
TD_tb_apb_bridge_unit.start_write ;
    %wait E_0000017789a084a0;
    %pushi/vec4 1, 0, 1;
    %assign/vec4 v0000017789a672e0_0, 0;
    %load/vec4 v00000177899e0c00_0;
    %assign/vec4 v0000017789a66de0_0, 0;
    %load/vec4 v0000017789a667a0_0;
    %assign/vec4 v0000017789a660c0_0, 0;
    %pushi/vec4 15, 0, 4;
    %assign/vec4 v0000017789a66e80_0, 0;
    %pushi/vec4 0, 0, 1;
    %assign/vec4 v0000017789a65d00_0, 0;
    %end;
S_0000017789a67ae0 .scope task, "tick" "tick" 3 57, 3 57 0, S_00000177899f0ea0;
 .timescale -9 -12;
E_0000017789a08960 .event posedge, v0000017789a64410_0;
TD_tb_apb_bridge_unit.tick ;
    %wait E_0000017789a08960;
    %delay 1000, 0;
    %end;
    .scope S_00000177899f1030;
T_4 ;
    %wait E_0000017789a08ce0;
    %load/vec4 v0000017789a63970_0;
    %nor/r;
    %flag_set/vec4 8;
    %jmp/0xz  T_4.0, 8;
    %pushi/vec4 0, 0, 2;
    %assign/vec4 v0000017789a63a10_0, 0;
    %pushi/vec4 0, 0, 1;
    %assign/vec4 v0000017789a64050_0, 0;
    %pushi/vec4 0, 0, 1;
    %assign/vec4 v0000017789a63dd0_0, 0;
    %pushi/vec4 0, 0, 32;
    %assign/vec4 v0000017789a63e70_0, 0;
    %pushi/vec4 0, 0, 32;
    %assign/vec4 v00000177899e1380_0, 0;
    %pushi/vec4 0, 0, 1;
    %assign/vec4 v00000177899e1560_0, 0;
    %pushi/vec4 0, 0, 1;
    %assign/vec4 v00000177899e0e80_0, 0;
    %pushi/vec4 0, 0, 1;
    %assign/vec4 v00000177899e1240_0, 0;
    %pushi/vec4 0, 0, 32;
    %assign/vec4 v00000177899e1740_0, 0;
    %jmp T_4.1;
T_4.0 ;
    %load/vec4 v0000017789a63a10_0;
    %dup/vec4;
    %pushi/vec4 0, 0, 2;
    %cmp/u;
    %jmp/1 T_4.2, 6;
    %dup/vec4;
    %pushi/vec4 1, 0, 2;
    %cmp/u;
    %jmp/1 T_4.3, 6;
    %dup/vec4;
    %pushi/vec4 2, 0, 2;
    %cmp/u;
    %jmp/1 T_4.4, 6;
    %pushi/vec4 0, 0, 2;
    %assign/vec4 v0000017789a63a10_0, 0;
    %jmp T_4.6;
T_4.2 ;
    %pushi/vec4 0, 0, 1;
    %assign/vec4 v00000177899e0e80_0, 0;
    %pushi/vec4 0, 0, 1;
    %assign/vec4 v00000177899e1240_0, 0;
    %load/vec4 v0000017789a63d30_0;
    %flag_set/vec4 8;
    %jmp/0xz  T_4.7, 8;
    %load/vec4 v0000017789a645f0_0;
    %assign/vec4 v00000177899e1380_0, 0;
    %load/vec4 v0000017789a63b50_0;
    %assign/vec4 v00000177899e1560_0, 0;
    %load/vec4 v0000017789a642d0_0;
    %assign/vec4 v00000177899e1740_0, 0;
    %pushi/vec4 1, 0, 1;
    %assign/vec4 v00000177899e0e80_0, 0;
    %pushi/vec4 0, 0, 1;
    %assign/vec4 v00000177899e1240_0, 0;
    %load/vec4 v0000017789a644b0_0;
    %assign/vec4 v0000017789a64050_0, 0;
    %load/vec4 v0000017789a63b50_0;
    %assign/vec4 v0000017789a63dd0_0, 0;
    %pushi/vec4 1, 0, 2;
    %assign/vec4 v0000017789a63a10_0, 0;
T_4.7 ;
    %jmp T_4.6;
T_4.3 ;
    %pushi/vec4 1, 0, 1;
    %assign/vec4 v00000177899e0e80_0, 0;
    %pushi/vec4 1, 0, 1;
    %assign/vec4 v00000177899e1240_0, 0;
    %pushi/vec4 2, 0, 2;
    %assign/vec4 v0000017789a63a10_0, 0;
    %jmp T_4.6;
T_4.4 ;
    %pushi/vec4 1, 0, 1;
    %assign/vec4 v00000177899e0e80_0, 0;
    %pushi/vec4 1, 0, 1;
    %assign/vec4 v00000177899e1240_0, 0;
    %load/vec4 v00000177899e0de0_0;
    %flag_set/vec4 8;
    %jmp/0xz  T_4.9, 8;
    %load/vec4 v00000177899e1560_0;
    %nor/r;
    %flag_set/vec4 8;
    %jmp/0xz  T_4.11, 8;
    %load/vec4 v00000177899e14c0_0;
    %assign/vec4 v0000017789a63e70_0, 0;
T_4.11 ;
    %pushi/vec4 0, 0, 1;
    %assign/vec4 v00000177899e0e80_0, 0;
    %pushi/vec4 0, 0, 1;
    %assign/vec4 v00000177899e1240_0, 0;
    %pushi/vec4 0, 0, 1;
    %assign/vec4 v0000017789a64050_0, 0;
    %pushi/vec4 0, 0, 1;
    %assign/vec4 v0000017789a63dd0_0, 0;
    %pushi/vec4 0, 0, 2;
    %assign/vec4 v0000017789a63a10_0, 0;
T_4.9 ;
    %jmp T_4.6;
T_4.6 ;
    %pop/vec4 1;
T_4.1 ;
    %jmp T_4;
    .thread T_4;
    .scope S_00000177899f0ea0;
T_5 ;
    %pushi/vec4 0, 0, 1;
    %store/vec4 v0000017789a66340_0, 0, 1;
    %pushi/vec4 0, 0, 1;
    %store/vec4 v0000017789a66f20_0, 0, 1;
    %pushi/vec4 0, 0, 1;
    %store/vec4 v0000017789a672e0_0, 0, 1;
    %pushi/vec4 0, 0, 32;
    %store/vec4 v0000017789a66de0_0, 0, 32;
    %pushi/vec4 0, 0, 32;
    %store/vec4 v0000017789a660c0_0, 0, 32;
    %pushi/vec4 0, 0, 4;
    %store/vec4 v0000017789a66e80_0, 0, 4;
    %pushi/vec4 0, 0, 1;
    %store/vec4 v0000017789a65d00_0, 0, 1;
    %pushi/vec4 0, 0, 32;
    %store/vec4 v0000017789a66160_0, 0, 32;
    %pushi/vec4 0, 0, 1;
    %store/vec4 v0000017789a66ca0_0, 0, 1;
    %pushi/vec4 0, 0, 1;
    %store/vec4 v0000017789a66520_0, 0, 1;
    %end;
    .thread T_5, $init;
    .scope S_00000177899f0ea0;
T_6 ;
    %delay 5000, 0;
    %load/vec4 v0000017789a66340_0;
    %inv;
    %store/vec4 v0000017789a66340_0, 0, 1;
    %jmp T_6;
    .thread T_6;
    .scope S_00000177899f0ea0;
T_7 ;
    %vpi_call/w 3 90 "$dumpfile", "tb_apb_bridge_unit.vcd" {0 0 0};
    %vpi_call/w 3 91 "$dumpvars", 32'sb00000000000000000000000000000000, S_00000177899f0ea0 {0 0 0};
    %pushi/vec4 2, 0, 32;
T_7.0 %dup/vec4;
    %pushi/vec4 0, 0, 32;
    %cmp/s;
    %jmp/1xz T_7.1, 5;
    %jmp/1 T_7.1, 4;
    %pushi/vec4 1, 0, 32;
    %sub;
    %fork TD_tb_apb_bridge_unit.tick, S_0000017789a67ae0;
    %join;
    %jmp T_7.0;
T_7.1 ;
    %pop/vec4 1;
    %pushi/vec4 1, 0, 1;
    %assign/vec4 v0000017789a66f20_0, 0;
    %fork TD_tb_apb_bridge_unit.tick, S_0000017789a67ae0;
    %join;
    %pushi/vec4 3405691582, 0, 32;
    %assign/vec4 v0000017789a66160_0, 0;
    %pushi/vec4 0, 0, 1;
    %assign/vec4 v0000017789a66ca0_0, 0;
    %pushi/vec4 305419896, 0, 32;
    %store/vec4 v0000017789a63fb0_0, 0, 32;
    %fork TD_tb_apb_bridge_unit.start_read, S_0000017789a0f040;
    %join;
    %fork TD_tb_apb_bridge_unit.tick, S_0000017789a67ae0;
    %join;
    %load/vec4 v0000017789a67380_0;
    %nor/r;
    %flag_set/vec4 8;
    %jmp/1 T_7.5, 8;
    %load/vec4 v0000017789a66fc0_0;
    %flag_set/vec4 9;
    %flag_or 8, 9;
T_7.5;
    %jmp/1 T_7.4, 8;
    %load/vec4 v0000017789a67240_0;
    %flag_set/vec4 9;
    %flag_or 8, 9;
T_7.4;
    %jmp/0xz  T_7.2, 8;
    %pushi/vec4 2169312593, 0, 34;
    %concati/vec4 2860581659, 0, 33;
    %concati/vec4 4146538070, 0, 33;
    %concati/vec4 57961593, 0, 28;
    %store/vec4 v0000017789a63f10_0, 0, 128;
    %fork TD_tb_apb_bridge_unit.fail, S_0000017789a0eeb0;
    %join;
T_7.2 ;
    %load/vec4 v0000017789a66d40_0;
    %cmpi/ne 305419896, 0, 32;
    %jmp/1 T_7.8, 6;
    %flag_mov 8, 6;
    %load/vec4 v0000017789a65da0_0;
    %cmpi/ne 0, 0, 32;
    %flag_or 6, 8;
T_7.8;
    %jmp/0xz  T_7.6, 6;
    %pushi/vec4 3368216770, 0, 33;
    %concati/vec4 2176433616, 0, 33;
    %concati/vec4 2175894993, 0, 32;
    %concati/vec4 594044260, 0, 30;
    %store/vec4 v0000017789a63f10_0, 0, 128;
    %fork TD_tb_apb_bridge_unit.fail, S_0000017789a0eeb0;
    %join;
T_7.6 ;
    %load/vec4 v0000017789a67420_0;
    %nor/r;
    %flag_set/vec4 8;
    %jmp/1 T_7.11, 8;
    %load/vec4 v0000017789a674c0_0;
    %flag_set/vec4 9;
    %flag_or 8, 9;
T_7.11;
    %jmp/0xz  T_7.9, 8;
    %pushi/vec4 3695224458, 0, 33;
    %concati/vec4 2829754432, 0, 32;
    %concati/vec4 3437159488, 0, 32;
    %concati/vec4 1919246692, 0, 31;
    %store/vec4 v0000017789a63f10_0, 0, 128;
    %fork TD_tb_apb_bridge_unit.fail, S_0000017789a0eeb0;
    %join;
T_7.9 ;
    %pushi/vec4 0, 0, 1;
    %assign/vec4 v0000017789a65d00_0, 0;
    %fork TD_tb_apb_bridge_unit.tick, S_0000017789a67ae0;
    %join;
    %load/vec4 v0000017789a67380_0;
    %nor/r;
    %flag_set/vec4 8;
    %jmp/1 T_7.15, 8;
    %load/vec4 v0000017789a66fc0_0;
    %nor/r;
    %flag_set/vec4 9;
    %flag_or 8, 9;
T_7.15;
    %jmp/1 T_7.14, 8;
    %load/vec4 v0000017789a67240_0;
    %flag_set/vec4 9;
    %flag_or 8, 9;
T_7.14;
    %jmp/0xz  T_7.12, 8;
    %pushi/vec4 2325512836, 0, 33;
    %concati/vec4 2559197382, 0, 32;
    %concati/vec4 3739542730, 0, 32;
    %concati/vec4 1668574329, 0, 31;
    %store/vec4 v0000017789a63f10_0, 0, 128;
    %fork TD_tb_apb_bridge_unit.fail, S_0000017789a0eeb0;
    %join;
T_7.12 ;
    %load/vec4 v0000017789a67420_0;
    %nor/r;
    %flag_set/vec4 8;
    %jmp/0xz  T_7.16, 8;
    %pushi/vec4 3469754568, 0, 33;
    %concati/vec4 3940864732, 0, 32;
    %concati/vec4 3460336284, 0, 32;
    %concati/vec4 1094863941, 0, 31;
    %store/vec4 v0000017789a63f10_0, 0, 128;
    %fork TD_tb_apb_bridge_unit.fail, S_0000017789a0eeb0;
    %join;
T_7.16 ;
    %fork TD_tb_apb_bridge_unit.tick, S_0000017789a67ae0;
    %join;
    %load/vec4 v0000017789a67380_0;
    %nor/r;
    %flag_set/vec4 8;
    %jmp/1 T_7.20, 8;
    %load/vec4 v0000017789a66fc0_0;
    %nor/r;
    %flag_set/vec4 9;
    %flag_or 8, 9;
T_7.20;
    %jmp/0xz  T_7.18, 8;
    %pushi/vec4 3637133472, 0, 33;
    %concati/vec4 2760540808, 0, 32;
    %concati/vec4 2990592742, 0, 32;
    %concati/vec4 543977335, 0, 31;
    %store/vec4 v0000017789a63f10_0, 0, 128;
    %fork TD_tb_apb_bridge_unit.fail, S_0000017789a0eeb0;
    %join;
T_7.18 ;
    %wait E_0000017789a084a0;
    %pushi/vec4 1, 0, 1;
    %assign/vec4 v0000017789a66ca0_0, 0;
    %wait E_0000017789a08960;
    %delay 1000, 0;
    %load/vec4 v0000017789a662a0_0;
    %cmpi/ne 3405691582, 0, 32;
    %jmp/0xz  T_7.21, 6;
    %pushi/vec4 3402121438, 0, 33;
    %concati/vec4 3695232734, 0, 32;
    %concati/vec4 3672168650, 0, 32;
    %concati/vec4 1953066862, 0, 31;
    %store/vec4 v0000017789a63f10_0, 0, 128;
    %fork TD_tb_apb_bridge_unit.fail, S_0000017789a0eeb0;
    %join;
T_7.21 ;
    %load/vec4 v0000017789a67380_0;
    %flag_set/vec4 8;
    %jmp/1 T_7.25, 8;
    %load/vec4 v0000017789a66fc0_0;
    %flag_set/vec4 9;
    %flag_or 8, 9;
T_7.25;
    %jmp/0xz  T_7.23, 8;
    %pushi/vec4 2177471877, 0, 34;
    %concati/vec4 2424409533, 0, 32;
    %concati/vec4 3049370005, 0, 32;
    %concati/vec4 879325038, 0, 30;
    %store/vec4 v0000017789a63f10_0, 0, 128;
    %fork TD_tb_apb_bridge_unit.fail, S_0000017789a0eeb0;
    %join;
T_7.23 ;
    %load/vec4 v0000017789a67420_0;
    %flag_set/vec4 8;
    %jmp/1 T_7.28, 8;
    %load/vec4 v0000017789a674c0_0;
    %flag_set/vec4 9;
    %flag_or 8, 9;
T_7.28;
    %jmp/0xz  T_7.26, 8;
    %pushi/vec4 2177471877, 0, 34;
    %concati/vec4 2424409533, 0, 32;
    %concati/vec4 3049370005, 0, 32;
    %concati/vec4 879325038, 0, 30;
    %store/vec4 v0000017789a63f10_0, 0, 128;
    %fork TD_tb_apb_bridge_unit.fail, S_0000017789a0eeb0;
    %join;
T_7.26 ;
    %pushi/vec4 0, 0, 1;
    %assign/vec4 v0000017789a66ca0_0, 0;
    %pushi/vec4 164, 0, 32;
    %store/vec4 v00000177899e0c00_0, 0, 32;
    %pushi/vec4 3735928559, 0, 32;
    %store/vec4 v0000017789a667a0_0, 0, 32;
    %fork TD_tb_apb_bridge_unit.start_write, S_0000017789a65940;
    %join;
    %fork TD_tb_apb_bridge_unit.tick, S_0000017789a67ae0;
    %join;
    %load/vec4 v0000017789a67380_0;
    %nor/r;
    %flag_set/vec4 8;
    %jmp/1 T_7.32, 8;
    %load/vec4 v0000017789a66fc0_0;
    %flag_set/vec4 9;
    %flag_or 8, 9;
T_7.32;
    %jmp/1 T_7.31, 8;
    %load/vec4 v0000017789a67240_0;
    %nor/r;
    %flag_set/vec4 9;
    %flag_or 8, 9;
T_7.31;
    %jmp/0xz  T_7.29, 8;
    %pushi/vec4 2169312593, 0, 34;
    %concati/vec4 2860581659, 0, 33;
    %concati/vec4 4146538070, 0, 33;
    %concati/vec4 57961593, 0, 28;
    %store/vec4 v0000017789a63f10_0, 0, 128;
    %fork TD_tb_apb_bridge_unit.fail, S_0000017789a0eeb0;
    %join;
T_7.29 ;
    %load/vec4 v0000017789a66d40_0;
    %cmpi/ne 164, 0, 32;
    %jmp/1 T_7.35, 6;
    %flag_mov 8, 6;
    %load/vec4 v0000017789a65da0_0;
    %cmpi/ne 3735928559, 0, 32;
    %flag_or 6, 8;
T_7.35;
    %jmp/0xz  T_7.33, 6;
    %pushi/vec4 3638477512, 0, 33;
    %concati/vec4 2176433616, 0, 33;
    %concati/vec4 2175894993, 0, 32;
    %concati/vec4 594044260, 0, 30;
    %store/vec4 v0000017789a63f10_0, 0, 128;
    %fork TD_tb_apb_bridge_unit.fail, S_0000017789a0eeb0;
    %join;
T_7.33 ;
    %load/vec4 v0000017789a674c0_0;
    %nor/r;
    %flag_set/vec4 8;
    %jmp/1 T_7.38, 8;
    %load/vec4 v0000017789a67420_0;
    %flag_set/vec4 9;
    %flag_or 8, 9;
T_7.38;
    %jmp/0xz  T_7.36, 8;
    %pushi/vec4 2169312593, 0, 34;
    %concati/vec4 2860581683, 0, 33;
    %concati/vec4 4146202487, 0, 33;
    %concati/vec4 40465509, 0, 28;
    %store/vec4 v0000017789a63f10_0, 0, 128;
    %fork TD_tb_apb_bridge_unit.fail, S_0000017789a0eeb0;
    %join;
T_7.36 ;
    %pushi/vec4 0, 0, 4;
    %assign/vec4 v0000017789a66e80_0, 0;
    %fork TD_tb_apb_bridge_unit.tick, S_0000017789a67ae0;
    %join;
    %load/vec4 v0000017789a67380_0;
    %nor/r;
    %flag_set/vec4 8;
    %jmp/1 T_7.42, 8;
    %load/vec4 v0000017789a66fc0_0;
    %nor/r;
    %flag_set/vec4 9;
    %flag_or 8, 9;
T_7.42;
    %jmp/1 T_7.41, 8;
    %load/vec4 v0000017789a67240_0;
    %nor/r;
    %flag_set/vec4 9;
    %flag_or 8, 9;
T_7.41;
    %jmp/0xz  T_7.39, 8;
    %pushi/vec4 2325512836, 0, 33;
    %concati/vec4 2559197382, 0, 32;
    %concati/vec4 3739542730, 0, 32;
    %concati/vec4 1668574329, 0, 31;
    %store/vec4 v0000017789a63f10_0, 0, 128;
    %fork TD_tb_apb_bridge_unit.fail, S_0000017789a0eeb0;
    %join;
T_7.39 ;
    %load/vec4 v0000017789a674c0_0;
    %nor/r;
    %flag_set/vec4 8;
    %jmp/0xz  T_7.43, 8;
    %pushi/vec4 3469754568, 0, 33;
    %concati/vec4 3940864732, 0, 32;
    %concati/vec4 3460336284, 0, 32;
    %concati/vec4 1094863941, 0, 31;
    %store/vec4 v0000017789a63f10_0, 0, 128;
    %fork TD_tb_apb_bridge_unit.fail, S_0000017789a0eeb0;
    %join;
T_7.43 ;
    %fork TD_tb_apb_bridge_unit.tick, S_0000017789a67ae0;
    %join;
    %load/vec4 v0000017789a67380_0;
    %nor/r;
    %flag_set/vec4 8;
    %jmp/1 T_7.47, 8;
    %load/vec4 v0000017789a66fc0_0;
    %nor/r;
    %flag_set/vec4 9;
    %flag_or 8, 9;
T_7.47;
    %jmp/0xz  T_7.45, 8;
    %pushi/vec4 3637133472, 0, 33;
    %concati/vec4 2760540808, 0, 32;
    %concati/vec4 2990592742, 0, 32;
    %concati/vec4 543977335, 0, 31;
    %store/vec4 v0000017789a63f10_0, 0, 128;
    %fork TD_tb_apb_bridge_unit.fail, S_0000017789a0eeb0;
    %join;
T_7.45 ;
    %wait E_0000017789a084a0;
    %pushi/vec4 1, 0, 1;
    %assign/vec4 v0000017789a66ca0_0, 0;
    %wait E_0000017789a08960;
    %delay 1000, 0;
    %load/vec4 v0000017789a67380_0;
    %flag_set/vec4 8;
    %jmp/1 T_7.50, 8;
    %load/vec4 v0000017789a66fc0_0;
    %flag_set/vec4 9;
    %flag_or 8, 9;
T_7.50;
    %jmp/0xz  T_7.48, 8;
    %pushi/vec4 4007973608, 0, 33;
    %concati/vec4 3393242846, 0, 32;
    %concati/vec4 3672168650, 0, 32;
    %concati/vec4 1953066862, 0, 31;
    %store/vec4 v0000017789a63f10_0, 0, 128;
    %fork TD_tb_apb_bridge_unit.fail, S_0000017789a0eeb0;
    %join;
T_7.48 ;
    %load/vec4 v0000017789a67420_0;
    %flag_set/vec4 8;
    %jmp/1 T_7.53, 8;
    %load/vec4 v0000017789a674c0_0;
    %flag_set/vec4 9;
    %flag_or 8, 9;
T_7.53;
    %jmp/0xz  T_7.51, 8;
    %pushi/vec4 4007973608, 0, 33;
    %concati/vec4 3393242846, 0, 32;
    %concati/vec4 3672168650, 0, 32;
    %concati/vec4 1953066862, 0, 31;
    %store/vec4 v0000017789a63f10_0, 0, 128;
    %fork TD_tb_apb_bridge_unit.fail, S_0000017789a0eeb0;
    %join;
T_7.51 ;
    %load/vec4 v0000017789a66520_0;
    %cmpi/ne 0, 0, 1;
    %jmp/0xz  T_7.54, 6;
    %pushi/vec4 3739932872, 0, 33;
    %concati/vec4 2173277313, 0, 33;
    %concati/vec4 3517289872, 0, 32;
    %concati/vec4 543977335, 0, 30;
    %store/vec4 v0000017789a63f10_0, 0, 128;
    %fork TD_tb_apb_bridge_unit.fail, S_0000017789a0eeb0;
    %join;
T_7.54 ;
    %vpi_call/w 3 145 "$display", "PASS: apb_bridge self-check completed" {0 0 0};
    %vpi_call/w 3 146 "$finish" {0 0 0};
    %end;
    .thread T_7;
# The file index is used to find the file name in the following table.
:file_names 5;
    "N/A";
    "<interactive>";
    "-";
    "c:\Users\Nick\custom_SOC\DO_AN\DO_AN.srcs\sim_1\new\tb_apb_bridge_unit.v";
    "c:\Users\Nick\custom_SOC\DO_AN\DO_AN.srcs\sources_1\new\apb_bridge.v";
