Copyright 1986-2022 Xilinx, Inc. All Rights Reserved. Copyright 2022-2025 Advanced Micro Devices, Inc. All Rights Reserved.
---------------------------------------------------------------------------------------------------------------------------------------------
| Tool Version : Vivado v.2025.2 (win64) Build 6299465 Fri Nov 14 19:35:11 GMT 2025
| Date         : Thu Oct  1 22:02:56 2026
| Host         : MSI running 64-bit major release  (build 9200)
| Command      : report_control_sets -verbose -file soc_top_control_sets_placed.rpt
| Design       : soc_top
| Device       : xc7a200t
---------------------------------------------------------------------------------------------------------------------------------------------

Control Set Information

Table of Contents
-----------------
1. Summary
2. Histogram
3. Flip-Flop Distribution
4. Detailed Control Set Information

1. Summary
----------

+----------------------------------------------------------+-------+
|                          Status                          | Count |
+----------------------------------------------------------+-------+
| Total control sets                                       |    30 |
|    Minimum number of control sets                        |    30 |
|    Addition due to synthesis replication                 |     0 |
|    Addition due to physical synthesis replication        |     0 |
| Unused register locations in slices containing registers |   113 |
+----------------------------------------------------------+-------+
* Control sets can be merged at opt_design using control_set_merge or merge_equivalent_drivers
** Run report_qor_suggestions for automated merging and remapping suggestions


2. Histogram
------------

+--------------------+-------+
|       Fanout       | Count |
+--------------------+-------+
| Total control sets |    30 |
| >= 0 to < 4        |    10 |
| >= 4 to < 6        |     1 |
| >= 6 to < 8        |     1 |
| >= 8 to < 10       |     3 |
| >= 10 to < 12      |     3 |
| >= 12 to < 14      |     1 |
| >= 14 to < 16      |     0 |
| >= 16              |    11 |
+--------------------+-------+
* Control sets can be remapped at either synth_design or opt_design


3. Flip-Flop Distribution
-------------------------

+--------------+-----------------------+------------------------+-----------------+--------------+
| Clock Enable | Synchronous Set/Reset | Asynchronous Set/Reset | Total Registers | Total Slices |
+--------------+-----------------------+------------------------+-----------------+--------------+
| No           | No                    | No                     |              21 |            9 |
| No           | No                    | Yes                    |              16 |           10 |
| No           | Yes                   | No                     |              31 |           16 |
| Yes          | No                    | No                     |              42 |           11 |
| Yes          | No                    | Yes                    |             240 |           73 |
| Yes          | Yes                   | No                     |             225 |           65 |
+--------------+-----------------------+------------------------+-----------------+--------------+


4. Detailed Control Set Information
-----------------------------------

+----------------+--------------------------------------------------------------------+----------------------------------------------------+------------------+----------------+--------------+
|  Clock Signal  |                            Enable Signal                           |                  Set/Reset Signal                  | Slice Load Count | Bel Load Count | Bels / Slice |
+----------------+--------------------------------------------------------------------+----------------------------------------------------+------------------+----------------+--------------+
|  clk_IBUF_BUFG |                                                                    | u_cnn/rst                                          |                1 |              1 |         1.00 |
|  clk_IBUF_BUFG |                                                                    | u_parallel_axi/u_ddr_result_serializer/R0          |                1 |              1 |         1.00 |
|  clk_IBUF_BUFG | u_parallel_axi/u_ddr_result_serializer/ddr_valid_i_1_n_0           | u_parallel_axi/u_ddr_result_serializer/R0          |                1 |              1 |         1.00 |
|  clk_IBUF_BUFG | u_axi_periph/u_i2c/scl_out_i_1_n_0                                 | u_axi_periph/u_i2c/p_0_in                          |                1 |              1 |         1.00 |
|  clk_IBUF_BUFG | u_axi_periph/u_i2c/sda_oe_i_1_n_0                                  | u_axi_periph/u_i2c/p_0_in                          |                1 |              1 |         1.00 |
|  clk_IBUF_BUFG | u_axi_periph/u_i2c/sda_out_i_1_n_0                                 | u_axi_periph/u_i2c/p_0_in                          |                1 |              1 |         1.00 |
|  clk_IBUF_BUFG | u_axi_periph/u_spi/spi_sclk_i_1_n_0                                | u_axi_periph/u_spi/axi_awready_i_1_n_0             |                1 |              1 |         1.00 |
|  clk_IBUF_BUFG |                                                                    | u_parallel_axi/u_distributor/lane_valid[3]_i_2_n_0 |                2 |              3 |         1.50 |
|  clk_IBUF_BUFG |                                                                    | u_axi_periph/u_uart/axi_awready_i_1_n_0            |                2 |              3 |         1.50 |
|  clk_IBUF_BUFG | u_parallel_axi/u_ddr_result_serializer/FSM_onehot_phase[0]_i_1_n_0 | u_parallel_axi/u_ddr_result_serializer/R0          |                1 |              3 |         3.00 |
|  clk_IBUF_BUFG | u_axi_periph/u_uart/tx_shift_reg[0]                                | u_axi_periph/u_uart/axi_awready_i_1_n_0            |                2 |              5 |         2.50 |
|  clk_IBUF_BUFG |                                                                    | u_axi_periph/u_spi/axi_awready_i_1_n_0             |                3 |              6 |         2.00 |
|  clk_IBUF_BUFG | u_axi_periph/u_i2c/clk_cnt[0]                                      | u_axi_periph/u_i2c/p_0_in                          |                3 |              8 |         2.67 |
|  clk_IBUF_BUFG | u_axi_periph/u_spi/clk_div[7]_i_1_n_0                              | u_axi_periph/u_spi/axi_awready_i_1_n_0             |                3 |              8 |         2.67 |
|  clk_IBUF_BUFG | u_axi_periph/u_uart/tx_active                                      | u_axi_periph/u_uart/axi_awready_i_1_n_0            |                3 |              9 |         3.00 |
|  clk_IBUF_BUFG |                                                                    | u_parallel_axi/p_0_in                              |                6 |             10 |         1.67 |
|  clk_IBUF_BUFG | u_axi_periph/u_spi/tx_shifter[7]_i_1_n_0                           | u_axi_periph/u_spi/axi_awready_i_1_n_0             |                3 |             10 |         3.33 |
|  clk_IBUF_BUFG |                                                                    | u_axi_periph/u_i2c/p_0_in                          |                7 |             11 |         1.57 |
|  clk_IBUF_BUFG |                                                                    | u_cpu/trap_i_1_n_0                                 |                4 |             12 |         3.00 |
|  clk_IBUF_BUFG | u_cpu/mem_addr[31]_i_1_n_0                                         |                                                    |                8 |             20 |         2.50 |
|  clk_IBUF_BUFG |                                                                    |                                                    |                9 |             21 |         2.33 |
|  clk_IBUF_BUFG | u_cpu/reg_op1[31]_i_1_n_0                                          |                                                    |                3 |             22 |         7.33 |
|  clk_IBUF_BUFG | u_cpu/cpuregs_reg_r2_0_63_0_2_i_4_n_0                              |                                                    |                8 |             32 |         4.00 |
|  clk_IBUF_BUFG | u_cpu/timer[0]                                                     | u_cpu/trap_i_1_n_0                                 |                9 |             32 |         3.56 |
|  clk_IBUF_BUFG | u_parallel_axi/u_distributor/lane_valid[1]_i_1_n_0                 | u_parallel_axi/u_distributor/lane_valid[3]_i_2_n_0 |               15 |             64 |         4.27 |
|  clk_IBUF_BUFG | u_parallel_axi/u_distributor/lane_valid[3]_i_1_n_0                 | u_parallel_axi/u_distributor/lane_valid[3]_i_2_n_0 |               20 |             64 |         3.20 |
|  clk_IBUF_BUFG | u_parallel_axi/u_distributor/lane_valid[3]                         | u_parallel_axi/p_0_in                              |               18 |             64 |         3.56 |
|  clk_IBUF_BUFG | u_parallel_axi/u_distributor/lane_valid[1]                         | u_parallel_axi/p_0_in                              |               14 |             64 |         4.57 |
|  clk_IBUF_BUFG | u_parallel_axi/u_ddr_result_serializer/rise_word[31]_i_1_n_0       | u_parallel_axi/u_ddr_result_serializer/R0          |               18 |             64 |         3.56 |
|  clk_IBUF_BUFG | u_cpu/latched_is_lu                                                | u_cpu/trap_i_1_n_0                                 |               24 |             65 |         2.71 |
+----------------+--------------------------------------------------------------------+----------------------------------------------------+------------------+----------------+--------------+


